Archive member included because of file (symbol)

d:/armtools/bin/../lib/gcc/arm-none-eabi/4.8.3/../../../../arm-none-eabi/lib/armv7-m\libm.a(lib_a-s_round.o)
                              ..\obj\random.o (round)
d:/armtools/bin/../lib/gcc/arm-none-eabi/4.8.3/armv7-m\libgcc.a(_arm_addsubdf3.o)
                              d:/armtools/bin/../lib/gcc/arm-none-eabi/4.8.3/../../../../arm-none-eabi/lib/armv7-m\libm.a(lib_a-s_round.o) (__aeabi_dadd)
d:/armtools/bin/../lib/gcc/arm-none-eabi/4.8.3/armv7-m\libgcc.a(_arm_fixunsdfsi.o)
                              ..\obj\random.o (__aeabi_d2uiz)
d:/armtools/bin/../lib/gcc/arm-none-eabi/4.8.3/armv7-m\libgcc.a(_arm_addsubsf3.o)
                              ..\obj\random.o (__aeabi_ui2f)
d:/armtools/bin/../lib/gcc/arm-none-eabi/4.8.3/armv7-m\libgcc.a(_arm_muldivsf3.o)
                              ..\obj\random.o (__aeabi_fmul)
d:/armtools/bin/../lib/gcc/arm-none-eabi/4.8.3/../../../../arm-none-eabi/lib/armv7-m\libg.a(lib_a-memchr-stub.o)
                              ..\obj\slots.o (memchr)
d:/armtools/bin/../lib/gcc/arm-none-eabi/4.8.3/../../../../arm-none-eabi/lib/armv7-m\libg.a(lib_a-memcpy.o)
                              ..\obj\bluetooth.o (memcpy)
d:/armtools/bin/../lib/gcc/arm-none-eabi/4.8.3/../../../../arm-none-eabi/lib/armv7-m\libg.a(lib_a-memmem.o)
                              ..\obj\main.o (memmem)
d:/armtools/bin/../lib/gcc/arm-none-eabi/4.8.3/../../../../arm-none-eabi/lib/armv7-m\libg.a(lib_a-memmove.o)
                              ..\obj\slots.o (memmove)
d:/armtools/bin/../lib/gcc/arm-none-eabi/4.8.3/../../../../arm-none-eabi/lib/armv7-m\libg.a(lib_a-memset.o)
                              ..\obj\tasks.o (memset)
d:/armtools/bin/../lib/gcc/arm-none-eabi/4.8.3/../../../../arm-none-eabi/lib/armv7-m\libg.a(lib_a-strlen.o)
                              ..\obj\main.o (strlen)
d:/armtools/bin/../lib/gcc/arm-none-eabi/4.8.3/../../../../arm-none-eabi/lib/armv7-m\libg.a(lib_a-strncpy.o)
                              ..\obj\tasks.o (strncpy)
d:/armtools/bin/../lib/gcc/arm-none-eabi/4.8.3/../../../../arm-none-eabi/lib/armv7-m\libg.a(lib_a-memcmp.o)
                              d:/armtools/bin/../lib/gcc/arm-none-eabi/4.8.3/../../../../arm-none-eabi/lib/armv7-m\libg.a(lib_a-memmem.o) (memcmp)

Allocating common symbols
Common symbol       size              file

bt_configured       0x1               ..\obj\global_variables.o
SDIO_CmdInitStructure
                    0x14              ..\obj\sdio_sd.o
Zone4RxEvent        0x1               ..\obj\global_variables.o
timer7              0xa               ..\obj\global_variables.o
xKeysSemaphore      0x4               ..\obj\global_variables.o
Zone1RxEvent        0x1               ..\obj\global_variables.o
safe_counter        0x1               ..\obj\global_variables.o
writeBuffer         0x40              ..\obj\main.o
bt_rx_packet        0x3               ..\obj\bluetooth.o
xWavPlayerManagerSemaphore
                    0x4               ..\obj\global_variables.o
xUsart1Semaphore    0x4               ..\obj\global_variables.o
fs                  0x230             ..\obj\main.o
timer2              0xa               ..\obj\global_variables.o
tim3_rec_state      0x1               ..\obj\global_variables.o
sett_page           0x10              ..\obj\menu.o
Zone2RxEvent        0x1               ..\obj\global_variables.o
xHitSemaphore       0x4               ..\obj\global_variables.o
hit_in_processing   0x8               ..\obj\bluetooth.o
xSoundBuffTCSemaphore
                    0x4               ..\obj\global_variables.o
new_ir_power_offset_value
                    0x2               ..\obj\menu.o
armadaSystem        0x17c             ..\obj\global_variables.o
new_ir_power_value  0x2               ..\obj\menu.o
xZone4Semaphore     0x4               ..\obj\global_variables.o
read_sektor_res     0x1               ..\obj\main.o
DestBuffer          0x4               ..\obj\sdio_sd.o
ir_tx_buffer_cursor
                    0x6               ..\obj\global_variables.o
lcd8544_buff        0x1f8             ..\obj\f10x-pcd8544.o
tim4_ir_rx_count    0x2               ..\obj\global_variables.o
br                  0x4               ..\obj\main.o
readBuffer          0x100             ..\obj\main.o
zone3_rx_buffer     0x28              ..\obj\global_variables.o
xEventQueue         0x4               ..\obj\global_variables.o
request_text        0x10              ..\obj\global_variables.o
xWavPlayerSemaphore
                    0x4               ..\obj\global_variables.o
xSoundBuffHTSemaphore
                    0x4               ..\obj\global_variables.o
new_year_value      0x2               ..\obj\menu.o
countdown_shock_time
                    0x1               ..\obj\global_variables.o
SDCardInfo          0x50              ..\obj\sdio_sd.o
SDIO_InitStructure  0x18              ..\obj\sdio_sd.o
xZone1Semaphore     0x4               ..\obj\global_variables.o
rx_buffer           0x28              ..\obj\global_variables.o
[...]
Memory Configuration

Name             Origin             Length             Attributes
rom              0x08000000         0x00080000         xr
ram              0x20000000         0x00010000         xrw
*default*        0x00000000         0xffffffff

Linker script and memory map

                0x20010000                _eram = 0x20010000

.text           0x08000000    0x12ed0
 *(.isr_vector)
 .isr_vector    0x08000000      0x134 ..\obj\startup_stm32f10x_hd.o
                0x08000000                g_pfnVectors
 *(.text*)
 .text.set_bt_buffer_bit
                0x08000134       0x88 ..\obj\bluetooth.o
                0x08000134                set_bt_buffer_bit
 .text.parsing_bt_data
                0x080001bc      0x21c ..\obj\bluetooth.o
                0x080001bc                parsing_bt_data
 .text.get_bt_buffer_bit
                0x080003d8       0x54 ..\obj\bluetooth.o
                0x080003d8                get_bt_buffer_bit
 .text.test_bt_data
                0x0800042c      0x760 ..\obj\bluetooth.o
                0x0800042c                test_bt_data
 .text.get_bt_packet_value
                0x08000b8c       0x6c ..\obj\bluetooth.o
                0x08000b8c                get_bt_packet_value
 .text.get_bt_message_value
                0x08000bf8       0xcc ..\obj\bluetooth.o
                0x08000bf8                get_bt_message_value
 .text.RTC_EnterConfigMode
                0x08000cc4       0x20 ..\obj\stm32f10x_rtc.o
                0x08000cc4                RTC_EnterConfigMode
 .text.RTC_ExitConfigMode
                0x08000ce4       0x20 ..\obj\stm32f10x_rtc.o
                0x08000ce4                RTC_ExitConfigMode
 .text.RTC_GetCounter
                0x08000d04       0x2c ..\obj\stm32f10x_rtc.o
                0x08000d04                RTC_GetCounter
 .text.RTC_SetCounter
                0x08000d30       0x2c ..\obj\stm32f10x_rtc.o
                0x08000d30                RTC_SetCounter
 .text.RTC_WaitForLastTask
                0x08000d5c       0x20 ..\obj\stm32f10x_rtc.o
                0x08000d5c                RTC_WaitForLastTask
 .text.RTC_GetITStatus
                0x08000d7c       0x50 ..\obj\stm32f10x_rtc.o
                0x08000d7c                RTC_GetITStatus
 .text.RTC_ClearITPendingBit
                0x08000dcc       0x2c ..\obj\stm32f10x_rtc.o
                0x08000dcc                RTC_ClearITPendingBit
 .text.TIM_DeInit
                0x08000df8      0x22c ..\obj\stm32f10x_tim.o
                0x08000df8                TIM_DeInit
 .text.TIM_TimeBaseInit
                0x08001024       0xf8 ..\obj\stm32f10x_tim.o
                0x08001024                TIM_TimeBaseInit
 .text.TIM_OC1Init
                0x0800111c      0x118 ..\obj\stm32f10x_tim.o
                0x0800111c                TIM_OC1Init
 .text.TIM_OC3Init
                0x08001234      0x10c ..\obj\stm32f10x_tim.o
                0x08001234                TIM_OC3Init
 .text.TIM_PWMIConfig
                0x08001340       0xb8 ..\obj\stm32f10x_tim.o
                0x08001340                TIM_PWMIConfig
 .text.TIM_BDTRConfig
                0x080013f8       0x50 ..\obj\stm32f10x_tim.o
                0x080013f8                TIM_BDTRConfig
 .text.TIM_TimeBaseStructInit
                0x08001448       0x34 ..\obj\stm32f10x_tim.o
                0x08001448                TIM_TimeBaseStructInit
 .text.TIM_OCStructInit
                0x0800147c       0x44 ..\obj\stm32f10x_tim.o
                0x0800147c                TIM_OCStructInit
 .text.TIM_BDTRStructInit
                0x080014c0       0x3c ..\obj\stm32f10x_tim.o
                0x080014c0                TIM_BDTRStructInit
 .text.TIM_Cmd  0x080014fc       0x40 ..\obj\stm32f10x_tim.o
                0x080014fc                TIM_Cmd
 .text.TIM_ITConfig
                0x0800153c       0x48 ..\obj\stm32f10x_tim.o
                0x0800153c                TIM_ITConfig
 .text.TIM_DMACmd
                0x08001584       0x48 ..\obj\stm32f10x_tim.o
                0x08001584                TIM_DMACmd
 .text.TIM_SelectInputTrigger
                0x080015cc       0x38 ..\obj\stm32f10x_tim.o
                0x080015cc                TIM_SelectInputTrigger
 .text.TIM_SelectOutputTrigger
                0x08001604       0x38 ..\obj\stm32f10x_tim.o
                0x08001604                TIM_SelectOutputTrigger
 .text.TIM_SelectSlaveMode
                0x0800163c       0x38 ..\obj\stm32f10x_tim.o
                0x0800163c                TIM_SelectSlaveMode
 .text.TIM_SelectMasterSlaveMode
                0x08001674       0x38 ..\obj\stm32f10x_tim.o
                0x08001674                TIM_SelectMasterSlaveMode
 .text.TIM_SetIC1Prescaler
                0x080016ac       0x38 ..\obj\stm32f10x_tim.o
                0x080016ac                TIM_SetIC1Prescaler
 .text.TIM_SetIC2Prescaler
                0x080016e4       0x3c ..\obj\stm32f10x_tim.o
                0x080016e4                TIM_SetIC2Prescaler
 .text.TIM_GetCapture1
                0x08001720       0x1c ..\obj\stm32f10x_tim.o
                0x08001720                TIM_GetCapture1
 .text.TIM_GetCapture2
                0x0800173c       0x1c ..\obj\stm32f10x_tim.o
                0x0800173c                TIM_GetCapture2
 .text.TIM_GetFlagStatus
                0x08001758       0x38 ..\obj\stm32f10x_tim.o
                0x08001758                TIM_GetFlagStatus
 .text.TIM_ClearFlag
                0x08001790       0x20 ..\obj\stm32f10x_tim.o
                0x08001790                TIM_ClearFlag
 .text.TIM_GetITStatus
                0x080017b0       0x54 ..\obj\stm32f10x_tim.o
                0x080017b0                TIM_GetITStatus
 .text.TIM_ClearITPendingBit
                0x08001804       0x20 ..\obj\stm32f10x_tim.o
                0x08001804                TIM_ClearITPendingBit
 .text.TI1_Config
                0x08001824       0xd4 ..\obj\stm32f10x_tim.o
 .text.TI2_Config
                0x080018f8       0xe8 ..\obj\stm32f10x_tim.o
 .text.bluetooth_module_on_connected
                0x080019e0       0x48 ..\obj\bluetooth_modul.o
                0x080019e0                bluetooth_module_on_connected
 .text.bluetooth_module_on_disconnected
                0x08001a28       0x40 ..\obj\bluetooth_modul.o
                0x08001a28                bluetooth_module_on_disconnected
 .text.SD_LowLevel_Init
                0x08001a68       0x68 ..\obj\sdio_sd.o
                0x08001a68                SD_LowLevel_Init
 .text.SD_DMAEndOfTransferStatus
                0x08001ad0       0x14 ..\obj\sdio_sd.o
                0x08001ad0                SD_DMAEndOfTransferStatus
 .text.SD_LowLevel_DMA_RxConfig
                0x08001ae4       0x74 ..\obj\sdio_sd.o
                0x08001ae4                SD_LowLevel_DMA_RxConfig
 .text.SD_LowLevel_DMA_TxConfig
                0x08001b58       0x74 ..\obj\sdio_sd.o
                0x08001b58                SD_LowLevel_DMA_TxConfig
 .text.SD_Init  0x08001bcc       0xbc ..\obj\sdio_sd.o
                0x08001bcc                SD_Init
 .text.SD_PowerON
                0x08001c88      0x214 ..\obj\sdio_sd.o
                0x08001c88                SD_PowerON
 .text.SD_InitializeCards
                0x08001e9c      0x18c ..\obj\sdio_sd.o
                0x08001e9c                SD_InitializeCards
 .text.SD_GetCardInfo
                0x08002028      0x564 ..\obj\sdio_sd.o
                0x08002028                SD_GetCardInfo
 .text.SD_EnableWideBusOperation
                0x0800258c       0xd8 ..\obj\sdio_sd.o
                0x0800258c                SD_EnableWideBusOperation
 .text.SD_SetDeviceMode
                0x08002664       0x3c ..\obj\sdio_sd.o
                0x08002664                SD_SetDeviceMode
 .text.SD_SelectDeselect
                0x080026a0       0x4c ..\obj\sdio_sd.o
                0x080026a0                SD_SelectDeselect
 .text.SD_ReadBlock
                0x080026ec      0x330 ..\obj\sdio_sd.o
                0x080026ec                SD_ReadBlock
 .text.SD_ReadMultiBlocks
                0x08002a1c      0x3cc ..\obj\sdio_sd.o
                0x08002a1c                SD_ReadMultiBlocks
 .text.SD_WriteBlock
                0x08002de8      0x4b0 ..\obj\sdio_sd.o
                0x08002de8                SD_WriteBlock
 .text.SD_WriteMultiBlocks
                0x08003298      0x590 ..\obj\sdio_sd.o
                0x08003298                SD_WriteMultiBlocks
 .text.CmdError
                0x08003828       0x4c ..\obj\sdio_sd.o
 .text.CmdResp7Error
                0x08003874       0x78 ..\obj\sdio_sd.o
 .text.CmdResp1Error
                0x080038ec      0x1a0 ..\obj\sdio_sd.o
 .text.CmdResp3Error
                0x08003a8c       0x50 ..\obj\sdio_sd.o
 .text.CmdResp2Error
                0x08003adc       0x68 ..\obj\sdio_sd.o
 .text.CmdResp6Error
                0x08003b44       0xcc ..\obj\sdio_sd.o
 .text.SDEnWideBus
                0x08003c10      0x180 ..\obj\sdio_sd.o
 .text.IsCardProgramming
                0x08003d90      0x1ec ..\obj\sdio_sd.o
 .text.FindSCR  0x08003f7c      0x208 ..\obj\sdio_sd.o
 .text.convert_from_bytes_to_power_of_two
                0x08004184       0x30 ..\obj\sdio_sd.o
 .text.SystemInit
                0x080041b4       0x68 ..\obj\system_stm32f10x.o
                0x080041b4                SystemInit
 .text.SetSysClock
                0x0800421c        0xc ..\obj\system_stm32f10x.o
 .text.SetSysClockTo24
                0x08004228       0xf8 ..\obj\system_stm32f10x.o
 .text.Default_Reset_Handler
                0x08004320       0x60 ..\obj\startup_stm32f10x_hd.o
                0x08004320                Default_Reset_Handler
                0x08004320                Reset_Handler
 .text.Default_Handler
                0x08004380        0x8 ..\obj\startup_stm32f10x_hd.o
                0x08004380                EXTI2_IRQHandler
                0x08004380                TIM8_TRG_COM_IRQHandler
                0x08004380                DebugMon_Handler
                0x08004380                TIM1_CC_IRQHandler
                0x08004380                HardFault_Handler
                0x08004380                TIM6_IRQHandler
                0x08004380                SysTick_Handler
                0x08004380                PVD_IRQHandler
                0x08004380                SDIO_IRQHandler
                0x08004380                PendSV_Handler
                0x08004380                NMI_Handler
                0x08004380                EXTI3_IRQHandler
                0x08004380                EXTI0_IRQHandler
                0x08004380                I2C2_EV_IRQHandler
                0x08004380                UsageFault_Handler
                0x08004380                SPI1_IRQHandler
                0x08004380                TAMPER_IRQHandler
                0x08004380                DMA2_Channel2_IRQHandler
                0x08004380                DMA1_Channel4_IRQHandler
                0x08004380                USART3_IRQHandler
                0x08004380                DMA1_Channel7_IRQHandler
                0x08004380                CAN1_RX1_IRQHandler
                0x08004380                UART5_IRQHandler
                0x08004380                ADC3_IRQHandler
                0x08004380                DMA2_Channel1_IRQHandler
                0x08004380                I2C1_EV_IRQHandler
                0x08004380                DMA1_Channel6_IRQHandler
                0x08004380                UART4_IRQHandler
                0x08004380                RCC_IRQHandler
                0x08004380                TIM1_TRG_COM_IRQHandler
                0x08004380                DMA1_Channel1_IRQHandler
                0x08004380                EXTI15_10_IRQHandler
                0x08004380                SPI2_IRQHandler
                0x08004380                MemManage_Handler
                0x08004380                SVC_Handler
                0x08004380                EXTI4_IRQHandler
                0x08004380                USB_LP_CAN1_RX0_IRQHandler
                0x08004380                USB_HP_CAN1_TX_IRQHandler
                0x08004380                DMA1_Channel3_IRQHandler
                0x08004380                FSMC_IRQHandler
                0x08004380                TIM1_UP_IRQHandler
                0x08004380                WWDG_IRQHandler
                0x08004380                TIM1_BRK_IRQHandler
                0x08004380                EXTI1_IRQHandler
                0x08004380                RTCAlarm_IRQHandler
                0x08004380                DMA2_Channel4_5_IRQHandler
                0x08004380                I2C2_ER_IRQHandler
                0x08004380                DMA1_Channel2_IRQHandler
                0x08004380                TIM8_BRK_IRQHandler
                0x08004380                CAN1_SCE_IRQHandler
                0x08004380                FLASH_IRQHandler
                0x08004380                BusFault_Handler
                0x08004380                SPI3_IRQHandler
                0x08004380                I2C1_ER_IRQHandler
                0x08004380                USBWakeUp_IRQHandler
 .text.get_uid  0x08004388       0x44 ..\obj\chipher.o
                0x08004388                get_uid
 .text.NVIC_EnableIRQ
                0x080043cc       0x30 ..\obj\f10x-pcd8544.o
 .text.init_spi3
                0x080043fc       0x90 ..\obj\f10x-pcd8544.o
                0x080043fc                init_spi3
 .text.SPI3Send
                0x0800448c       0x30 ..\obj\f10x-pcd8544.o
                0x0800448c                SPI3Send
 .text.init_dma_to_spi3
                0x080044bc       0x70 ..\obj\f10x-pcd8544.o
                0x080044bc                init_dma_to_spi3
 .text.lcd8544_senddata
                0x0800452c       0x1c ..\obj\f10x-pcd8544.o
                0x0800452c                lcd8544_senddata
 .text.lcd8544_dma_refresh
                0x08004548       0x88 ..\obj\f10x-pcd8544.o
                0x08004548                lcd8544_dma_refresh
 .text.lcd8544_init
                0x080045d0       0xc0 ..\obj\f10x-pcd8544.o
                0x080045d0                lcd8544_init
 .text.lcd8544_putpix
                0x08004690       0x8c ..\obj\f10x-pcd8544.o
                0x08004690                lcd8544_putpix
 .text.lcd8544_line
                0x0800471c      0x15c ..\obj\f10x-pcd8544.o
                0x0800471c                lcd8544_line
 .text.lcd8544_rect
                0x08004878       0x54 ..\obj\f10x-pcd8544.o
                0x08004878                lcd8544_rect
 .text.lcd8544_putchar
                0x080048cc      0x128 ..\obj\f10x-pcd8544.o
                0x080048cc                lcd8544_putchar
 .text.lcd8544_leftchline
                0x080049f4       0x3c ..\obj\f10x-pcd8544.o
                0x080049f4                lcd8544_leftchline
 .text.lcd8544_putstr
                0x08004a30       0x50 ..\obj\f10x-pcd8544.o
                0x08004a30                lcd8544_putstr
 .text.drawFastVLine
                0x08004a80       0x38 ..\obj\f10x-pcd8544.o
                0x08004a80                drawFastVLine
 .text.drawFastHLine
                0x08004ab8       0x38 ..\obj\f10x-pcd8544.o
                0x08004ab8                drawFastHLine
 .text.drawBitmap
                0x08004af0       0x90 ..\obj\f10x-pcd8544.o
                0x08004af0                drawBitmap
 .text.fillRect
                0x08004b80       0x44 ..\obj\f10x-pcd8544.o
                0x08004b80                fillRect
 .text.drawDigit
                0x08004bc4       0xa4 ..\obj\f10x-pcd8544.o
                0x08004bc4                drawDigit
 .text.drawSmallDigit
                0x08004c68       0x98 ..\obj\f10x-pcd8544.o
                0x08004c68                drawSmallDigit
 .text.lcd_rounds_update
                0x08004d00      0x2d0 ..\obj\f10x-pcd8544.o
                0x08004d00                lcd_rounds_update
 .text.lcd_clips_update
                0x08004fd0      0x1ec ..\obj\f10x-pcd8544.o
                0x08004fd0                lcd_clips_update
 .text.lcd_battary_voltage_update
                0x080051bc      0x168 ..\obj\f10x-pcd8544.o
                0x080051bc                lcd_battary_voltage_update
 .text.lcd_fire_mode_update
                0x08005324       0x9c ..\obj\f10x-pcd8544.o
                0x08005324                lcd_fire_mode_update
 .text.lcd_health_update
                0x080053c0      0x210 ..\obj\f10x-pcd8544.o
                0x080053c0                lcd_health_update
 .text.disk_initialize
                0x080055d0       0x40 ..\obj\diskio.o
                0x080055d0                disk_initialize
 .text.disk_status
                0x08005610       0x34 ..\obj\diskio.o
                0x08005610                disk_status
 .text.disk_read
                0x08005644       0x7c ..\obj\diskio.o
                0x08005644                disk_read
 .text.disk_write
                0x080056c0       0x74 ..\obj\diskio.o
                0x080056c0                disk_write
 .text.disk_ioctl
                0x08005734       0x9c ..\obj\diskio.o
                0x08005734                disk_ioctl
 .text.get_fattime
                0x080057d0       0x10 ..\obj\diskio.o
                0x080057d0                get_fattime
 .text.GPIO_Init
                0x080057e0      0x178 ..\obj\stm32f10x_gpio.o
                0x080057e0                GPIO_Init
 .text.GPIO_StructInit
                0x08005958       0x28 ..\obj\stm32f10x_gpio.o
                0x08005958                GPIO_StructInit
 .text.GPIO_ReadInputDataBit
                0x08005980       0x34 ..\obj\stm32f10x_gpio.o
                0x08005980                GPIO_ReadInputDataBit
 .text.GPIO_ReadOutputDataBit
                0x080059b4       0x34 ..\obj\stm32f10x_gpio.o
                0x080059b4                GPIO_ReadOutputDataBit
 .text.GPIO_SetBits
                0x080059e8       0x1c ..\obj\stm32f10x_gpio.o
                0x080059e8                GPIO_SetBits
 .text.GPIO_ResetBits
                0x08005a04       0x1c ..\obj\stm32f10x_gpio.o
                0x08005a04                GPIO_ResetBits
 .text.GPIO_PinRemapConfig
                0x08005a20       0xe0 ..\obj\stm32f10x_gpio.o
                0x08005a20                GPIO_PinRemapConfig
 .text.GPIO_EXTILineConfig
                0x08005b00       0x7c ..\obj\stm32f10x_gpio.o
                0x08005b00                GPIO_EXTILineConfig
 .text.DAC_Init
                0x08005b7c       0x64 ..\obj\stm32f10x_dac.o
                0x08005b7c                DAC_Init
 .text.DAC_Cmd  0x08005be0       0x48 ..\obj\stm32f10x_dac.o
                0x08005be0                DAC_Cmd
 .text.NVIC_EnableIRQ
                0x08005c28       0x30 ..\obj\main.o
 .text.NVIC_SetPriority
                0x08005c58       0x54 ..\obj\main.o
 .text.main     0x08005cac      0x534 ..\obj\main.o
                0x08005cac                main
 .text.BluetoothTask
                0x080061e0      0x200 ..\obj\main.o
                0x080061e0                BluetoothTask
 .text.Zone1task
                0x080063e0       0x6c ..\obj\main.o
                0x080063e0                Zone1task
 .text.Zone2task
                0x0800644c       0x6c ..\obj\main.o
                0x0800644c                Zone2task
 .text.Zone3task
                0x080064b8       0x6c ..\obj\main.o
                0x080064b8                Zone3task
 .text.Zone4task
                0x08006524       0x6c ..\obj\main.o
                0x08006524                Zone4task
 .text.vTaskLED1
                0x08006590      0x1e8 ..\obj\main.o
                0x08006590                vTaskLED1
 .text.vTaskLED2
                0x08006778      0x118 ..\obj\main.o
                0x08006778                vTaskLED2
 .text.Wav_Player_Manager
                0x08006890      0x174 ..\obj\main.o
                0x08006890                Wav_Player_Manager
 .text.Wav_Player
                0x08006a04      0x174 ..\obj\main.o
                0x08006a04                Wav_Player
 .text.init_dma
                0x08006b78       0xf8 ..\obj\main.o
                0x08006b78                init_dma
 .text.init_dma_to_spi2
                0x08006c70       0x84 ..\obj\main.o
                0x08006c70                init_dma_to_spi2
 .text.startSPI2
                0x08006cf4       0x2c ..\obj\main.o
                0x08006cf4                startSPI2
 .text.DMA1_Channel5_IRQHandler
                0x08006d20       0x48 ..\obj\main.o
                0x08006d20                DMA1_Channel5_IRQHandler
 .text.DMA2_Channel3_IRQHandler
                0x08006d68       0x64 ..\obj\main.o
                0x08006d68                DMA2_Channel3_IRQHandler
 .text.wave_playback
                0x08006dcc      0x46c ..\obj\main.o
                0x08006dcc                wave_playback
 .text.get_zone_buffer_bit
                0x08007238       0xf4 ..\obj\main.o
                0x08007238                get_zone_buffer_bit
 .text.set_zone_buffer_bit
                0x0800732c      0x1bc ..\obj\main.o
                0x0800732c                set_zone_buffer_bit
 .text.init_var
                0x080074e8      0x1ac ..\obj\main.o
                0x080074e8                init_var
 .text.set_player_id
                0x08007694       0x30 ..\obj\main.o
                0x08007694                set_player_id
 .text.set_team_color
                0x080076c4       0x40 ..\obj\main.o
                0x080076c4                set_team_color
 .text.set_gun_damage
                0x08007704       0x40 ..\obj\main.o
                0x08007704                set_gun_damage
 .text.get_keyboard_status
                0x08007744       0x2c ..\obj\main.o
                0x08007744                get_keyboard_status
 .text.test_keyboard
                0x08007770       0xb0 ..\obj\main.o
                0x08007770                test_keyboard
 .text.get_reload_key_status
                0x08007820       0x2c ..\obj\main.o
                0x08007820                get_reload_key_status
 .text.test_reload_key
                0x0800784c       0xb0 ..\obj\main.o
                0x0800784c                test_reload_key
 .text.get_ir_message_from_buffer
                0x080078fc      0x124 ..\obj\main.o
                0x080078fc                get_ir_message_from_buffer
 .text.get_packet_value
                0x08007a20      0x180 ..\obj\main.o
                0x08007a20                get_packet_value
 .text.stopWavPlayer
                0x08007ba0       0x44 ..\obj\main.o
                0x08007ba0                stopWavPlayer
 .text.bt_hit_processing
                0x08007be4       0xfc ..\obj\main.o
                0x08007be4                bt_hit_processing
 .text.hit_processing
                0x08007ce0      0x178 ..\obj\main.o
                0x08007ce0                hit_processing
 .text.message_processing
                0x08007e58      0x238 ..\obj\main.o
                0x08007e58                message_processing
 .text.get_settings_from_ini_file
                0x08008090       0x58 ..\obj\main.o
                0x08008090                get_settings_from_ini_file
 .text.parsing_string
                0x080080e8      0x274 ..\obj\main.o
                0x080080e8                parsing_string
 .text.get_parameter_index
                0x0800835c       0x64 ..\obj\main.o
                0x0800835c                get_parameter_index
 .text.save_parameters_to_sd_card
                0x080083c0       0xac ..\obj\main.o
                0x080083c0                save_parameters_to_sd_card
 .text.read_parameters_from_sd_card
                0x0800846c       0x68 ..\obj\main.o
                0x0800846c                read_parameters_from_sd_card
 .text.send_set_at_command
                0x080084d4       0xa4 ..\obj\main.o
                0x080084d4                send_set_at_command
 .text.send_test_at_command
                0x08008578       0x8c ..\obj\main.o
                0x08008578                send_test_at_command
 .text.configure_bluetooth
                0x08008604      0x528 ..\obj\main.o
                0x08008604                configure_bluetooth
 .text.bt_set_at_commands_mode
                0x08008b2c       0x30 ..\obj\main.o
                0x08008b2c                bt_set_at_commands_mode
 .text.bt_reset
                0x08008b5c       0x28 ..\obj\main.o
                0x08008b5c                bt_reset
 .text.ADC1_2_IRQHandler
                0x08008b84       0x3c ..\obj\main.o
                0x08008b84                ADC1_2_IRQHandler
 .text.full_screen
                0x08008bc0       0x38 ..\obj\main.o
                0x08008bc0                full_screen
 .text.clear_screen
                0x08008bf8        0xc ..\obj\main.o
                0x08008bf8                clear_screen
 .text.EXTI9_5_IRQHandler
                0x08008c04       0x34 ..\obj\main.o
                0x08008c04                EXTI9_5_IRQHandler
 .text.test_fire_mode_switch
                0x08008c38       0x3c ..\obj\main.o
                0x08008c38                test_fire_mode_switch
 .text.RTC_IRQHandler
                0x08008c74       0x1c ..\obj\main.o
                0x08008c74                RTC_IRQHandler
 .text.FtimeToCounter
                0x08008c90      0x120 ..\obj\main.o
                0x08008c90                FtimeToCounter
 .text.CounterToFtime
                0x08008db0      0x19c ..\obj\main.o
                0x08008db0                CounterToFtime
 .text.bandana_all_sensors_set_color_vibro
                0x08008f4c       0x5c ..\obj\bandana.o
                0x08008f4c                bandana_all_sensors_set_color_vibro
 .text.RCC_ADCCLKConfig
                0x08008fa8       0x38 ..\obj\stm32f10x_rcc.o
                0x08008fa8                RCC_ADCCLKConfig
 .text.RCC_GetClocksFreq
                0x08008fe0      0x164 ..\obj\stm32f10x_rcc.o
                0x08008fe0                RCC_GetClocksFreq
 .text.RCC_AHBPeriphClockCmd
                0x08009144       0x3c ..\obj\stm32f10x_rcc.o
                0x08009144                RCC_AHBPeriphClockCmd
 .text.RCC_APB2PeriphClockCmd
                0x08009180       0x3c ..\obj\stm32f10x_rcc.o
                0x08009180                RCC_APB2PeriphClockCmd
 .text.RCC_APB1PeriphClockCmd
                0x080091bc       0x3c ..\obj\stm32f10x_rcc.o
                0x080091bc                RCC_APB1PeriphClockCmd
 .text.RCC_APB2PeriphResetCmd
                0x080091f8       0x3c ..\obj\stm32f10x_rcc.o
                0x080091f8                RCC_APB2PeriphResetCmd
 .text.RCC_APB1PeriphResetCmd
                0x08009234       0x3c ..\obj\stm32f10x_rcc.o
                0x08009234                RCC_APB1PeriphResetCmd
 .text.display_clear_screen
                0x08009270       0x1c ..\obj\display.o
                0x08009270                display_clear_screen
 .text.display_init
                0x0800928c        0xc ..\obj\display.o
                0x0800928c                display_init
 .text.display_put_string
                0x08009298       0x38 ..\obj\display.o
                0x08009298                display_put_string
 .text.display_show_logo
                0x080092d0       0x98 ..\obj\display.o
                0x080092d0                display_show_logo
 .text.display_show_guns_picture
                0x08009368       0x40 ..\obj\display.o
                0x08009368                display_show_guns_picture
 .text.display_show_chiter_picter
                0x080093a8       0xa0 ..\obj\display.o
                0x080093a8                display_show_chiter_picter
 .text.display_show_bluetooth_icon
                0x08009448       0x24 ..\obj\display.o
                0x08009448                display_show_bluetooth_icon
 .text.display_hide_bluetooth_icon
                0x0800946c       0x2c ..\obj\display.o
                0x0800946c                display_hide_bluetooth_icon
 .text.display_update_bluetooth_status
                0x08009498       0x24 ..\obj\display.o
                0x08009498                display_update_bluetooth_status
 .text.display_standard_symbol_height
                0x080094bc       0x10 ..\obj\display.o
                0x080094bc                display_standard_symbol_height
 .text.display_standard_symbol_width
                0x080094cc       0x10 ..\obj\display.o
                0x080094cc                display_standard_symbol_width
 .text.display_vertical_screen_resolution
                0x080094dc       0x10 ..\obj\display.o
                0x080094dc                display_vertical_screen_resolution
 .text.display_show_heart_picture
                0x080094ec       0x5c ..\obj\display.o
                0x080094ec                display_show_heart_picture
 .text.display_update_health
                0x08009548        0xc ..\obj\display.o
                0x08009548                display_update_health
 .text.display_update_rounds
                0x08009554        0xc ..\obj\display.o
                0x08009554                display_update_rounds
 .text.display_update_clips
                0x08009560        0xc ..\obj\display.o
                0x08009560                display_update_clips
 .text.display_update_battary_voltage
                0x0800956c       0x64 ..\obj\display.o
                0x0800956c                display_update_battary_voltage
 .text.display_init_gui
                0x080095d0       0xd8 ..\obj\display.o
                0x080095d0                display_init_gui
 .text.display_update_fire_mode_status
                0x080096a8       0x18 ..\obj\display.o
                0x080096a8                display_update_fire_mode_status
 .text.display_backlight_off
                0x080096c0       0x14 ..\obj\display.o
                0x080096c0                display_backlight_off
 .text.display_backlight_on
                0x080096d4       0x14 ..\obj\display.o
                0x080096d4                display_backlight_on
 .text.display_show_game_over_picture
                0x080096e8       0x44 ..\obj\display.o
                0x080096e8                display_show_game_over_picture
 .text.get_int_argument_value
                0x0800972c       0xb8 ..\obj\slots.o
                0x0800972c                get_int_argument_value
 .text.get_word_argument_value
                0x080097e4       0xb8 ..\obj\slots.o
                0x080097e4                get_word_argument_value
 .text.get_double_word_argument_value
                0x0800989c       0xb0 ..\obj\slots.o
                0x0800989c                get_double_word_argument_value
 .text.char_to_int
                0x0800994c       0x78 ..\obj\slots.o
                0x0800994c                char_to_int
 .text.trim     0x080099c4       0xd0 ..\obj\slots.o
                0x080099c4                trim
 .text.trim_mac_adress
                0x08009a94       0x5c ..\obj\slots.o
                0x08009a94                trim_mac_adress
 .text.convert_mac_adress
                0x08009af0       0x50 ..\obj\slots.o
                0x08009af0                convert_mac_adress
 .text.get_string_argument_value
                0x08009b40       0x48 ..\obj\slots.o
                0x08009b40                get_string_argument_value
 .text.EXTI_Init
                0x08009b88       0xdc ..\obj\stm32f10x_exti.o
                0x08009b88                EXTI_Init
 .text.EXTI_ClearFlag
                0x08009c64       0x1c ..\obj\stm32f10x_exti.o
                0x08009c64                EXTI_ClearFlag
 .text.xTaskGenericCreate
                0x08009c80      0x148 ..\obj\tasks.o
                0x08009c80                xTaskGenericCreate
 .text.vTaskDelay
                0x08009dc8       0x8c ..\obj\tasks.o
                0x08009dc8                vTaskDelay
 .text.vTaskStartScheduler
                0x08009e54       0x5c ..\obj\tasks.o
                0x08009e54                vTaskStartScheduler
 .text.vTaskSuspendAll
                0x08009eb0       0x1c ..\obj\tasks.o
                0x08009eb0                vTaskSuspendAll
 .text.xTaskResumeAll
                0x08009ecc      0x100 ..\obj\tasks.o
                0x08009ecc                xTaskResumeAll
 .text.xTaskGetTickCount
                0x08009fcc       0x24 ..\obj\tasks.o
                0x08009fcc                xTaskGetTickCount
 .text.vTaskIncrementTick
                0x08009ff0       0xdc ..\obj\tasks.o
                0x08009ff0                vTaskIncrementTick
 .text.vTaskSwitchContext
                0x0800a0cc       0x94 ..\obj\tasks.o
                0x0800a0cc                vTaskSwitchContext
 .text.vTaskPlaceOnEventList
                0x0800a160       0x98 ..\obj\tasks.o
                0x0800a160                vTaskPlaceOnEventList
 .text.xTaskRemoveFromEventList
                0x0800a1f8       0xac ..\obj\tasks.o
                0x0800a1f8                xTaskRemoveFromEventList
 .text.vTaskSetTimeOutState
                0x0800a2a4       0x2c ..\obj\tasks.o
                0x0800a2a4                vTaskSetTimeOutState
 .text.xTaskCheckForTimeOut
                0x0800a2d0       0x88 ..\obj\tasks.o
                0x0800a2d0                xTaskCheckForTimeOut
 .text.vTaskMissedYield
                0x0800a358       0x18 ..\obj\tasks.o
                0x0800a358                vTaskMissedYield
 .text.prvIdleTask
                0x0800a370       0x20 ..\obj\tasks.o
 .text.prvInitialiseTCBVariables
                0x0800a390       0x6c ..\obj\tasks.o
 .text.prvInitialiseTaskLists
                0x0800a3fc       0x7c ..\obj\tasks.o
 .text.prvCheckTasksWaitingTermination
                0x0800a478       0x84 ..\obj\tasks.o
 .text.prvAllocateTCBAndStack
                0x0800a4fc       0x64 ..\obj\tasks.o
 .text.prvDeleteTCB
                0x0800a560       0x20 ..\obj\tasks.o
 .text.xTaskGetCurrentTaskHandle
                0x0800a580       0x20 ..\obj\tasks.o
                0x0800a580                xTaskGetCurrentTaskHandle
 .text.vTaskPriorityInherit
                0x0800a5a0       0xa4 ..\obj\tasks.o
                0x0800a5a0                vTaskPriorityInherit
 .text.vTaskPriorityDisinherit
                0x0800a644       0x7c ..\obj\tasks.o
                0x0800a644                vTaskPriorityDisinherit
 .text.ADC_Init
                0x0800a6c0       0xa4 ..\obj\stm32f10x_adc.o
                0x0800a6c0                ADC_Init
 .text.ADC_Cmd  0x0800a764       0x38 ..\obj\stm32f10x_adc.o
                0x0800a764                ADC_Cmd
 .text.ADC_DMACmd
                0x0800a79c       0x38 ..\obj\stm32f10x_adc.o
                0x0800a79c                ADC_DMACmd
 .text.ADC_ResetCalibration
                0x0800a7d4       0x20 ..\obj\stm32f10x_adc.o
                0x0800a7d4                ADC_ResetCalibration
 .text.ADC_GetResetCalibrationStatus
                0x0800a7f4       0x30 ..\obj\stm32f10x_adc.o
                0x0800a7f4                ADC_GetResetCalibrationStatus
 .text.ADC_StartCalibration
                0x0800a824       0x20 ..\obj\stm32f10x_adc.o
                0x0800a824                ADC_StartCalibration
 .text.ADC_GetCalibrationStatus
                0x0800a844       0x30 ..\obj\stm32f10x_adc.o
                0x0800a844                ADC_GetCalibrationStatus
 .text.ADC_SoftwareStartConvCmd
                0x0800a874       0x38 ..\obj\stm32f10x_adc.o
                0x0800a874                ADC_SoftwareStartConvCmd
 .text.ADC_RegularChannelConfig
                0x0800a8ac      0x188 ..\obj\stm32f10x_adc.o
                0x0800a8ac                ADC_RegularChannelConfig
 .text.ADC_TempSensorVrefintCmd
                0x0800aa34       0x38 ..\obj\stm32f10x_adc.o
                0x0800aa34                ADC_TempSensorVrefintCmd
 .text.ADC_GetFlagStatus
                0x0800aa6c       0x34 ..\obj\stm32f10x_adc.o
                0x0800aa6c                ADC_GetFlagStatus
 .text.ADC_ClearFlag
                0x0800aaa0       0x20 ..\obj\stm32f10x_adc.o
                0x0800aaa0                ADC_ClearFlag
 .text.gun_on_trigger_pressing
                0x0800aac0      0x2d8 ..\obj\gun.o
                0x0800aac0                gun_on_trigger_pressing
 .text.gun_on_reload_pressing
                0x0800ad98       0xf4 ..\obj\gun.o
                0x0800ad98                gun_on_reload_pressing
 .text.send_ir_shot_package
                0x0800ae8c       0x3c ..\obj\gun.o
                0x0800ae8c                send_ir_shot_package
 .text.USART_DeInit
                0x0800aec8       0xb8 ..\obj\stm32f10x_usart.o
                0x0800aec8                USART_DeInit
 .text.USART_Init
                0x0800af80      0x174 ..\obj\stm32f10x_usart.o
                0x0800af80                USART_Init
 .text.USART_StructInit
                0x0800b0f4       0x38 ..\obj\stm32f10x_usart.o
                0x0800b0f4                USART_StructInit
 .text.USART_Cmd
                0x0800b12c       0x40 ..\obj\stm32f10x_usart.o
                0x0800b12c                USART_Cmd
 .text.USART_ITConfig
                0x0800b16c       0x90 ..\obj\stm32f10x_usart.o
                0x0800b16c                USART_ITConfig
 .text.USART_SendData
                0x0800b1fc       0x24 ..\obj\stm32f10x_usart.o
                0x0800b1fc                USART_SendData
 .text.USART_ReceiveData
                0x0800b220       0x20 ..\obj\stm32f10x_usart.o
                0x0800b220                USART_ReceiveData
 .text.USART_GetITStatus
                0x0800b240       0xb0 ..\obj\stm32f10x_usart.o
                0x0800b240                USART_GetITStatus
 .text.USART_ClearITPendingBit
                0x0800b2f0       0x38 ..\obj\stm32f10x_usart.o
                0x0800b2f0                USART_ClearITPendingBit
 .text.TIM2_IRQHandler
                0x0800b328      0x2c8 ..\obj\tim_isr.o
                0x0800b328                TIM2_IRQHandler
 .text.TIM3_IRQHandler
                0x0800b5f0      0x2ac ..\obj\tim_isr.o
                0x0800b5f0                TIM3_IRQHandler
 .text.TIM4_IRQHandler
                0x0800b89c      0x2ac ..\obj\tim_isr.o
                0x0800b89c                TIM4_IRQHandler
 .text.TIM5_IRQHandler
                0x0800bb48      0x2b4 ..\obj\tim_isr.o
                0x0800bb48                TIM5_IRQHandler
 .text.TIM7_IRQHandler
                0x0800bdfc      0x220 ..\obj\tim_isr.o
                0x0800bdfc                TIM7_IRQHandler
 .text.TIM8_CC_IRQHandler
                0x0800c01c       0x2c ..\obj\tim_isr.o
                0x0800c01c                TIM8_CC_IRQHandler
 .text.TIM8_UP_IRQHandler
                0x0800c048       0xf4 ..\obj\tim_isr.o
                0x0800c048                TIM8_UP_IRQHandler
 .text.test1    0x0800c13c       0x2c ..\obj\menu.o
                0x0800c13c                test1
 .text.test2    0x0800c168       0x2c ..\obj\menu.o
                0x0800c168                test2
 .text.test3    0x0800c194       0x30 ..\obj\menu.o
                0x0800c194                test3
 .text.show_menu
                0x0800c1c4      0x2f0 ..\obj\menu.o
                0x0800c1c4                show_menu
 .text.show_settings_page
                0x0800c4b4      0x7b4 ..\obj\menu.o
                0x0800c4b4                show_settings_page
 .text.init_item_list
                0x0800cc68       0x60 ..\obj\menu.o
                0x0800cc68                init_item_list
 .text.init_sett_list
                0x0800ccc8       0x78 ..\obj\menu.o
                0x0800ccc8                init_sett_list
 .text.init_clock_sett_list
                0x0800cd40       0x6c ..\obj\menu.o
                0x0800cd40                init_clock_sett_list
 .text.init_ir_sett_list
                0x0800cdac       0x6c ..\obj\menu.o
                0x0800cdac                init_ir_sett_list
 .text.sett_list_reset
                0x0800ce18       0x3c ..\obj\menu.o
                0x0800ce18                sett_list_reset
 .text.add_menu_item
                0x0800ce54       0x34 ..\obj\menu.o
                0x0800ce54                add_menu_item
 .text.add_setting_item
                0x0800ce88       0x34 ..\obj\menu.o
                0x0800ce88                add_setting_item
 .text.show_main_menu
                0x0800cebc       0x14 ..\obj\menu.o
                0x0800cebc                show_main_menu
 .text.int_to_str
                0x0800ced0       0xd4 ..\obj\menu.o
                0x0800ced0                int_to_str
 .text.long_int_to_str
                0x0800cfa4       0xd4 ..\obj\menu.o
                0x0800cfa4                long_int_to_str
 .text.vListInitialise
                0x0800d078       0x40 ..\obj\list.o
                0x0800d078                vListInitialise
 .text.vListInitialiseItem
                0x0800d0b8       0x18 ..\obj\list.o
                0x0800d0b8                vListInitialiseItem
 .text.vListInsertEnd
                0x0800d0d0       0x50 ..\obj\list.o
                0x0800d0d0                vListInsertEnd
 .text.vListInsert
                0x0800d120       0x70 ..\obj\list.o
                0x0800d120                vListInsert
 .text.vListRemove
                0x0800d190       0x50 ..\obj\list.o
                0x0800d190                vListRemove
 .text.xQueueCreate
                0x0800d1e0       0xb8 ..\obj\queue.o
                0x0800d1e0                xQueueCreate
 .text.xQueueGenericSend
                0x0800d298      0x10c ..\obj\queue.o
                0x0800d298                xQueueGenericSend
 .text.xQueueGenericSendFromISR
                0x0800d3a4       0x80 ..\obj\queue.o
                0x0800d3a4                xQueueGenericSendFromISR
 .text.xQueueGenericReceive
                0x0800d424      0x16c ..\obj\queue.o
                0x0800d424                xQueueGenericReceive
 .text.prvCopyDataToQueue
                0x0800d590       0xb8 ..\obj\queue.o
 .text.prvCopyDataFromQueue
                0x0800d648       0x4c ..\obj\queue.o
 .text.prvUnlockQueue
                0x0800d694       0x98 ..\obj\queue.o
 .text.prvIsQueueEmpty
                0x0800d72c       0x2c ..\obj\queue.o
 .text.prvIsQueueFull
                0x0800d758       0x30 ..\obj\queue.o
 .text.pxPortInitialiseStack
                0x0800d788       0x54 ..\obj\port.o
                0x0800d788                pxPortInitialiseStack
 .text.vPortSVCHandler
                0x0800d7dc       0x20 ..\obj\port.o
                0x0800d7dc                vPortSVCHandler
 .text.vPortStartFirstTask
                0x0800d7fc       0x10 ..\obj\port.o
                0x0800d7fc                vPortStartFirstTask
 .text.xPortStartScheduler
                0x0800d80c       0x38 ..\obj\port.o
                0x0800d80c                xPortStartScheduler
 .text.vPortYieldFromISR
                0x0800d844       0x18 ..\obj\port.o
                0x0800d844                vPortYieldFromISR
 .text.vPortEnterCritical
                0x0800d85c       0x24 ..\obj\port.o
                0x0800d85c                vPortEnterCritical
 .text.vPortExitCritical
                0x0800d880       0x2c ..\obj\port.o
                0x0800d880                vPortExitCritical
 .text.xPortPendSVHandler
                0x0800d8ac       0x3c ..\obj\port.o
                0x0800d8ac                xPortPendSVHandler
 .text.xPortSysTickHandler
                0x0800d8e8       0x30 ..\obj\port.o
                0x0800d8e8                xPortSysTickHandler
 .text.prvSetupTimerInterrupt
                0x0800d918       0x24 ..\obj\port.o
 .text.game_over
                0x0800d93c       0x54 ..\obj\game.o
                0x0800d93c                game_over
 .text.game_start_new
                0x0800d990       0x9c ..\obj\game.o
                0x0800d990                game_start_new
 .text.SDIO_DeInit
                0x0800da2c       0x4c ..\obj\stm32f10x_sdio.o
                0x0800da2c                SDIO_DeInit
 .text.SDIO_Init
                0x0800da78       0x5c ..\obj\stm32f10x_sdio.o
                0x0800da78                SDIO_Init
 .text.SDIO_ClockCmd
                0x0800dad4       0x20 ..\obj\stm32f10x_sdio.o
                0x0800dad4                SDIO_ClockCmd
 .text.SDIO_SetPowerState
                0x0800daf4       0x30 ..\obj\stm32f10x_sdio.o
                0x0800daf4                SDIO_SetPowerState
 .text.SDIO_GetPowerState
                0x0800db24       0x1c ..\obj\stm32f10x_sdio.o
                0x0800db24                SDIO_GetPowerState
 .text.SDIO_ITConfig
                0x0800db40       0x3c ..\obj\stm32f10x_sdio.o
                0x0800db40                SDIO_ITConfig
 .text.SDIO_DMACmd
                0x0800db7c       0x20 ..\obj\stm32f10x_sdio.o
                0x0800db7c                SDIO_DMACmd
 .text.SDIO_SendCommand
                0x0800db9c       0x58 ..\obj\stm32f10x_sdio.o
                0x0800db9c                SDIO_SendCommand
 .text.SDIO_GetCommandResponse
                0x0800dbf4       0x18 ..\obj\stm32f10x_sdio.o
                0x0800dbf4                SDIO_GetCommandResponse
 .text.SDIO_GetResponse
                0x0800dc0c       0x28 ..\obj\stm32f10x_sdio.o
                0x0800dc0c                SDIO_GetResponse
 .text.SDIO_DataConfig
                0x0800dc34       0x5c ..\obj\stm32f10x_sdio.o
                0x0800dc34                SDIO_DataConfig
 .text.SDIO_ReadData
                0x0800dc90       0x18 ..\obj\stm32f10x_sdio.o
                0x0800dc90                SDIO_ReadData
 .text.SDIO_WriteData
                0x0800dca8       0x20 ..\obj\stm32f10x_sdio.o
                0x0800dca8                SDIO_WriteData
 .text.SDIO_GetFlagStatus
                0x0800dcc8       0x34 ..\obj\stm32f10x_sdio.o
                0x0800dcc8                SDIO_GetFlagStatus
 .text.SDIO_ClearFlag
                0x0800dcfc       0x1c ..\obj\stm32f10x_sdio.o
                0x0800dcfc                SDIO_ClearFlag
 .text.mem_cpy  0x0800dd18       0x3c ..\obj\ff.o
 .text.mem_set  0x0800dd54       0x34 ..\obj\ff.o
 .text.mem_cmp  0x0800dd88       0x50 ..\obj\ff.o
 .text.chk_chr  0x0800ddd8       0x38 ..\obj\ff.o
 .text.move_window
                0x0800de10       0xbc ..\obj\ff.o
 .text.sync     0x0800decc      0x14c ..\obj\ff.o
 .text.clust2sect
                0x0800e018       0x3c ..\obj\ff.o
                0x0800e018                clust2sect
 .text.get_fat  0x0800e054      0x154 ..\obj\ff.o
                0x0800e054                get_fat
 .text.put_fat  0x0800e1a8      0x1f4 ..\obj\ff.o
                0x0800e1a8                put_fat
 .text.remove_chain
                0x0800e39c       0x9c ..\obj\ff.o
 .text.create_chain
                0x0800e438      0x118 ..\obj\ff.o
 .text.dir_sdi  0x0800e550      0x100 ..\obj\ff.o
 .text.dir_next
                0x0800e650      0x1a8 ..\obj\ff.o
 .text.dir_find
                0x0800e7f8       0x94 ..\obj\ff.o
 .text.dir_register
                0x0800e88c       0xac ..\obj\ff.o
 .text.create_name
                0x0800e938      0x20c ..\obj\ff.o
 .text.follow_path
                0x0800eb44       0xf0 ..\obj\ff.o
 .text.check_fs
                0x0800ec34       0xc0 ..\obj\ff.o
 .text.chk_mounted
                0x0800ecf4      0x51c ..\obj\ff.o
 .text.validate
                0x0800f210       0x4c ..\obj\ff.o
 .text.f_mount  0x0800f25c       0x54 ..\obj\ff.o
                0x0800f25c                f_mount
 .text.f_open   0x0800f2b0      0x2d4 ..\obj\ff.o
                0x0800f2b0                f_open
 .text.f_read   0x0800f584      0x2c0 ..\obj\ff.o
                0x0800f584                f_read
 .text.f_write  0x0800f844      0x318 ..\obj\ff.o
                0x0800f844                f_write
 .text.f_sync   0x0800fb5c      0x184 ..\obj\ff.o
                0x0800fb5c                f_sync
 .text.f_close  0x0800fce0       0x28 ..\obj\ff.o
                0x0800fce0                f_close
 .text.f_lseek  0x0800fd08      0x2b4 ..\obj\ff.o
                0x0800fd08                f_lseek
 .text.f_gets   0x0800ffbc       0x70 ..\obj\ff.o
                0x0800ffbc                f_gets
 .text.DMA_DeInit
                0x0801002c      0x178 ..\obj\stm32f10x_dma.o
                0x0801002c                DMA_DeInit
 .text.DMA_Init
                0x080101a4       0x7c ..\obj\stm32f10x_dma.o
                0x080101a4                DMA_Init
 .text.DMA_Cmd  0x08010220       0x38 ..\obj\stm32f10x_dma.o
                0x08010220                DMA_Cmd
 .text.DMA_ITConfig
                0x08010258       0x3c ..\obj\stm32f10x_dma.o
                0x08010258                DMA_ITConfig
 .text.DMA_SetCurrDataCounter
                0x08010294       0x1c ..\obj\stm32f10x_dma.o
                0x08010294                DMA_SetCurrDataCounter
 .text.DMA_GetFlagStatus
                0x080102b0       0x54 ..\obj\stm32f10x_dma.o
                0x080102b0                DMA_GetFlagStatus
 .text.DMA_ClearFlag
                0x08010304       0x34 ..\obj\stm32f10x_dma.o
                0x08010304                DMA_ClearFlag
 .text.NVIC_Init
                0x08010338       0xc0 ..\obj\misc.o
                0x08010338                NVIC_Init
 .text.SPI_I2S_DeInit
                0x080103f8       0x74 ..\obj\stm32f10x_spi.o
                0x080103f8                SPI_I2S_DeInit
 .text.SPI_Init
                0x0801046c       0x88 ..\obj\stm32f10x_spi.o
                0x0801046c                SPI_Init
 .text.SPI_Cmd  0x080104f4       0x40 ..\obj\stm32f10x_spi.o
                0x080104f4                SPI_Cmd
 .text.SPI_I2S_DMACmd
                0x08010534       0x48 ..\obj\stm32f10x_spi.o
                0x08010534                SPI_I2S_DMACmd
 .text.SPI_I2S_SendData
                0x0801057c       0x1c ..\obj\stm32f10x_spi.o
                0x0801057c                SPI_I2S_SendData
 .text.SPI_NSSInternalSoftwareConfig
                0x08010598       0x44 ..\obj\stm32f10x_spi.o
                0x08010598                SPI_NSSInternalSoftwareConfig
 .text.SPI_I2S_GetFlagStatus
                0x080105dc       0x38 ..\obj\stm32f10x_spi.o
                0x080105dc                SPI_I2S_GetFlagStatus
 .text.NVIC_EnableIRQ
                0x08010614       0x30 ..\obj\hardware_init.o
 .text.NVIC_SetPriority
                0x08010644       0x54 ..\obj\hardware_init.o
 .text.init_spi2
                0x08010698       0xb0 ..\obj\hardware_init.o
                0x08010698                init_spi2
 .text.init_timer
                0x08010748       0x64 ..\obj\hardware_init.o
                0x08010748                init_timer
 .text.init_dac
                0x080107ac       0x58 ..\obj\hardware_init.o
                0x080107ac                init_dac
 .text.DMA_for_ADC_Init
                0x08010804       0x74 ..\obj\hardware_init.o
                0x08010804                DMA_for_ADC_Init
 .text.init_adc_for_multiscan
                0x08010878       0xf8 ..\obj\hardware_init.o
                0x08010878                init_adc_for_multiscan
 .text.init_pwm_TIM4
                0x08010970      0x100 ..\obj\hardware_init.o
                0x08010970                init_pwm_TIM4
 .text.init_pwm_TIM3
                0x08010a70       0xf8 ..\obj\hardware_init.o
                0x08010a70                init_pwm_TIM3
 .text.init_pwm
                0x08010b68       0xc0 ..\obj\hardware_init.o
                0x08010b68                init_pwm
 .text.init_pwm_TIM2
                0x08010c28      0x120 ..\obj\hardware_init.o
                0x08010c28                init_pwm_TIM2
 .text.init_pwm_TIM5
                0x08010d48      0x100 ..\obj\hardware_init.o
                0x08010d48                init_pwm_TIM5
 .text.init_TIM7
                0x08010e48       0x6c ..\obj\hardware_init.o
                0x08010e48                init_TIM7
 .text.init_pwm_TIM8
                0x08010eb4       0x9c ..\obj\hardware_init.o
                0x08010eb4                init_pwm_TIM8
 .text.pvPortMalloc
                0x08010f50      0x148 ..\obj\heap_2.o
                0x08010f50                pvPortMalloc
 .text.vPortFree
                0x08011098       0x70 ..\obj\heap_2.o
                0x08011098                vPortFree
 .text.NVIC_EnableIRQ
                0x08011108       0x30 ..\obj\usart.o
 .text.NVIC_SetPriority
                0x08011138       0x54 ..\obj\usart.o
 .text.USART1_IRQHandler
                0x0801118c      0x180 ..\obj\usart.o
                0x0801118c                USART1_IRQHandler
 .text.USART2_IRQHandler
                0x0801130c       0x50 ..\obj\usart.o
                0x0801130c                USART2_IRQHandler
 .text.InitCOM1
                0x0801135c       0xb0 ..\obj\usart.o
                0x0801135c                InitCOM1
 .text.USART1_FlushTxBuf
                0x0801140c       0x2c ..\obj\usart.o
                0x0801140c                USART1_FlushTxBuf
 .text.USART1_PutChar
                0x08011438       0x78 ..\obj\usart.o
                0x08011438                USART1_PutChar
 .text.USART1_FlushRxBuf
                0x080114b0       0x40 ..\obj\usart.o
                0x080114b0                USART1_FlushRxBuf
 .text.USART1_SendStr
                0x080114f0       0x2c ..\obj\usart.o
                0x080114f0                USART1_SendStr
 .text.USART1_GetChar
                0x0801151c       0x5c ..\obj\usart.o
                0x0801151c                USART1_GetChar
 .text.USART1_GetRxCount
                0x08011578       0x18 ..\obj\usart.o
                0x08011578                USART1_GetRxCount
 .text.memchr   0x08011590       0x94 d:/armtools/bin/../lib/gcc/arm-none-eabi/4.8.3/../../../../arm-none-eabi/lib/armv7-m\libg.a(lib_a-memchr-stub.o)
                0x08011590                memchr
 .text          0x08011624       0xec d:/armtools/bin/../lib/gcc/arm-none-eabi/4.8.3/../../../../arm-none-eabi/lib/armv7-m\libg.a(lib_a-memcpy.o)
                0x08011624                memcpy
 .text.critical_factorization
                0x08011710       0xbc d:/armtools/bin/../lib/gcc/arm-none-eabi/4.8.3/../../../../arm-none-eabi/lib/armv7-m\libg.a(lib_a-memmem.o)
 .text.two_way_long_needle
                0x080117cc      0x1e4 d:/armtools/bin/../lib/gcc/arm-none-eabi/4.8.3/../../../../arm-none-eabi/lib/armv7-m\libg.a(lib_a-memmem.o)
 .text.memmem   0x080119b0      0x1c4 d:/armtools/bin/../lib/gcc/arm-none-eabi/4.8.3/../../../../arm-none-eabi/lib/armv7-m\libg.a(lib_a-memmem.o)
                0x080119b0                memmem
 .text.memmove  0x08011b74       0xcc d:/armtools/bin/../lib/gcc/arm-none-eabi/4.8.3/../../../../arm-none-eabi/lib/armv7-m\libg.a(lib_a-memmove.o)
                0x08011b74                memmove
 .text.memset   0x08011c40       0x94 d:/armtools/bin/../lib/gcc/arm-none-eabi/4.8.3/../../../../arm-none-eabi/lib/armv7-m\libg.a(lib_a-memset.o)
                0x08011c40                memset
 .text.strlen   0x08011cd4       0x60 d:/armtools/bin/../lib/gcc/arm-none-eabi/4.8.3/../../../../arm-none-eabi/lib/armv7-m\libg.a(lib_a-strlen.o)
                0x08011cd4                strlen
 .text.strncpy  0x08011d34       0x64 d:/armtools/bin/../lib/gcc/arm-none-eabi/4.8.3/../../../../arm-none-eabi/lib/armv7-m\libg.a(lib_a-strncpy.o)
                0x08011d34                strncpy
 .text.memcmp   0x08011d98       0x68 d:/armtools/bin/../lib/gcc/arm-none-eabi/4.8.3/../../../../arm-none-eabi/lib/armv7-m\libg.a(lib_a-memcmp.o)
                0x08011d98                memcmp
 *(.init)
 *(.fini)
 *crtbegin.o(.ctors)
 *crtbegin?.o(.ctors)
 *(EXCLUDE_FILE(*crtend.o *crtend?.o) .ctors)
 *(SORT(.ctors.*))
 *(.ctors)
 *crtbegin.o(.dtors)
 *crtbegin?.o(.dtors)
 *(EXCLUDE_FILE(*crtend.o *crtend?.o) .dtors)
 *(SORT(.dtors.*))
 *(.dtors)
 *(.rodata*)
 .rodata        0x08011e00       0x60 ..\obj\bluetooth.o
 .rodata        0x08011e60      0x5ac ..\obj\f10x-pcd8544.o
                0x08011e60                NewFontRUS
                0x08011fe0                heart
                0x080122a4                clip_img
 .rodata        0x0801240c      0x45c ..\obj\main.o
                0x0801240c                parameter_0
                0x08012418                parameter_1
                0x08012420                parameter_2
                0x08012438                parameter_3
                0x0801244c                parameter_4
                0x0801245c                parameter_5
                0x0801246c                parameter_6
                0x08012474                parameter_7
                0x08012484                parameter_8
                0x08012494                parameter_9
                0x0801249c                parameter_10
                0x080124a8                parameter_11
                0x080124b0                parameter_12
                0x080124cc                parameter_13
                0x080124e4                parameter_14
                0x080124f0                parameter_15
                0x080124f8                parameter_16
                0x08012510                parameter_17
                0x08012524                parameter_18
                0x08012530                parameter_19
                0x0801254c                parameter_20
                0x08012560                parameter_21
                0x08012570                parameter_22
                0x08012580                parameter_23
                0x08012590                parameter_24
                0x080125a0                parameter_25
                0x080125b8                parameter_26
                0x080125cc                at_name
                0x080125d4                at_bind
                0x080125dc                at_uart
                0x080125e4                at_role
                0x080125ec                at_cmode
                0x080125f8                at_pswd
                0x08012600                battary_img
                0x08012668                damage_value
                0x080126d8                index_to_color
                0x08012740                team_color_to_symbol
                0x080127f8                item_pos
 .rodata        0x08012868       0x34 ..\obj\display.o
 .rodata        0x0801289c        0x8 ..\obj\tasks.o
 .rodata        0x080128a4       0x14 ..\obj\gun.o
 .rodata        0x080128b8      0x218 ..\obj\menu.o
                0x080128b8                menu_item_1
                0x080128d0                menu_item_2
                0x080128e8                menu_item_3
                0x08012900                menu_item_4
                0x08012918                main_menu_header_text
                0x08012928                sett_page_header_text
                0x08012938                clock_page_header_text
                0x08012948                ir_page_header_text
                0x08012958                ir_setting_item_1
                0x08012980                ir_setting_item_2
                0x080129a8                setting_item_1
                0x080129d0                setting_item_2
                0x080129f8                setting_item_3
                0x08012a20                setting_item_4
                0x08012a48                setting_item_5
                0x08012a70                setting_clock_hour_item
                0x08012a98                setting_clock_minute_item
                0x08012ac4                numbers
 .rodata        0x08012ad0       0x10 ..\obj\ff.o
 .rodata        0x08012ae0      0x3f0 ..\obj\global_variables.o
                0x08012ae0                game_over_black_image
                0x08012cd8                black_gun_image
 *(.eh_fram e*)

.glue_7         0x08012ed0        0x0
 .glue_7        0x00000000        0x0 linker stubs

.glue_7t        0x08012ed0        0x0
 .glue_7t       0x00000000        0x0 linker stubs

.vfp11_veneer   0x08012ed0        0x0
 .vfp11_veneer  0x00000000        0x0 linker stubs

.v4_bx          0x08012ed0        0x0
 .v4_bx         0x00000000        0x0 linker stubs

.iplt           0x08012ed0        0x0
 .iplt          0x00000000        0x0 ..\obj\bluetooth.o

.rel.dyn        0x08012ed0        0x0
 .rel.iplt      0x00000000        0x0 ..\obj\bluetooth.o

.ARM.extab
 *(.ARM.extab* .gnu.linkonce.armextab.*)
                0x08012ed0                __exidx_start = .

.ARM.exidx
 *(.ARM.exidx* .gnu.linkonce.armexidx.*)
                0x08012ed0                __exidx_end = .
                0x08012ed0                __etext = .
                0x08012ed0                _sidata = __etext

.data           0x20000000      0x2d0 load address 0x08012ed0
                0x20000000                __data_start__ = .
                0x20000000                _sdata = __data_start__
 *(vtable)
 *(.data*)
 .data          0x20000000        0x8 ..\obj\sdio_sd.o
                0x20000004                TransferError
 .data          0x20000008       0x14 ..\obj\system_stm32f10x.o
                0x20000008                SystemCoreClock
                0x2000000c                AHBPrescTable
 .data          0x2000001c        0x4 ..\obj\chipher.o
 .data          0x20000020      0x228 ..\obj\f10x-pcd8544.o
                0x20000020                NewFontLAT
 .data          0x20000248       0x70 ..\obj\main.o
                0x20000248                parametersPointers
                0x200002b4                Status
 .data          0x200002b8       0x14 ..\obj\stm32f10x_rcc.o
 .data          0x200002cc        0x4 ..\obj\port.o
                0x200002d0                . = ALIGN (0x4)
                0x200002d0                PROVIDE (__preinit_array_start, .)
 *(.preinit_array)
                0x200002d0                PROVIDE (__preinit_array_end, .)
                0x200002d0                . = ALIGN (0x4)
                0x200002d0                PROVIDE (__init_array_start, .)
 *(SORT(.init_array.*))
 *(.init_array)
                0x200002d0                PROVIDE (__init_array_end, .)
                0x200002d0                . = ALIGN (0x4)
                0x200002d0                PROVIDE (__fini_array_start, .)
 *(SORT(.fini_array.*))
 *(.fini_array)
                0x200002d0                PROVIDE (__fini_array_end, .)
 *(.jcr*)
                0x200002d0                . = ALIGN (0x4)
                0x200002d0                __data_end__ = .
                0x200002d0                _edata = __data_end__

.igot.plt       0x200002d0        0x0 load address 0x080131a0
 .igot.plt      0x00000000        0x0 ..\obj\bluetooth.o

.bss            0x200002d0     0xe114 load address 0x080131a0
                0x200002d0                . = ALIGN (0x4)
                0x200002d0                __bss_start__ = .
                0x200002d0                _sbss = __bss_start__
 *(.bss*)
 .bss           0x200002d0       0x30 ..\obj\bluetooth.o
                0x200002d0                bt_header_received
                0x200002d2                bit_in_bt_rx_buff
 .bss           0x20000300       0x38 ..\obj\sdio_sd.o
                0x20000330                TransferEnd
                0x20000334                NumberOfBytes
 .bss           0x20000338       0x18 ..\obj\main.o
                0x20000338                MSec
 .bss           0x20000350      0x164 ..\obj\tasks.o
                0x20000350                pxCurrentTCB
 .bss           0x200004b4       0x24 ..\obj\tim_isr.o
 .bss           0x200004d8       0x10 ..\obj\menu.o
 .bss           0x200004e8        0x8 ..\obj\ff.o
 .bss           0x200004f0     0xcc18 ..\obj\heap_2.o
 .bss           0x2000d108        0x2 ..\obj\global_variables.o
                0x2000d108                bt_bandana_already_been_on
                0x2000d109                chiter_detected
 *fill*         0x2000d10a        0x2 
 .bss           0x2000d10c        0xc ..\obj\usart.o
                0x2000d10c                usart1_txBufTail
                0x2000d10d                usart1_txBufHead
                0x2000d10e                usart1_txCount
                0x2000d10f                usart1_rxBufTail
                0x2000d110                usart1_rxBufHead
                0x2000d111                usart1_rxCount
 *(COMMON)
 COMMON         0x2000d118       0x60 ..\obj\bluetooth.o
                0x2000d118                bt_rx_packet
                0x2000d11c                hit_in_processing
                0x2000d124                bt_rx_buffer
                0x2000d14c                message_in_processing
 COMMON         0x2000d178       0x9c ..\obj\sdio_sd.o
                0x2000d178                SDIO_CmdInitStructure
                0x2000d18c                DestBuffer
                0x2000d190                SDCardInfo
                0x2000d1e0                SDIO_InitStructure
                0x2000d1f8                SDIO_DataInitStructure
                0x2000d210                SrcBuffer
 COMMON         0x2000d214      0x1f8 ..\obj\f10x-pcd8544.o
                0x2000d214                lcd8544_buff
 COMMON         0x2000d40c      0x9f8 ..\obj\main.o
                0x2000d40c                writeBuffer
                0x2000d44c                fs
                0x2000d67c                read_sektor_res
                0x2000d680                br
                0x2000d684                readBuffer
                0x2000d784                DAC_Buff
                0x2000db84                fsrc
                0x2000dda8                DMA_to_SPI_InitStructure
                0x2000ddd4                res
                0x2000ddd8                DMA_InitStructure
 COMMON         0x2000de04       0x5c ..\obj\menu.o
                0x2000de04                sett_page
                0x2000de14                new_ir_power_offset_value
                0x2000de16                new_ir_power_value
                0x2000de18                new_year_value
                0x2000de1c                item_list
                0x2000de34                main_menu
                0x2000de44                new_month_value
                0x2000de45                new_day_value
                0x2000de48                sett_item_list
 COMMON         0x2000de60      0x37f ..\obj\global_variables.o
                0x2000de60                bt_configured
                0x2000de61                Zone4RxEvent
                0x2000de64                timer7
                0x2000de70                xKeysSemaphore
                0x2000de74                Zone1RxEvent
                0x2000de75                safe_counter
                0x2000de78                xWavPlayerManagerSemaphore
                0x2000de7c                xUsart1Semaphore
                0x2000de80                timer2
                0x2000de8a                tim3_rec_state
                0x2000de8b                Zone2RxEvent
                0x2000de8c                xHitSemaphore
                0x2000de90                xSoundBuffTCSemaphore
                0x2000de94                armadaSystem
                0x2000e010                xZone4Semaphore
                0x2000e014                ir_tx_buffer_cursor
                0x2000e01a                tim4_ir_rx_count
                0x2000e01c                zone3_rx_buffer
                0x2000e044                xEventQueue
                0x2000e048                request_text
                0x2000e058                xWavPlayerSemaphore
                0x2000e05c                xSoundBuffHTSemaphore
                0x2000e060                countdown_shock_time
                0x2000e064                xZone1Semaphore
                0x2000e068                rx_buffer
                0x2000e090                key_pressing_duration
                0x2000e09c                timer8
                0x2000e0a8                tx_buffer
                0x2000e0d0                xSDcardLockSemaphore
                0x2000e0d4                xGameOverSemaphore
                0x2000e0d8                cr_received
                0x2000e0dc                timer8_PWM
                0x2000e0ec                game_status
                0x2000e0f0                xBluetoothSemaphore
                0x2000e0f4                last_fire_mode
                0x2000e0f6                tim2_ir_rx_count
                0x2000e0f8                timer5
                0x2000e102                counter
                0x2000e104                timer4
                0x2000e110                ADC_values
                0x2000e118                keyboard_event
                0x2000e11c                xPlayWavSoundSemaphore
                0x2000e120                reload_key_event
                0x2000e121                Zone3RxEvent
                0x2000e124                xZone2Semaphore
                0x2000e128                zone4_rx_buffer
                0x2000e150                tim5_ir_rx_count
                0x2000e152                tim4_rec_state
                0x2000e153                hit_now_processing
                0x2000e154                xZoneSemaphore
                0x2000e158                curr_fire_mode
                0x2000e15c                timer3_PWM
                0x2000e16c                picture_on_screen
                0x2000e16d                screen_auto_refresh
                0x2000e170                zone1_rx_buffer
                0x2000e198                date
                0x2000e1a0                zone2_rx_buffer
                0x2000e1c8                timer3
                0x2000e1d2                tim2_rec_state
                0x2000e1d4                xZone3Semaphore
                0x2000e1d8                sensors
                0x2000e1dc                tim3_ir_rx_count
                0x2000e1de                tim5_rec_state
 *fill*         0x2000e1df        0x1 
 COMMON         0x2000e1e0      0x204 ..\obj\usart.o
                0x2000e1e0                usart1_RxBuf
                0x2000e2e0                usartData
                0x2000e2e4                usart1_TxBuf
                0x2000e3e4                . = ALIGN (0x4)
                0x2000e3e4                __bss_end__ = .
                0x2000e3e4                _ebss = __bss_end__

.heap           0x2000e3e4        0x0
                0x2000e3e4                __end__ = .
                0x2000e3e4                _end = __end__
                0x2000e3e4                end = __end__
 *(.heap*)
                0x2000e3e4                __HeapLimit = .

.co_stack       0x2000e3e4      0x404 load address 0x080212b4
                0x2000e3e8                . = ALIGN (0x8)
 *fill*         0x2000e3e4        0x4 
 *(.co_stack .co_stack.*)
 .co_stack      0x2000e3e8      0x400 ..\obj\startup_stm32f10x_hd.o
                0x2000e3e8                pulStack
                0x20010000                __StackTop = (ORIGIN (ram) + 0x10000)
                0x2000fbfc                __StackLimit = (__StackTop - SIZEOF (.co_stack))
                0x20010000                PROVIDE (__stack, __StackTop)
                0x00000001                ASSERT ((__StackLimit >= __HeapLimit), region ram  overflowed with stack)
LOAD ..\obj\bluetooth.o
LOAD ..\obj\stm32f10x_rtc.o
LOAD ..\obj\stm32f10x_tim.o
LOAD ..\obj\bluetooth_modul.o
LOAD ..\obj\core_cm3.o
LOAD ..\obj\sdio_sd.o
LOAD ..\obj\system_stm32f10x.o
LOAD ..\obj\startup_stm32f10x_hd.o
LOAD ..\obj\chipher.o
LOAD ..\obj\f10x-pcd8544.o
LOAD ..\obj\common.o
LOAD ..\obj\stm32f10x_pwr.o
LOAD ..\obj\diskio.o
LOAD ..\obj\GFXC.o
LOAD ..\obj\stm32f10x_gpio.o
LOAD ..\obj\ILI9163.o
LOAD ..\obj\stm32f10x_dac.o
LOAD ..\obj\main.o
LOAD ..\obj\network_tasks.o
LOAD ..\obj\bandana.o
LOAD ..\obj\stm32f10x_rcc.o
LOAD ..\obj\display.o
LOAD ..\obj\slots.o
LOAD ..\obj\stm32f10x_exti.o
LOAD ..\obj\tasks.o
LOAD ..\obj\rf_modul.o
LOAD ..\obj\stm32f10x_adc.o
LOAD ..\obj\gun.o
LOAD ..\obj\stm32f10x_usart.o
LOAD ..\obj\syscall.o
LOAD ..\obj\tim_isr.o
LOAD ..\obj\menu.o
LOAD ..\obj\list.o
LOAD ..\obj\syscalls.o
LOAD ..\obj\network_low_level.o
LOAD ..\obj\queue.o
LOAD ..\obj\port.o
LOAD ..\obj\game.o
LOAD ..\obj\stm32f10x_sdio.o
LOAD ..\obj\ff.o
LOAD ..\obj\stm32f10x_dma.o
LOAD ..\obj\croutine.o
LOAD ..\obj\random.o
LOAD ..\obj\misc.o
LOAD ..\obj\si4432.o
LOAD ..\obj\stm32f10x_spi.o
LOAD ..\obj\hardware_init.o
LOAD ..\obj\heap_2.o
LOAD ..\obj\global_variables.o
LOAD ..\obj\stm32f10x_bkp.o
LOAD ..\obj\usart.o
LOAD d:/armtools/bin/../lib/gcc/arm-none-eabi/4.8.3/../../../../arm-none-eabi/lib/armv7-m\libm.a
START GROUP
LOAD d:/armtools/bin/../lib/gcc/arm-none-eabi/4.8.3/armv7-m\libgcc.a
LOAD d:/armtools/bin/../lib/gcc/arm-none-eabi/4.8.3/../../../../arm-none-eabi/lib/armv7-m\libg.a
LOAD d:/armtools/bin/../lib/gcc/arm-none-eabi/4.8.3/../../../../arm-none-eabi/lib/armv7-m\libc.a
END GROUP
OUTPUT(rtos.elf elf32-littlearm)

.debug_info     0x00000000    0x16d41
 .debug_info    0x00000000      0xbe7 ..\obj\bluetooth.o
 .debug_info    0x00000be7      0x400 ..\obj\stm32f10x_rtc.o
 .debug_info    0x00000fe7     0x1c21 ..\obj\stm32f10x_tim.o
 .debug_info    0x00002c08       0xf6 ..\obj\bluetooth_modul.o
 .debug_info    0x00002cfe     0x14d0 ..\obj\sdio_sd.o
 .debug_info    0x000041ce      0x413 ..\obj\system_stm32f10x.o
 .debug_info    0x000045e1       0xe9 ..\obj\startup_stm32f10x_hd.o
 .debug_info    0x000046ca      0x260 ..\obj\chipher.o
 .debug_info    0x0000492a     0x170a ..\obj\f10x-pcd8544.o
 .debug_info    0x00006034      0x672 ..\obj\diskio.o
 .debug_info    0x000066a6      0x6b0 ..\obj\stm32f10x_gpio.o
 .debug_info    0x00006d56      0x479 ..\obj\stm32f10x_dac.o
 .debug_info    0x000071cf     0x35be ..\obj\main.o
 .debug_info    0x0000a78d      0x181 ..\obj\bandana.o
 .debug_info    0x0000a90e      0x856 ..\obj\stm32f10x_rcc.o
 .debug_info    0x0000b164      0x54a ..\obj\display.o
 .debug_info    0x0000b6ae      0x364 ..\obj\slots.o
 .debug_info    0x0000ba12      0x320 ..\obj\stm32f10x_exti.o
 .debug_info    0x0000bd32      0xc32 ..\obj\tasks.o
 .debug_info    0x0000c964      0xb3d ..\obj\stm32f10x_adc.o
 .debug_info    0x0000d4a1      0x987 ..\obj\gun.o
 .debug_info    0x0000de28      0x9b1 ..\obj\stm32f10x_usart.o
 .debug_info    0x0000e7d9      0x8cb ..\obj\tim_isr.o
 .debug_info    0x0000f0a4      0xe60 ..\obj\menu.o
 .debug_info    0x0000ff04      0x27f ..\obj\list.o
 .debug_info    0x00010183      0x766 ..\obj\queue.o
 .debug_info    0x000108e9      0x1af ..\obj\port.o
 .debug_info    0x00010a98      0x4ea ..\obj\game.o
 .debug_info    0x00010f82      0x7bf ..\obj\stm32f10x_sdio.o
 .debug_info    0x00011741     0x1887 ..\obj\ff.o
 .debug_info    0x00012fc8      0x447 ..\obj\stm32f10x_dma.o
 .debug_info    0x0001340f      0x4d3 ..\obj\misc.o
 .debug_info    0x000138e2      0x8bc ..\obj\stm32f10x_spi.o
 .debug_info    0x0001419e     0x1263 ..\obj\hardware_init.o
 .debug_info    0x00015401      0x2a2 ..\obj\heap_2.o
 .debug_info    0x000156a3      0xc69 ..\obj\global_variables.o
 .debug_info    0x0001630c      0xa35 ..\obj\usart.o

.debug_abbrev   0x00000000     0x3a30
 .debug_abbrev  0x00000000      0x23b ..\obj\bluetooth.o
 .debug_abbrev  0x0000023b      0x17e ..\obj\stm32f10x_rtc.o
 .debug_abbrev  0x000003b9      0x1b0 ..\obj\stm32f10x_tim.o
 .debug_abbrev  0x00000569       0x7f ..\obj\bluetooth_modul.o
 .debug_abbrev  0x000005e8      0x264 ..\obj\sdio_sd.o
 .debug_abbrev  0x0000084c      0x177 ..\obj\system_stm32f10x.o
 .debug_abbrev  0x000009c3       0xa7 ..\obj\startup_stm32f10x_hd.o
 .debug_abbrev  0x00000a6a       0xda ..\obj\chipher.o
 .debug_abbrev  0x00000b44      0x291 ..\obj\f10x-pcd8544.o
 .debug_abbrev  0x00000dd5      0x135 ..\obj\diskio.o
 .debug_abbrev  0x00000f0a      0x1c8 ..\obj\stm32f10x_gpio.o
 .debug_abbrev  0x000010d2      0x173 ..\obj\stm32f10x_dac.o
 .debug_abbrev  0x00001245      0x3aa ..\obj\main.o
 .debug_abbrev  0x000015ef       0xd8 ..\obj\bandana.o
 .debug_abbrev  0x000016c7      0x1ba ..\obj\stm32f10x_rcc.o
 .debug_abbrev  0x00001881      0x18d ..\obj\display.o
 .debug_abbrev  0x00001a0e      0x10f ..\obj\slots.o
 .debug_abbrev  0x00001b1d      0x151 ..\obj\stm32f10x_exti.o
 .debug_abbrev  0x00001c6e      0x1cf ..\obj\tasks.o
 .debug_abbrev  0x00001e3d      0x198 ..\obj\stm32f10x_adc.o
 .debug_abbrev  0x00001fd5      0x190 ..\obj\gun.o
 .debug_abbrev  0x00002165      0x162 ..\obj\stm32f10x_usart.o
 .debug_abbrev  0x000022c7      0x199 ..\obj\tim_isr.o
 .debug_abbrev  0x00002460      0x28b ..\obj\menu.o
 .debug_abbrev  0x000026eb       0xba ..\obj\list.o
 .debug_abbrev  0x000027a5      0x16c ..\obj\queue.o
 .debug_abbrev  0x00002911      0x109 ..\obj\port.o
 .debug_abbrev  0x00002a1a      0x119 ..\obj\game.o
 .debug_abbrev  0x00002b33      0x1af ..\obj\stm32f10x_sdio.o
 .debug_abbrev  0x00002ce2      0x1f4 ..\obj\ff.o
 .debug_abbrev  0x00002ed6      0x155 ..\obj\stm32f10x_dma.o
 .debug_abbrev  0x0000302b      0x154 ..\obj\misc.o
 .debug_abbrev  0x0000317f      0x17e ..\obj\stm32f10x_spi.o
 .debug_abbrev  0x000032fd      0x1e0 ..\obj\hardware_init.o
 .debug_abbrev  0x000034dd      0x166 ..\obj\heap_2.o
 .debug_abbrev  0x00003643      0x158 ..\obj\global_variables.o
 .debug_abbrev  0x0000379b      0x295 ..\obj\usart.o

.debug_aranges  0x00000000     0x1870
 .debug_aranges
                0x00000000       0x48 ..\obj\bluetooth.o
 .debug_aranges
                0x00000048       0x88 ..\obj\stm32f10x_rtc.o
 .debug_aranges
                0x000000d0      0x2f0 ..\obj\stm32f10x_tim.o
 .debug_aranges
                0x000003c0       0x28 ..\obj\bluetooth_modul.o
 .debug_aranges
                0x000003e8      0x138 ..\obj\sdio_sd.o
 .debug_aranges
                0x00000520       0x38 ..\obj\system_stm32f10x.o
 .debug_aranges
                0x00000558       0x28 ..\obj\startup_stm32f10x_hd.o
 .debug_aranges
                0x00000580       0x38 ..\obj\chipher.o
 .debug_aranges
                0x000005b8      0x108 ..\obj\f10x-pcd8544.o
 .debug_aranges
                0x000006c0       0x48 ..\obj\diskio.o
 .debug_aranges
                0x00000708       0xa8 ..\obj\stm32f10x_gpio.o
 .debug_aranges
                0x000007b0       0x78 ..\obj\stm32f10x_dac.o
 .debug_aranges
                0x00000828      0x238 ..\obj\main.o
 .debug_aranges
                0x00000a60       0x30 ..\obj\bandana.o
 .debug_aranges
                0x00000a90      0x118 ..\obj\stm32f10x_rcc.o
 .debug_aranges
                0x00000ba8       0xd8 ..\obj\display.o
 .debug_aranges
                0x00000c80       0x58 ..\obj\slots.o
 .debug_aranges
                0x00000cd8       0x58 ..\obj\stm32f10x_exti.o
 .debug_aranges
                0x00000d30      0x118 ..\obj\tasks.o
 .debug_aranges
                0x00000e48      0x138 ..\obj\stm32f10x_adc.o
 .debug_aranges
                0x00000f80       0x30 ..\obj\gun.o
 .debug_aranges
                0x00000fb0      0x100 ..\obj\stm32f10x_usart.o
 .debug_aranges
                0x000010b0       0x50 ..\obj\tim_isr.o
 .debug_aranges
                0x00001100       0x90 ..\obj\menu.o
 .debug_aranges
                0x00001190       0x40 ..\obj\list.o
 .debug_aranges
                0x000011d0       0xa8 ..\obj\queue.o
 .debug_aranges
                0x00001278       0x70 ..\obj\port.o
 .debug_aranges
                0x000012e8       0x28 ..\obj\game.o
 .debug_aranges
                0x00001310      0x108 ..\obj\stm32f10x_sdio.o
 .debug_aranges
                0x00001418      0x178 ..\obj\ff.o
 .debug_aranges
                0x00001590       0x70 ..\obj\stm32f10x_dma.o
 .debug_aranges
                0x00001600       0x40 ..\obj\misc.o
 .debug_aranges
                0x00001640       0xd0 ..\obj\stm32f10x_spi.o
 .debug_aranges
                0x00001710       0x90 ..\obj\hardware_init.o
 .debug_aranges
                0x000017a0       0x38 ..\obj\heap_2.o
 .debug_aranges
                0x000017d8       0x18 ..\obj\global_variables.o
 .debug_aranges
                0x000017f0       0x80 ..\obj\usart.o

.debug_ranges   0x00000000     0x1618
 .debug_ranges  0x00000000       0x38 ..\obj\bluetooth.o
 .debug_ranges  0x00000038       0x78 ..\obj\stm32f10x_rtc.o
 .debug_ranges  0x000000b0      0x2e0 ..\obj\stm32f10x_tim.o
 .debug_ranges  0x00000390       0x18 ..\obj\bluetooth_modul.o
 .debug_ranges  0x000003a8      0x128 ..\obj\sdio_sd.o
 .debug_ranges  0x000004d0       0x28 ..\obj\system_stm32f10x.o
 .debug_ranges  0x000004f8       0x18 ..\obj\startup_stm32f10x_hd.o
 .debug_ranges  0x00000510       0x28 ..\obj\chipher.o
 .debug_ranges  0x00000538       0xf8 ..\obj\f10x-pcd8544.o
 .debug_ranges  0x00000630       0x38 ..\obj\diskio.o
 .debug_ranges  0x00000668       0x98 ..\obj\stm32f10x_gpio.o
 .debug_ranges  0x00000700       0x68 ..\obj\stm32f10x_dac.o
 .debug_ranges  0x00000768      0x228 ..\obj\main.o
 .debug_ranges  0x00000990       0x20 ..\obj\bandana.o
 .debug_ranges  0x000009b0      0x108 ..\obj\stm32f10x_rcc.o
 .debug_ranges  0x00000ab8       0xc8 ..\obj\display.o
 .debug_ranges  0x00000b80       0x48 ..\obj\slots.o
 .debug_ranges  0x00000bc8       0x48 ..\obj\stm32f10x_exti.o
 .debug_ranges  0x00000c10      0x108 ..\obj\tasks.o
 .debug_ranges  0x00000d18      0x128 ..\obj\stm32f10x_adc.o
 .debug_ranges  0x00000e40       0x20 ..\obj\gun.o
 .debug_ranges  0x00000e60       0xf0 ..\obj\stm32f10x_usart.o
 .debug_ranges  0x00000f50       0x40 ..\obj\tim_isr.o
 .debug_ranges  0x00000f90       0x80 ..\obj\menu.o
 .debug_ranges  0x00001010       0x30 ..\obj\list.o
 .debug_ranges  0x00001040       0x98 ..\obj\queue.o
 .debug_ranges  0x000010d8       0x60 ..\obj\port.o
 .debug_ranges  0x00001138       0x18 ..\obj\game.o
 .debug_ranges  0x00001150       0xf8 ..\obj\stm32f10x_sdio.o
 .debug_ranges  0x00001248      0x168 ..\obj\ff.o
 .debug_ranges  0x000013b0       0x60 ..\obj\stm32f10x_dma.o
 .debug_ranges  0x00001410       0x30 ..\obj\misc.o
 .debug_ranges  0x00001440       0xc0 ..\obj\stm32f10x_spi.o
 .debug_ranges  0x00001500       0x80 ..\obj\hardware_init.o
 .debug_ranges  0x00001580       0x28 ..\obj\heap_2.o
 .debug_ranges  0x000015a8       0x70 ..\obj\usart.o

.debug_line     0x00000000     0xbb71
 .debug_line    0x00000000      0x599 ..\obj\bluetooth.o
 .debug_line    0x00000599      0x2f5 ..\obj\stm32f10x_rtc.o
 .debug_line    0x0000088e      0xadf ..\obj\stm32f10x_tim.o
 .debug_line    0x0000136d      0x32e ..\obj\bluetooth_modul.o
 .debug_line    0x0000169b      0xdb4 ..\obj\sdio_sd.o
 .debug_line    0x0000244f      0x278 ..\obj\system_stm32f10x.o
 .debug_line    0x000026c7       0xe3 ..\obj\startup_stm32f10x_hd.o
 .debug_line    0x000027aa      0x165 ..\obj\chipher.o
 .debug_line    0x0000290f      0x80f ..\obj\f10x-pcd8544.o
 .debug_line    0x0000311e      0x27a ..\obj\diskio.o
 .debug_line    0x00003398      0x413 ..\obj\stm32f10x_gpio.o
 .debug_line    0x000037ab      0x34d ..\obj\stm32f10x_dac.o
 .debug_line    0x00003af8     0x1295 ..\obj\main.o
 .debug_line    0x00004d8d      0x22b ..\obj\bandana.o
 .debug_line    0x00004fb8      0x521 ..\obj\stm32f10x_rcc.o
 .debug_line    0x000054d9      0x5ee ..\obj\display.o
 .debug_line    0x00005ac7      0x2ae ..\obj\slots.o
 .debug_line    0x00005d75      0x309 ..\obj\stm32f10x_exti.o
 .debug_line    0x0000607e      0x75c ..\obj\tasks.o
 .debug_line    0x000067da      0x586 ..\obj\stm32f10x_adc.o
 .debug_line    0x00006d60      0x461 ..\obj\gun.o
 .debug_line    0x000071c1      0x4fe ..\obj\stm32f10x_usart.o
 .debug_line    0x000076bf      0x5b2 ..\obj\tim_isr.o
 .debug_line    0x00007c71      0x676 ..\obj\menu.o
 .debug_line    0x000082e7      0x266 ..\obj\list.o
 .debug_line    0x0000854d      0x489 ..\obj\queue.o
 .debug_line    0x000089d6      0x23f ..\obj\port.o
 .debug_line    0x00008c15      0x368 ..\obj\game.o
 .debug_line    0x00008f7d      0x4b0 ..\obj\stm32f10x_sdio.o
 .debug_line    0x0000942d      0xeb8 ..\obj\ff.o
 .debug_line    0x0000a2e5      0x368 ..\obj\stm32f10x_dma.o
 .debug_line    0x0000a64d      0x2a9 ..\obj\misc.o
 .debug_line    0x0000a8f6      0x486 ..\obj\stm32f10x_spi.o
 .debug_line    0x0000ad7c      0x560 ..\obj\hardware_init.o
 .debug_line    0x0000b2dc      0x19f ..\obj\heap_2.o
 .debug_line    0x0000b47b      0x286 ..\obj\global_variables.o
 .debug_line    0x0000b701      0x470 ..\obj\usart.o

.debug_str      0x00000000     0x859b
 .debug_str     0x00000000      0xbac ..\obj\bluetooth.o
                                0xcc3 (size before relaxing)
 .debug_str     0x00000bac      0x26f ..\obj\stm32f10x_rtc.o
                                0x3c2 (size before relaxing)
 .debug_str     0x00000e1b      0xbc1 ..\obj\stm32f10x_tim.o
                                0xdfd (size before relaxing)
 .debug_str     0x000019dc       0xde ..\obj\bluetooth_modul.o
                                0x2d1 (size before relaxing)
 .debug_str     0x00001aba      0xea2 ..\obj\sdio_sd.o
                               0x10a3 (size before relaxing)
 .debug_str     0x0000295c      0x1b5 ..\obj\system_stm32f10x.o
                                0x30c (size before relaxing)
 .debug_str     0x00002b11       0xf1 ..\obj\startup_stm32f10x_hd.o
                                0x191 (size before relaxing)
 .debug_str     0x00002c02       0xb4 ..\obj\chipher.o
                                0x253 (size before relaxing)
 .debug_str     0x00002cb6      0x890 ..\obj\f10x-pcd8544.o
                               0x1075 (size before relaxing)
 .debug_str     0x00003546      0x10d ..\obj\diskio.o
                                0x80f (size before relaxing)
 .debug_str     0x00003653      0x292 ..\obj\stm32f10x_gpio.o
                                0x539 (size before relaxing)
 .debug_str     0x000038e5      0x264 ..\obj\stm32f10x_dac.o
                                0x3cf (size before relaxing)
 .debug_str     0x00003b49     0x101b ..\obj\main.o
                               0x2aad (size before relaxing)
 .debug_str     0x00004b64      0x101 ..\obj\bandana.o
                                0x274 (size before relaxing)
 .debug_str     0x00004c65      0x423 ..\obj\stm32f10x_rcc.o
                                0x63a (size before relaxing)
 .debug_str     0x00005088      0x326 ..\obj\display.o
                                0x685 (size before relaxing)
 .debug_str     0x000053ae      0x152 ..\obj\slots.o
                                0x29e (size before relaxing)
 .debug_str     0x00005500      0x146 ..\obj\stm32f10x_exti.o
                                0x37e (size before relaxing)
 .debug_str     0x00005646      0x763 ..\obj\tasks.o
                                0x936 (size before relaxing)
 .debug_str     0x00005da9      0x4fc ..\obj\stm32f10x_adc.o
                                0x71b (size before relaxing)
 .debug_str     0x000062a5       0xc3 ..\obj\gun.o
                                0x970 (size before relaxing)
 .debug_str     0x00006368      0x456 ..\obj\stm32f10x_usart.o
                                0x6b0 (size before relaxing)
 .debug_str     0x000067be      0x11b ..\obj\tim_isr.o
                                0x84c (size before relaxing)
 .debug_str     0x000068d9      0x451 ..\obj\menu.o
                                0xbcd (size before relaxing)
 .debug_str     0x00006d2a      0x11c ..\obj\list.o
                                0x2d1 (size before relaxing)
 .debug_str     0x00006e46      0x37a ..\obj\queue.o
                                0x5a0 (size before relaxing)
 .debug_str     0x000071c0      0x1a5 ..\obj\port.o
                                0x2ad (size before relaxing)
 .debug_str     0x00007365       0x9a ..\obj\game.o
                                0x69c (size before relaxing)
 .debug_str     0x000073ff      0x31a ..\obj\stm32f10x_sdio.o
                                0x65b (size before relaxing)
 .debug_str     0x00007719      0x2db ..\obj\ff.o
                                0x6ed (size before relaxing)
 .debug_str     0x000079f4      0x180 ..\obj\stm32f10x_dma.o
                                0x3e1 (size before relaxing)
 .debug_str     0x00007b74      0x158 ..\obj\misc.o
                                0x3e3 (size before relaxing)
 .debug_str     0x00007ccc      0x2f9 ..\obj\stm32f10x_spi.o
                                0x61d (size before relaxing)
 .debug_str     0x00007fc5      0x1c1 ..\obj\hardware_init.o
                                0xf6e (size before relaxing)
 .debug_str     0x00008186      0x1d3 ..\obj\heap_2.o
                                0x2fc (size before relaxing)
 .debug_str     0x00008359       0xb2 ..\obj\global_variables.o
                                0xcc1 (size before relaxing)
 .debug_str     0x0000840b      0x190 ..\obj\usart.o
                                0x9bc (size before relaxing)

.comment        0x00000000       0x70
 .comment       0x00000000       0x70 ..\obj\bluetooth.o
                                 0x71 (size before relaxing)
 .comment       0x00000000       0x71 ..\obj\stm32f10x_rtc.o
 .comment       0x00000000       0x71 ..\obj\stm32f10x_tim.o
 .comment       0x00000000       0x71 ..\obj\bluetooth_modul.o
 .comment       0x00000000       0x71 ..\obj\sdio_sd.o
 .comment       0x00000000       0x71 ..\obj\system_stm32f10x.o
 .comment       0x00000000       0x71 ..\obj\startup_stm32f10x_hd.o
 .comment       0x00000000       0x71 ..\obj\chipher.o
 .comment       0x00000000       0x71 ..\obj\f10x-pcd8544.o
 .comment       0x00000000       0x71 ..\obj\diskio.o
 .comment       0x00000000       0x71 ..\obj\stm32f10x_gpio.o
 .comment       0x00000000       0x71 ..\obj\stm32f10x_dac.o
 .comment       0x00000000       0x71 ..\obj\main.o
 .comment       0x00000000       0x71 ..\obj\bandana.o
 .comment       0x00000000       0x71 ..\obj\stm32f10x_rcc.o
 .comment       0x00000000       0x71 ..\obj\display.o
 .comment       0x00000000       0x71 ..\obj\slots.o
 .comment       0x00000000       0x71 ..\obj\stm32f10x_exti.o
 .comment       0x00000000       0x71 ..\obj\tasks.o
 .comment       0x00000000       0x71 ..\obj\stm32f10x_adc.o
 .comment       0x00000000       0x71 ..\obj\gun.o
 .comment       0x00000000       0x71 ..\obj\stm32f10x_usart.o
 .comment       0x00000000       0x71 ..\obj\tim_isr.o
 .comment       0x00000000       0x71 ..\obj\menu.o
 .comment       0x00000000       0x71 ..\obj\list.o
 .comment       0x00000000       0x71 ..\obj\queue.o
 .comment       0x00000000       0x71 ..\obj\port.o
 .comment       0x00000000       0x71 ..\obj\game.o
 .comment       0x00000000       0x71 ..\obj\stm32f10x_sdio.o
 .comment       0x00000000       0x71 ..\obj\ff.o
 .comment       0x00000000       0x71 ..\obj\stm32f10x_dma.o
 .comment       0x00000000       0x71 ..\obj\misc.o
 .comment       0x00000000       0x71 ..\obj\stm32f10x_spi.o
 .comment       0x00000000       0x71 ..\obj\hardware_init.o
 .comment       0x00000000       0x71 ..\obj\heap_2.o
 .comment       0x00000000       0x71 ..\obj\global_variables.o
 .comment       0x00000000       0x71 ..\obj\usart.o

.ARM.attributes
                0x00000000       0x31
 .ARM.attributes
                0x00000000       0x33 ..\obj\bluetooth.o
 .ARM.attributes
                0x00000033       0x33 ..\obj\stm32f10x_rtc.o
 .ARM.attributes
                0x00000066       0x33 ..\obj\stm32f10x_tim.o
 .ARM.attributes
                0x00000099       0x33 ..\obj\bluetooth_modul.o
 .ARM.attributes
                0x000000cc       0x33 ..\obj\sdio_sd.o
 .ARM.attributes
                0x000000ff       0x33 ..\obj\system_stm32f10x.o
 .ARM.attributes
                0x00000132       0x33 ..\obj\startup_stm32f10x_hd.o
 .ARM.attributes
                0x00000165       0x33 ..\obj\chipher.o
 .ARM.attributes
                0x00000198       0x33 ..\obj\f10x-pcd8544.o
 .ARM.attributes
                0x000001cb       0x33 ..\obj\diskio.o
 .ARM.attributes
                0x000001fe       0x33 ..\obj\stm32f10x_gpio.o
 .ARM.attributes
                0x00000231       0x33 ..\obj\stm32f10x_dac.o
 .ARM.attributes
                0x00000264       0x33 ..\obj\main.o
 .ARM.attributes
                0x00000297       0x33 ..\obj\bandana.o
 .ARM.attributes
                0x000002ca       0x33 ..\obj\stm32f10x_rcc.o
 .ARM.attributes
                0x000002fd       0x33 ..\obj\display.o
 .ARM.attributes
                0x00000330       0x33 ..\obj\slots.o
 .ARM.attributes
                0x00000363       0x33 ..\obj\stm32f10x_exti.o
 .ARM.attributes
                0x00000396       0x33 ..\obj\tasks.o
 .ARM.attributes
                0x000003c9       0x33 ..\obj\stm32f10x_adc.o
 .ARM.attributes
                0x000003fc       0x33 ..\obj\gun.o
 .ARM.attributes
                0x0000042f       0x33 ..\obj\stm32f10x_usart.o
 .ARM.attributes
                0x00000462       0x33 ..\obj\tim_isr.o
 .ARM.attributes
                0x00000495       0x33 ..\obj\menu.o
 .ARM.attributes
                0x000004c8       0x33 ..\obj\list.o
 .ARM.attributes
                0x000004fb       0x33 ..\obj\queue.o
 .ARM.attributes
                0x0000052e       0x33 ..\obj\port.o
 .ARM.attributes
                0x00000561       0x33 ..\obj\game.o
 .ARM.attributes
                0x00000594       0x33 ..\obj\stm32f10x_sdio.o
 .ARM.attributes
                0x000005c7       0x33 ..\obj\ff.o
 .ARM.attributes
                0x000005fa       0x33 ..\obj\stm32f10x_dma.o
 .ARM.attributes
                0x0000062d       0x33 ..\obj\misc.o
 .ARM.attributes
                0x00000660       0x33 ..\obj\stm32f10x_spi.o
 .ARM.attributes
                0x00000693       0x33 ..\obj\hardware_init.o
 .ARM.attributes
                0x000006c6       0x33 ..\obj\heap_2.o
 .ARM.attributes
                0x000006f9       0x33 ..\obj\global_variables.o
 .ARM.attributes
                0x0000072c       0x33 ..\obj\usart.o
 .ARM.attributes
                0x0000075f       0x2d d:/armtools/bin/../lib/gcc/arm-none-eabi/4.8.3/../../../../arm-none-eabi/lib/armv7-m\libg.a(lib_a-memchr-stub.o)
 .ARM.attributes
                0x0000078c       0x1b d:/armtools/bin/../lib/gcc/arm-none-eabi/4.8.3/../../../../arm-none-eabi/lib/armv7-m\libg.a(lib_a-memcpy.o)
 .ARM.attributes
                0x000007a7       0x2d d:/armtools/bin/../lib/gcc/arm-none-eabi/4.8.3/../../../../arm-none-eabi/lib/armv7-m\libg.a(lib_a-memmem.o)
 .ARM.attributes
                0x000007d4       0x2d d:/armtools/bin/../lib/gcc/arm-none-eabi/4.8.3/../../../../arm-none-eabi/lib/armv7-m\libg.a(lib_a-memmove.o)
 .ARM.attributes
                0x00000801       0x2d d:/armtools/bin/../lib/gcc/arm-none-eabi/4.8.3/../../../../arm-none-eabi/lib/armv7-m\libg.a(lib_a-memset.o)
 .ARM.attributes
                0x0000082e       0x2d d:/armtools/bin/../lib/gcc/arm-none-eabi/4.8.3/../../../../arm-none-eabi/lib/armv7-m\libg.a(lib_a-strlen.o)
 .ARM.attributes
                0x0000085b       0x2d d:/armtools/bin/../lib/gcc/arm-none-eabi/4.8.3/../../../../arm-none-eabi/lib/armv7-m\libg.a(lib_a-strncpy.o)
 .ARM.attributes
                0x00000888       0x2d d:/armtools/bin/../lib/gcc/arm-none-eabi/4.8.3/../../../../arm-none-eabi/lib/armv7-m\libg.a(lib_a-memcmp.o)
