Archive member included because of file (symbol)

d:/armtools/bin/../lib/gcc/arm-none-eabi/4.8.3/armv7-m\libgcc.a(_arm_addsubsf3.o)
                              ..\obj\GFXC.o (__aeabi_fsub)
d:/armtools/bin/../lib/gcc/arm-none-eabi/4.8.3/armv7-m\libgcc.a(_arm_muldivsf3.o)
                              ..\obj\GFXC.o (__aeabi_fmul)
d:/armtools/bin/../lib/gcc/arm-none-eabi/4.8.3/armv7-m\libgcc.a(_arm_cmpsf2.o)
                              ..\obj\GFXC.o (__aeabi_fcmplt)
d:/armtools/bin/../lib/gcc/arm-none-eabi/4.8.3/armv7-m\libgcc.a(_arm_fixsfsi.o)
                              ..\obj\GFXC.o (__aeabi_f2iz)
d:/armtools/bin/../lib/gcc/arm-none-eabi/4.8.3/../../../../arm-none-eabi/lib/armv7-m\libg.a(lib_a-memchr-stub.o)
                              ..\obj\slots.o (memchr)
d:/armtools/bin/../lib/gcc/arm-none-eabi/4.8.3/../../../../arm-none-eabi/lib/armv7-m\libg.a(lib_a-memcpy.o)
                              ..\obj\main.o (memcpy)
d:/armtools/bin/../lib/gcc/arm-none-eabi/4.8.3/../../../../arm-none-eabi/lib/armv7-m\libg.a(lib_a-memmem.o)
                              ..\obj\main.o (memmem)
d:/armtools/bin/../lib/gcc/arm-none-eabi/4.8.3/../../../../arm-none-eabi/lib/armv7-m\libg.a(lib_a-memmove.o)
                              ..\obj\slots.o (memmove)
d:/armtools/bin/../lib/gcc/arm-none-eabi/4.8.3/../../../../arm-none-eabi/lib/armv7-m\libg.a(lib_a-memset.o)
                              ..\obj\tasks.o (memset)
d:/armtools/bin/../lib/gcc/arm-none-eabi/4.8.3/../../../../arm-none-eabi/lib/armv7-m\libg.a(lib_a-strlen.o)
                              ..\obj\GFXC.o (strlen)
d:/armtools/bin/../lib/gcc/arm-none-eabi/4.8.3/../../../../arm-none-eabi/lib/armv7-m\libg.a(lib_a-strncpy.o)
                              ..\obj\tasks.o (strncpy)
d:/armtools/bin/../lib/gcc/arm-none-eabi/4.8.3/../../../../arm-none-eabi/lib/armv7-m\libg.a(lib_a-memcmp.o)
                              d:/armtools/bin/../lib/gcc/arm-none-eabi/4.8.3/../../../../arm-none-eabi/lib/armv7-m\libg.a(lib_a-memmem.o) (memcmp)

Allocating common symbols
Common symbol       size              file

bt_configured       0x1               ..\obj\global_variables.o
SDIO_CmdInitStructure
                    0x14              ..\obj\sdio_sd.o
Zone4RxEvent        0x1               ..\obj\global_variables.o
timer7              0xa               ..\obj\global_variables.o
xKeysSemaphore      0x4               ..\obj\global_variables.o
Zone1RxEvent        0x1               ..\obj\global_variables.o
safe_counter        0x1               ..\obj\global_variables.o
writeBuffer         0x40              ..\obj\main.o
bt_rx_packet        0x3               ..\obj\bluetooth.o
xWavPlayerManagerSemaphore
                    0x4               ..\obj\global_variables.o
xUsart1Semaphore    0x4               ..\obj\global_variables.o
fs                  0x230             ..\obj\main.o
timer2              0xa               ..\obj\global_variables.o
tim3_rec_state      0x1               ..\obj\global_variables.o
sett_page           0x10              ..\obj\menu.o
Zone2RxEvent        0x1               ..\obj\global_variables.o
xHitSemaphore       0x4               ..\obj\global_variables.o
hit_in_processing   0x8               ..\obj\bluetooth.o
xSoundBuffTCSemaphore
                    0x4               ..\obj\global_variables.o
new_ir_power_offset_value
                    0x2               ..\obj\menu.o
armadaSystem        0x17c             ..\obj\global_variables.o
new_ir_power_value  0x2               ..\obj\menu.o
xZone4Semaphore     0x4               ..\obj\global_variables.o
read_sektor_res     0x1               ..\obj\main.o
DestBuffer          0x4               ..\obj\sdio_sd.o
ir_tx_buffer_cursor
                    0x6               ..\obj\global_variables.o
lcd8544_buff        0x1f8             ..\obj\f10x-pcd8544.o
tim4_ir_rx_count    0x2               ..\obj\global_variables.o
br                  0x4               ..\obj\main.o
readBuffer          0x100             ..\obj\main.o
zone3_rx_buffer     0x28              ..\obj\global_variables.o
xEventQueue         0x4               ..\obj\global_variables.o
request_text        0x10              ..\obj\global_variables.o
xWavPlayerSemaphore
                    0x4               ..\obj\global_variables.o
xSoundBuffHTSemaphore
                    0x4               ..\obj\global_variables.o
S                   0x12              ..\obj\ILI9163.o
new_year_value      0x2               ..\obj\menu.o
countdown_shock_time
                    0x1               ..\obj\global_variables.o
SDCardInfo          0x50              ..\obj\sdio_sd.o
SDIO_InitStructure  0x18              ..\obj\sdio_sd.o
xZone1Semaphore     0x4               ..\obj\global_variables.o
rx_buffer           0x28              ..\obj\global_variables.o
key_pressing_duration
                    0xc               ..\obj\global_variables.o
[...]
Memory Configuration

Name             Origin             Length             Attributes
rom              0x08000000         0x00080000         xr
ram              0x20000000         0x00010000         xrw
*default*        0x00000000         0xffffffff

Linker script and memory map

                0x20010000                _eram = 0x20010000

.text           0x08000000    0x3618c
 *(.isr_vector)
 .isr_vector    0x08000000      0x134 ..\obj\startup_stm32f10x_hd.o
                0x08000000                g_pfnVectors
 *(.text*)
 .text.set_bt_buffer_bit
                0x08000134       0x88 ..\obj\bluetooth.o
                0x08000134                set_bt_buffer_bit
 .text.parsing_bt_data
                0x080001bc      0x10c ..\obj\bluetooth.o
                0x080001bc                parsing_bt_data
 .text.get_bt_buffer_bit
                0x080002c8       0x54 ..\obj\bluetooth.o
                0x080002c8                get_bt_buffer_bit
 .text.test_bt_data
                0x0800031c      0x52c ..\obj\bluetooth.o
                0x0800031c                test_bt_data
 .text.get_bt_packet_value
                0x08000848       0x6c ..\obj\bluetooth.o
                0x08000848                get_bt_packet_value
 .text.get_bt_message_value
                0x080008b4       0xcc ..\obj\bluetooth.o
                0x080008b4                get_bt_message_value
 .text.RTC_ITConfig
                0x08000980       0x48 ..\obj\stm32f10x_rtc.o
                0x08000980                RTC_ITConfig
 .text.RTC_EnterConfigMode
                0x080009c8       0x20 ..\obj\stm32f10x_rtc.o
                0x080009c8                RTC_EnterConfigMode
 .text.RTC_ExitConfigMode
                0x080009e8       0x20 ..\obj\stm32f10x_rtc.o
                0x080009e8                RTC_ExitConfigMode
 .text.RTC_GetCounter
                0x08000a08       0x2c ..\obj\stm32f10x_rtc.o
                0x08000a08                RTC_GetCounter
 .text.RTC_SetCounter
                0x08000a34       0x2c ..\obj\stm32f10x_rtc.o
                0x08000a34                RTC_SetCounter
 .text.RTC_SetPrescaler
                0x08000a60       0x30 ..\obj\stm32f10x_rtc.o
                0x08000a60                RTC_SetPrescaler
 .text.RTC_WaitForLastTask
                0x08000a90       0x20 ..\obj\stm32f10x_rtc.o
                0x08000a90                RTC_WaitForLastTask
 .text.RTC_WaitForSynchro
                0x08000ab0       0x30 ..\obj\stm32f10x_rtc.o
                0x08000ab0                RTC_WaitForSynchro
 .text.RTC_GetITStatus
                0x08000ae0       0x50 ..\obj\stm32f10x_rtc.o
                0x08000ae0                RTC_GetITStatus
 .text.RTC_ClearITPendingBit
                0x08000b30       0x2c ..\obj\stm32f10x_rtc.o
                0x08000b30                RTC_ClearITPendingBit
 .text.TIM_DeInit
                0x08000b5c      0x22c ..\obj\stm32f10x_tim.o
                0x08000b5c                TIM_DeInit
 .text.TIM_TimeBaseInit
                0x08000d88       0xf8 ..\obj\stm32f10x_tim.o
                0x08000d88                TIM_TimeBaseInit
 .text.TIM_OC1Init
                0x08000e80      0x118 ..\obj\stm32f10x_tim.o
                0x08000e80                TIM_OC1Init
 .text.TIM_OC3Init
                0x08000f98      0x10c ..\obj\stm32f10x_tim.o
                0x08000f98                TIM_OC3Init
 .text.TIM_PWMIConfig
                0x080010a4       0xb8 ..\obj\stm32f10x_tim.o
                0x080010a4                TIM_PWMIConfig
 .text.TIM_BDTRConfig
                0x0800115c       0x50 ..\obj\stm32f10x_tim.o
                0x0800115c                TIM_BDTRConfig
 .text.TIM_TimeBaseStructInit
                0x080011ac       0x34 ..\obj\stm32f10x_tim.o
                0x080011ac                TIM_TimeBaseStructInit
 .text.TIM_OCStructInit
                0x080011e0       0x44 ..\obj\stm32f10x_tim.o
                0x080011e0                TIM_OCStructInit
 .text.TIM_BDTRStructInit
                0x08001224       0x3c ..\obj\stm32f10x_tim.o
                0x08001224                TIM_BDTRStructInit
 .text.TIM_Cmd  0x08001260       0x40 ..\obj\stm32f10x_tim.o
                0x08001260                TIM_Cmd
 .text.TIM_ITConfig
                0x080012a0       0x48 ..\obj\stm32f10x_tim.o
                0x080012a0                TIM_ITConfig
 .text.TIM_DMACmd
                0x080012e8       0x48 ..\obj\stm32f10x_tim.o
                0x080012e8                TIM_DMACmd
 .text.TIM_SelectInputTrigger
                0x08001330       0x38 ..\obj\stm32f10x_tim.o
                0x08001330                TIM_SelectInputTrigger
 .text.TIM_SelectOutputTrigger
                0x08001368       0x38 ..\obj\stm32f10x_tim.o
                0x08001368                TIM_SelectOutputTrigger
 .text.TIM_SelectSlaveMode
                0x080013a0       0x38 ..\obj\stm32f10x_tim.o
                0x080013a0                TIM_SelectSlaveMode
 .text.TIM_SelectMasterSlaveMode
                0x080013d8       0x38 ..\obj\stm32f10x_tim.o
                0x080013d8                TIM_SelectMasterSlaveMode
 .text.TIM_SetIC1Prescaler
                0x08001410       0x38 ..\obj\stm32f10x_tim.o
                0x08001410                TIM_SetIC1Prescaler
 .text.TIM_SetIC2Prescaler
                0x08001448       0x3c ..\obj\stm32f10x_tim.o
                0x08001448                TIM_SetIC2Prescaler
 .text.TIM_GetCapture1
                0x08001484       0x1c ..\obj\stm32f10x_tim.o
                0x08001484                TIM_GetCapture1
 .text.TIM_GetCapture2
                0x080014a0       0x1c ..\obj\stm32f10x_tim.o
                0x080014a0                TIM_GetCapture2
 .text.TIM_GetFlagStatus
                0x080014bc       0x38 ..\obj\stm32f10x_tim.o
                0x080014bc                TIM_GetFlagStatus
 .text.TIM_ClearFlag
                0x080014f4       0x20 ..\obj\stm32f10x_tim.o
                0x080014f4                TIM_ClearFlag
 .text.TIM_GetITStatus
                0x08001514       0x54 ..\obj\stm32f10x_tim.o
                0x08001514                TIM_GetITStatus
 .text.TIM_ClearITPendingBit
                0x08001568       0x20 ..\obj\stm32f10x_tim.o
                0x08001568                TIM_ClearITPendingBit
 .text.TI1_Config
                0x08001588       0xd4 ..\obj\stm32f10x_tim.o
 .text.TI2_Config
                0x0800165c       0xe8 ..\obj\stm32f10x_tim.o
 .text.bluetooth_module_on_connected
                0x08001744       0x20 ..\obj\bluetooth_modul.o
                0x08001744                bluetooth_module_on_connected
 .text.bluetooth_module_on_disconnected
                0x08001764       0x48 ..\obj\bluetooth_modul.o
                0x08001764                bluetooth_module_on_disconnected
 .text.SD_LowLevel_Init
                0x080017ac       0x68 ..\obj\sdio_sd.o
                0x080017ac                SD_LowLevel_Init
 .text.SD_DMAEndOfTransferStatus
                0x08001814       0x14 ..\obj\sdio_sd.o
                0x08001814                SD_DMAEndOfTransferStatus
 .text.SD_LowLevel_DMA_RxConfig
                0x08001828       0x74 ..\obj\sdio_sd.o
                0x08001828                SD_LowLevel_DMA_RxConfig
 .text.SD_LowLevel_DMA_TxConfig
                0x0800189c       0x74 ..\obj\sdio_sd.o
                0x0800189c                SD_LowLevel_DMA_TxConfig
 .text.SD_Init  0x08001910       0xbc ..\obj\sdio_sd.o
                0x08001910                SD_Init
 .text.SD_PowerON
                0x080019cc      0x218 ..\obj\sdio_sd.o
                0x080019cc                SD_PowerON
 .text.SD_InitializeCards
                0x08001be4      0x18c ..\obj\sdio_sd.o
                0x08001be4                SD_InitializeCards
 .text.SD_GetCardInfo
                0x08001d70      0x564 ..\obj\sdio_sd.o
                0x08001d70                SD_GetCardInfo
 .text.SD_EnableWideBusOperation
                0x080022d4       0xd8 ..\obj\sdio_sd.o
                0x080022d4                SD_EnableWideBusOperation
 .text.SD_SetDeviceMode
                0x080023ac       0x3c ..\obj\sdio_sd.o
                0x080023ac                SD_SetDeviceMode
 .text.SD_SelectDeselect
                0x080023e8       0x4c ..\obj\sdio_sd.o
                0x080023e8                SD_SelectDeselect
 .text.SD_ReadBlock
                0x08002434      0x330 ..\obj\sdio_sd.o
                0x08002434                SD_ReadBlock
 .text.SD_ReadMultiBlocks
                0x08002764      0x3cc ..\obj\sdio_sd.o
                0x08002764                SD_ReadMultiBlocks
 .text.SD_WriteBlock
                0x08002b30      0x4b0 ..\obj\sdio_sd.o
                0x08002b30                SD_WriteBlock
 .text.SD_WriteMultiBlocks
                0x08002fe0      0x590 ..\obj\sdio_sd.o
                0x08002fe0                SD_WriteMultiBlocks
 .text.CmdError
                0x08003570       0x4c ..\obj\sdio_sd.o
 .text.CmdResp7Error
                0x080035bc       0x78 ..\obj\sdio_sd.o
 .text.CmdResp1Error
                0x08003634      0x1a0 ..\obj\sdio_sd.o
 .text.CmdResp3Error
                0x080037d4       0x50 ..\obj\sdio_sd.o
 .text.CmdResp2Error
                0x08003824       0x68 ..\obj\sdio_sd.o
 .text.CmdResp6Error
                0x0800388c       0xcc ..\obj\sdio_sd.o
 .text.SDEnWideBus
                0x08003958      0x180 ..\obj\sdio_sd.o
 .text.IsCardProgramming
                0x08003ad8      0x1ec ..\obj\sdio_sd.o
 .text.FindSCR  0x08003cc4      0x208 ..\obj\sdio_sd.o
 .text.convert_from_bytes_to_power_of_two
                0x08003ecc       0x30 ..\obj\sdio_sd.o
 .text.SystemInit
                0x08003efc       0x68 ..\obj\system_stm32f10x.o
                0x08003efc                SystemInit
 .text.SetSysClock
                0x08003f64        0xc ..\obj\system_stm32f10x.o
 .text.SetSysClockTo24
                0x08003f70       0xf8 ..\obj\system_stm32f10x.o
 .text.Default_Reset_Handler
                0x08004068       0x60 ..\obj\startup_stm32f10x_hd.o
                0x08004068                Default_Reset_Handler
                0x08004068                Reset_Handler
 .text.Default_Handler
                0x080040c8        0x8 ..\obj\startup_stm32f10x_hd.o
                0x080040c8                EXTI2_IRQHandler
                0x080040c8                TIM8_TRG_COM_IRQHandler
                0x080040c8                DebugMon_Handler
                0x080040c8                TIM1_CC_IRQHandler
                0x080040c8                HardFault_Handler
                0x080040c8                TIM6_IRQHandler
                0x080040c8                SysTick_Handler
                0x080040c8                PVD_IRQHandler
                0x080040c8                SDIO_IRQHandler
                0x080040c8                PendSV_Handler
                0x080040c8                NMI_Handler
                0x080040c8                EXTI3_IRQHandler
                0x080040c8                EXTI0_IRQHandler
                0x080040c8                I2C2_EV_IRQHandler
                0x080040c8                UsageFault_Handler
                0x080040c8                SPI1_IRQHandler
                0x080040c8                TAMPER_IRQHandler
                0x080040c8                DMA1_Channel4_IRQHandler
                0x080040c8                USART3_IRQHandler
                0x080040c8                DMA1_Channel7_IRQHandler
                0x080040c8                CAN1_RX1_IRQHandler
                0x080040c8                UART5_IRQHandler
                0x080040c8                ADC3_IRQHandler
                0x080040c8                DMA2_Channel1_IRQHandler
                0x080040c8                I2C1_EV_IRQHandler
                0x080040c8                DMA1_Channel6_IRQHandler
                0x080040c8                UART4_IRQHandler
                0x080040c8                RCC_IRQHandler
                0x080040c8                TIM1_TRG_COM_IRQHandler
                0x080040c8                DMA1_Channel1_IRQHandler
                0x080040c8                EXTI15_10_IRQHandler
                0x080040c8                SPI2_IRQHandler
                0x080040c8                MemManage_Handler
                0x080040c8                SVC_Handler
                0x080040c8                EXTI4_IRQHandler
                0x080040c8                USB_LP_CAN1_RX0_IRQHandler
                0x080040c8                USB_HP_CAN1_TX_IRQHandler
                0x080040c8                DMA1_Channel3_IRQHandler
                0x080040c8                FSMC_IRQHandler
                0x080040c8                TIM1_UP_IRQHandler
                0x080040c8                WWDG_IRQHandler
                0x080040c8                TIM1_BRK_IRQHandler
                0x080040c8                EXTI1_IRQHandler
                0x080040c8                RTCAlarm_IRQHandler
                0x080040c8                DMA2_Channel4_5_IRQHandler
                0x080040c8                I2C2_ER_IRQHandler
                0x080040c8                DMA1_Channel2_IRQHandler
                0x080040c8                TIM8_BRK_IRQHandler
                0x080040c8                CAN1_SCE_IRQHandler
                0x080040c8                FLASH_IRQHandler
                0x080040c8                BusFault_Handler
                0x080040c8                SPI3_IRQHandler
                0x080040c8                I2C1_ER_IRQHandler
                0x080040c8                USBWakeUp_IRQHandler
 .text.get_uid  0x080040d0       0x44 ..\obj\chipher.o
                0x080040d0                get_uid
 .text.lcd8544_senddata
                0x08004114       0x1c ..\obj\f10x-pcd8544.o
                0x08004114                lcd8544_senddata
 .text.lcd8544_dma_refresh
                0x08004130       0x88 ..\obj\f10x-pcd8544.o
                0x08004130                lcd8544_dma_refresh
 .text.init_spi3
                0x080041b8       0x90 ..\obj\f10x-pcd8544.o
                0x080041b8                init_spi3
 .text.SPI3Send
                0x08004248       0x30 ..\obj\f10x-pcd8544.o
                0x08004248                SPI3Send
 .text.PWR_BackupAccessCmd
                0x08004278       0x20 ..\obj\stm32f10x_pwr.o
                0x08004278                PWR_BackupAccessCmd
 .text.disk_initialize
                0x08004298       0x40 ..\obj\diskio.o
                0x08004298                disk_initialize
 .text.disk_status
                0x080042d8       0x34 ..\obj\diskio.o
                0x080042d8                disk_status
 .text.disk_read
                0x0800430c       0x7c ..\obj\diskio.o
                0x0800430c                disk_read
 .text.disk_write
                0x08004388       0x74 ..\obj\diskio.o
                0x08004388                disk_write
 .text.disk_ioctl
                0x080043fc       0x9c ..\obj\diskio.o
                0x080043fc                disk_ioctl
 .text.get_fattime
                0x08004498       0x10 ..\obj\diskio.o
                0x08004498                get_fattime
 .text.PChar    0x080044a8      0x208 ..\obj\GFXC.o
                0x080044a8                PChar
 .text.PStr     0x080046b0      0x100 ..\obj\GFXC.o
                0x080046b0                PStr
 .text.PNum     0x080047b0      0x91c ..\obj\GFXC.o
                0x080047b0                PNum
 .text.drawBMPfromFlash
                0x080050cc       0xe0 ..\obj\GFXC.o
                0x080050cc                drawBMPfromFlash
 .text.drawBMPfromFlashUseDMA
                0x080051ac      0x14c ..\obj\GFXC.o
                0x080051ac                drawBMPfromFlashUseDMA
 .text.color_lcd_battary_voltage_update
                0x080052f8      0x1c8 ..\obj\GFXC.o
                0x080052f8                color_lcd_battary_voltage_update
 .text.color_lcd_health_update
                0x080054c0       0xb4 ..\obj\GFXC.o
                0x080054c0                color_lcd_health_update
 .text.color_lcd_rounds_update
                0x08005574       0xb4 ..\obj\GFXC.o
                0x08005574                color_lcd_rounds_update
 .text.color_lcd_clips_update
                0x08005628       0xb4 ..\obj\GFXC.o
                0x08005628                color_lcd_clips_update
 .text.color_lcd_time_update
                0x080056dc      0x134 ..\obj\GFXC.o
                0x080056dc                color_lcd_time_update
 .text.color_lcd_fire_mode_update
                0x08005810       0xd8 ..\obj\GFXC.o
                0x08005810                color_lcd_fire_mode_update
 .text.GPIO_Init
                0x080058e8      0x178 ..\obj\stm32f10x_gpio.o
                0x080058e8                GPIO_Init
 .text.GPIO_StructInit
                0x08005a60       0x28 ..\obj\stm32f10x_gpio.o
                0x08005a60                GPIO_StructInit
 .text.GPIO_ReadInputDataBit
                0x08005a88       0x34 ..\obj\stm32f10x_gpio.o
                0x08005a88                GPIO_ReadInputDataBit
 .text.GPIO_ReadOutputDataBit
                0x08005abc       0x34 ..\obj\stm32f10x_gpio.o
                0x08005abc                GPIO_ReadOutputDataBit
 .text.GPIO_SetBits
                0x08005af0       0x1c ..\obj\stm32f10x_gpio.o
                0x08005af0                GPIO_SetBits
 .text.GPIO_ResetBits
                0x08005b0c       0x1c ..\obj\stm32f10x_gpio.o
                0x08005b0c                GPIO_ResetBits
 .text.GPIO_PinRemapConfig
                0x08005b28       0xe0 ..\obj\stm32f10x_gpio.o
                0x08005b28                GPIO_PinRemapConfig
 .text.GPIO_EXTILineConfig
                0x08005c08       0x7c ..\obj\stm32f10x_gpio.o
                0x08005c08                GPIO_EXTILineConfig
 .text.NVIC_EnableIRQ
                0x08005c84       0x30 ..\obj\ILI9163.o
 .text.NVIC_SetPriority
                0x08005cb4       0x54 ..\obj\ILI9163.o
 .text.Delay    0x08005d08       0x24 ..\obj\ILI9163.o
                0x08005d08                Delay
 .text.SB       0x08005d2c       0x3c ..\obj\ILI9163.o
                0x08005d2c                SB
 .text.SW       0x08005d68       0x44 ..\obj\ILI9163.o
                0x08005d68                SW
 .text.SetAddr  0x08005dac       0x7c ..\obj\ILI9163.o
                0x08005dac                SetAddr
 .text.SetAddrForRotate90
                0x08005e28       0x7c ..\obj\ILI9163.o
                0x08005e28                SetAddrForRotate90
 .text.SetScrn  0x08005ea4       0x4c ..\obj\ILI9163.o
                0x08005ea4                SetScrn
 .text.FillRect
                0x08005ef0       0x98 ..\obj\ILI9163.o
                0x08005ef0                FillRect
 .text.ClrScrn  0x08005f88       0x44 ..\obj\ILI9163.o
                0x08005f88                ClrScrn
 .text.InvMode  0x08005fcc       0x28 ..\obj\ILI9163.o
                0x08005fcc                InvMode
 .text.ILI9163Init
                0x08005ff4      0x148 ..\obj\ILI9163.o
                0x08005ff4                ILI9163Init
 .text.init_dma_to_color_lcd
                0x0800613c       0x84 ..\obj\ILI9163.o
                0x0800613c                init_dma_to_color_lcd
 .text.color_lcd_dma_refresh
                0x080061c0       0x74 ..\obj\ILI9163.o
                0x080061c0                color_lcd_dma_refresh
 .text.init_spi3_to_color_lcd
                0x08006234       0x94 ..\obj\ILI9163.o
                0x08006234                init_spi3_to_color_lcd
 .text.DAC_Init
                0x080062c8       0x64 ..\obj\stm32f10x_dac.o
                0x080062c8                DAC_Init
 .text.DAC_Cmd  0x0800632c       0x48 ..\obj\stm32f10x_dac.o
                0x0800632c                DAC_Cmd
 .text.NVIC_EnableIRQ
                0x08006374       0x30 ..\obj\main.o
 .text.NVIC_SetPriority
                0x080063a4       0x54 ..\obj\main.o
 .text.main     0x080063f8      0x56c ..\obj\main.o
                0x080063f8                main
 .text.BluetoothTask
                0x08006964      0x1f4 ..\obj\main.o
                0x08006964                BluetoothTask
 .text.Zone1task
                0x08006b58       0x6c ..\obj\main.o
                0x08006b58                Zone1task
 .text.Zone2task
                0x08006bc4       0x6c ..\obj\main.o
                0x08006bc4                Zone2task
 .text.Zone3task
                0x08006c30       0x6c ..\obj\main.o
                0x08006c30                Zone3task
 .text.Zone4task
                0x08006c9c       0x6c ..\obj\main.o
                0x08006c9c                Zone4task
 .text.vTaskLED1
                0x08006d08      0x1d0 ..\obj\main.o
                0x08006d08                vTaskLED1
 .text.vTaskLED2
                0x08006ed8      0x118 ..\obj\main.o
                0x08006ed8                vTaskLED2
 .text.Wav_Player_Manager
                0x08006ff0      0x158 ..\obj\main.o
                0x08006ff0                Wav_Player_Manager
 .text.Wav_Player
                0x08007148      0x15c ..\obj\main.o
                0x08007148                Wav_Player
 .text.init_dma
                0x080072a4       0xf8 ..\obj\main.o
                0x080072a4                init_dma
 .text.init_dma_to_spi2
                0x0800739c       0x84 ..\obj\main.o
                0x0800739c                init_dma_to_spi2
 .text.startSPI2
                0x08007420       0x2c ..\obj\main.o
                0x08007420                startSPI2
 .text.DMA1_Channel5_IRQHandler
                0x0800744c       0x48 ..\obj\main.o
                0x0800744c                DMA1_Channel5_IRQHandler
 .text.DMA2_Channel3_IRQHandler
                0x08007494       0x64 ..\obj\main.o
                0x08007494                DMA2_Channel3_IRQHandler
 .text.DMA2_Channel2_IRQHandler
                0x080074f8       0x50 ..\obj\main.o
                0x080074f8                DMA2_Channel2_IRQHandler
 .text.wave_playback
                0x08007548      0x46c ..\obj\main.o
                0x08007548                wave_playback
 .text.get_zone_buffer_bit
                0x080079b4       0xf4 ..\obj\main.o
                0x080079b4                get_zone_buffer_bit
 .text.set_zone_buffer_bit
                0x08007aa8      0x1bc ..\obj\main.o
                0x08007aa8                set_zone_buffer_bit
 .text.init_var
                0x08007c64      0x1e4 ..\obj\main.o
                0x08007c64                init_var
 .text.set_player_id
                0x08007e48       0x30 ..\obj\main.o
                0x08007e48                set_player_id
 .text.set_team_color
                0x08007e78       0x40 ..\obj\main.o
                0x08007e78                set_team_color
 .text.set_gun_damage
                0x08007eb8       0x40 ..\obj\main.o
                0x08007eb8                set_gun_damage
 .text.get_keyboard_status
                0x08007ef8       0x2c ..\obj\main.o
                0x08007ef8                get_keyboard_status
 .text.test_keyboard
                0x08007f24       0xb0 ..\obj\main.o
                0x08007f24                test_keyboard
 .text.get_reload_key_status
                0x08007fd4       0x2c ..\obj\main.o
                0x08007fd4                get_reload_key_status
 .text.test_reload_key
                0x08008000       0xb0 ..\obj\main.o
                0x08008000                test_reload_key
 .text.get_ir_message_from_buffer
                0x080080b0      0x124 ..\obj\main.o
                0x080080b0                get_ir_message_from_buffer
 .text.get_packet_value
                0x080081d4      0x180 ..\obj\main.o
                0x080081d4                get_packet_value
 .text.stopWavPlayer
                0x08008354       0x44 ..\obj\main.o
                0x08008354                stopWavPlayer
 .text.bt_hit_processing
                0x08008398       0xec ..\obj\main.o
                0x08008398                bt_hit_processing
 .text.hit_processing
                0x08008484      0x178 ..\obj\main.o
                0x08008484                hit_processing
 .text.message_processing
                0x080085fc      0x238 ..\obj\main.o
                0x080085fc                message_processing
 .text.get_settings_from_ini_file
                0x08008834       0x58 ..\obj\main.o
                0x08008834                get_settings_from_ini_file
 .text.parsing_string
                0x0800888c      0x260 ..\obj\main.o
                0x0800888c                parsing_string
 .text.get_parameter_index
                0x08008aec       0x64 ..\obj\main.o
                0x08008aec                get_parameter_index
 .text.save_parameters_to_sd_card
                0x08008b50       0xac ..\obj\main.o
                0x08008b50                save_parameters_to_sd_card
 .text.read_parameters_from_sd_card
                0x08008bfc       0x68 ..\obj\main.o
                0x08008bfc                read_parameters_from_sd_card
 .text.send_set_at_command
                0x08008c64       0xa4 ..\obj\main.o
                0x08008c64                send_set_at_command
 .text.send_test_at_command
                0x08008d08       0x8c ..\obj\main.o
                0x08008d08                send_test_at_command
 .text.configure_bluetooth
                0x08008d94      0x51c ..\obj\main.o
                0x08008d94                configure_bluetooth
 .text.bt_set_at_commands_mode
                0x080092b0       0x30 ..\obj\main.o
                0x080092b0                bt_set_at_commands_mode
 .text.bt_reset
                0x080092e0       0x28 ..\obj\main.o
                0x080092e0                bt_reset
 .text.ADC1_2_IRQHandler
                0x08009308       0x3c ..\obj\main.o
                0x08009308                ADC1_2_IRQHandler
 .text.EXTI9_5_IRQHandler
                0x08009344       0x34 ..\obj\main.o
                0x08009344                EXTI9_5_IRQHandler
 .text.test_fire_mode_switch
                0x08009378       0x3c ..\obj\main.o
                0x08009378                test_fire_mode_switch
 .text.BKPinit  0x080093b4       0x20 ..\obj\main.o
                0x080093b4                BKPinit
 .text.RTC_Init
                0x080093d4       0x48 ..\obj\main.o
                0x080093d4                RTC_Init
 .text.RTC_IRQHandler
                0x0800941c       0x1c ..\obj\main.o
                0x0800941c                RTC_IRQHandler
 .text.FtimeToCounter
                0x08009438      0x120 ..\obj\main.o
                0x08009438                FtimeToCounter
 .text.CounterToFtime
                0x08009558      0x19c ..\obj\main.o
                0x08009558                CounterToFtime
 .text.bandana_all_sensors_set_color_vibro
                0x080096f4       0x5c ..\obj\bandana.o
                0x080096f4                bandana_all_sensors_set_color_vibro
 .text.RCC_ADCCLKConfig
                0x08009750       0x38 ..\obj\stm32f10x_rcc.o
                0x08009750                RCC_ADCCLKConfig
 .text.RCC_LSEConfig
                0x08009788       0x40 ..\obj\stm32f10x_rcc.o
                0x08009788                RCC_LSEConfig
 .text.RCC_RTCCLKConfig
                0x080097c8       0x24 ..\obj\stm32f10x_rcc.o
                0x080097c8                RCC_RTCCLKConfig
 .text.RCC_RTCCLKCmd
                0x080097ec       0x20 ..\obj\stm32f10x_rcc.o
                0x080097ec                RCC_RTCCLKCmd
 .text.RCC_GetClocksFreq
                0x0800980c      0x164 ..\obj\stm32f10x_rcc.o
                0x0800980c                RCC_GetClocksFreq
 .text.RCC_AHBPeriphClockCmd
                0x08009970       0x3c ..\obj\stm32f10x_rcc.o
                0x08009970                RCC_AHBPeriphClockCmd
 .text.RCC_APB2PeriphClockCmd
                0x080099ac       0x3c ..\obj\stm32f10x_rcc.o
                0x080099ac                RCC_APB2PeriphClockCmd
 .text.RCC_APB1PeriphClockCmd
                0x080099e8       0x3c ..\obj\stm32f10x_rcc.o
                0x080099e8                RCC_APB1PeriphClockCmd
 .text.RCC_APB2PeriphResetCmd
                0x08009a24       0x3c ..\obj\stm32f10x_rcc.o
                0x08009a24                RCC_APB2PeriphResetCmd
 .text.RCC_APB1PeriphResetCmd
                0x08009a60       0x3c ..\obj\stm32f10x_rcc.o
                0x08009a60                RCC_APB1PeriphResetCmd
 .text.RCC_GetFlagStatus
                0x08009a9c       0x74 ..\obj\stm32f10x_rcc.o
                0x08009a9c                RCC_GetFlagStatus
 .text.display_clear_screen
                0x08009b10       0x38 ..\obj\display.o
                0x08009b10                display_clear_screen
 .text.display_init
                0x08009b48        0xc ..\obj\display.o
                0x08009b48                display_init
 .text.display_put_string
                0x08009b54       0xac ..\obj\display.o
                0x08009b54                display_put_string
 .text.display_show_logo
                0x08009c00       0x24 ..\obj\display.o
                0x08009c00                display_show_logo
 .text.display_show_guns_picture
                0x08009c24       0x50 ..\obj\display.o
                0x08009c24                display_show_guns_picture
 .text.display_show_bluetooth_icon
                0x08009c74       0x40 ..\obj\display.o
                0x08009c74                display_show_bluetooth_icon
 .text.display_hide_bluetooth_icon
                0x08009cb4       0x48 ..\obj\display.o
                0x08009cb4                display_hide_bluetooth_icon
 .text.display_update_bluetooth_status
                0x08009cfc       0x24 ..\obj\display.o
                0x08009cfc                display_update_bluetooth_status
 .text.display_standard_symbol_height
                0x08009d20       0x10 ..\obj\display.o
                0x08009d20                display_standard_symbol_height
 .text.display_standard_symbol_width
                0x08009d30       0x10 ..\obj\display.o
                0x08009d30                display_standard_symbol_width
 .text.display_vertical_screen_resolution
                0x08009d40       0x10 ..\obj\display.o
                0x08009d40                display_vertical_screen_resolution
 .text.display_show_heart_picture
                0x08009d50       0x98 ..\obj\display.o
                0x08009d50                display_show_heart_picture
 .text.display_update_time
                0x08009de8       0x1c ..\obj\display.o
                0x08009de8                display_update_time
 .text.display_update_health
                0x08009e04        0xc ..\obj\display.o
                0x08009e04                display_update_health
 .text.display_update_rounds
                0x08009e10        0xc ..\obj\display.o
                0x08009e10                display_update_rounds
 .text.display_update_clips
                0x08009e1c        0xc ..\obj\display.o
                0x08009e1c                display_update_clips
 .text.display_update_battary_voltage
                0x08009e28       0x3c ..\obj\display.o
                0x08009e28                display_update_battary_voltage
 .text.display_init_gui
                0x08009e64       0x88 ..\obj\display.o
                0x08009e64                display_init_gui
 .text.display_update_fire_mode_status
                0x08009eec       0x18 ..\obj\display.o
                0x08009eec                display_update_fire_mode_status
 .text.display_backlight_on
                0x08009f04       0x14 ..\obj\display.o
                0x08009f04                display_backlight_on
 .text.display_show_game_over_picture
                0x08009f18       0x50 ..\obj\display.o
                0x08009f18                display_show_game_over_picture
 .text.get_int_argument_value
                0x08009f68       0xb8 ..\obj\slots.o
                0x08009f68                get_int_argument_value
 .text.get_word_argument_value
                0x0800a020       0xb8 ..\obj\slots.o
                0x0800a020                get_word_argument_value
 .text.get_double_word_argument_value
                0x0800a0d8       0xb0 ..\obj\slots.o
                0x0800a0d8                get_double_word_argument_value
 .text.char_to_int
                0x0800a188       0x78 ..\obj\slots.o
                0x0800a188                char_to_int
 .text.trim     0x0800a200       0xd0 ..\obj\slots.o
                0x0800a200                trim
 .text.trim_mac_adress
                0x0800a2d0       0x5c ..\obj\slots.o
                0x0800a2d0                trim_mac_adress
 .text.convert_mac_adress
                0x0800a32c       0x50 ..\obj\slots.o
                0x0800a32c                convert_mac_adress
 .text.get_string_argument_value
                0x0800a37c       0x48 ..\obj\slots.o
                0x0800a37c                get_string_argument_value
 .text.EXTI_Init
                0x0800a3c4       0xdc ..\obj\stm32f10x_exti.o
                0x0800a3c4                EXTI_Init
 .text.EXTI_ClearFlag
                0x0800a4a0       0x1c ..\obj\stm32f10x_exti.o
                0x0800a4a0                EXTI_ClearFlag
 .text.xTaskGenericCreate
                0x0800a4bc      0x148 ..\obj\tasks.o
                0x0800a4bc                xTaskGenericCreate
 .text.vTaskDelay
                0x0800a604       0x8c ..\obj\tasks.o
                0x0800a604                vTaskDelay
 .text.vTaskStartScheduler
                0x0800a690       0x5c ..\obj\tasks.o
                0x0800a690                vTaskStartScheduler
 .text.vTaskSuspendAll
                0x0800a6ec       0x1c ..\obj\tasks.o
                0x0800a6ec                vTaskSuspendAll
 .text.xTaskResumeAll
                0x0800a708      0x100 ..\obj\tasks.o
                0x0800a708                xTaskResumeAll
 .text.xTaskGetTickCount
                0x0800a808       0x24 ..\obj\tasks.o
                0x0800a808                xTaskGetTickCount
 .text.vTaskIncrementTick
                0x0800a82c       0xdc ..\obj\tasks.o
                0x0800a82c                vTaskIncrementTick
 .text.vTaskSwitchContext
                0x0800a908       0x94 ..\obj\tasks.o
                0x0800a908                vTaskSwitchContext
 .text.vTaskPlaceOnEventList
                0x0800a99c       0x98 ..\obj\tasks.o
                0x0800a99c                vTaskPlaceOnEventList
 .text.xTaskRemoveFromEventList
                0x0800aa34       0xac ..\obj\tasks.o
                0x0800aa34                xTaskRemoveFromEventList
 .text.vTaskSetTimeOutState
                0x0800aae0       0x2c ..\obj\tasks.o
                0x0800aae0                vTaskSetTimeOutState
 .text.xTaskCheckForTimeOut
                0x0800ab0c       0x88 ..\obj\tasks.o
                0x0800ab0c                xTaskCheckForTimeOut
 .text.vTaskMissedYield
                0x0800ab94       0x18 ..\obj\tasks.o
                0x0800ab94                vTaskMissedYield
 .text.prvIdleTask
                0x0800abac       0x20 ..\obj\tasks.o
 .text.prvInitialiseTCBVariables
                0x0800abcc       0x6c ..\obj\tasks.o
 .text.prvInitialiseTaskLists
                0x0800ac38       0x7c ..\obj\tasks.o
 .text.prvCheckTasksWaitingTermination
                0x0800acb4       0x84 ..\obj\tasks.o
 .text.prvAllocateTCBAndStack
                0x0800ad38       0x64 ..\obj\tasks.o
 .text.prvDeleteTCB
                0x0800ad9c       0x20 ..\obj\tasks.o
 .text.xTaskGetCurrentTaskHandle
                0x0800adbc       0x20 ..\obj\tasks.o
                0x0800adbc                xTaskGetCurrentTaskHandle
 .text.vTaskPriorityInherit
                0x0800addc       0xa4 ..\obj\tasks.o
                0x0800addc                vTaskPriorityInherit
 .text.vTaskPriorityDisinherit
                0x0800ae80       0x7c ..\obj\tasks.o
                0x0800ae80                vTaskPriorityDisinherit
 .text.ADC_Init
                0x0800aefc       0xa4 ..\obj\stm32f10x_adc.o
                0x0800aefc                ADC_Init
 .text.ADC_Cmd  0x0800afa0       0x38 ..\obj\stm32f10x_adc.o
                0x0800afa0                ADC_Cmd
 .text.ADC_DMACmd
                0x0800afd8       0x38 ..\obj\stm32f10x_adc.o
                0x0800afd8                ADC_DMACmd
 .text.ADC_ResetCalibration
                0x0800b010       0x20 ..\obj\stm32f10x_adc.o
                0x0800b010                ADC_ResetCalibration
 .text.ADC_GetResetCalibrationStatus
                0x0800b030       0x30 ..\obj\stm32f10x_adc.o
                0x0800b030                ADC_GetResetCalibrationStatus
 .text.ADC_StartCalibration
                0x0800b060       0x20 ..\obj\stm32f10x_adc.o
                0x0800b060                ADC_StartCalibration
 .text.ADC_GetCalibrationStatus
                0x0800b080       0x30 ..\obj\stm32f10x_adc.o
                0x0800b080                ADC_GetCalibrationStatus
 .text.ADC_SoftwareStartConvCmd
                0x0800b0b0       0x38 ..\obj\stm32f10x_adc.o
                0x0800b0b0                ADC_SoftwareStartConvCmd
 .text.ADC_RegularChannelConfig
                0x0800b0e8      0x188 ..\obj\stm32f10x_adc.o
                0x0800b0e8                ADC_RegularChannelConfig
 .text.ADC_TempSensorVrefintCmd
                0x0800b270       0x38 ..\obj\stm32f10x_adc.o
                0x0800b270                ADC_TempSensorVrefintCmd
 .text.ADC_GetFlagStatus
                0x0800b2a8       0x34 ..\obj\stm32f10x_adc.o
                0x0800b2a8                ADC_GetFlagStatus
 .text.ADC_ClearFlag
                0x0800b2dc       0x20 ..\obj\stm32f10x_adc.o
                0x0800b2dc                ADC_ClearFlag
 .text.gun_on_trigger_pressing
                0x0800b2fc      0x2b4 ..\obj\gun.o
                0x0800b2fc                gun_on_trigger_pressing
 .text.gun_on_reload_pressing
                0x0800b5b0       0xcc ..\obj\gun.o
                0x0800b5b0                gun_on_reload_pressing
 .text.send_ir_shot_package
                0x0800b67c       0x3c ..\obj\gun.o
                0x0800b67c                send_ir_shot_package
 .text.USART_DeInit
                0x0800b6b8       0xb8 ..\obj\stm32f10x_usart.o
                0x0800b6b8                USART_DeInit
 .text.USART_Init
                0x0800b770      0x174 ..\obj\stm32f10x_usart.o
                0x0800b770                USART_Init
 .text.USART_StructInit
                0x0800b8e4       0x38 ..\obj\stm32f10x_usart.o
                0x0800b8e4                USART_StructInit
 .text.USART_Cmd
                0x0800b91c       0x40 ..\obj\stm32f10x_usart.o
                0x0800b91c                USART_Cmd
 .text.USART_ITConfig
                0x0800b95c       0x90 ..\obj\stm32f10x_usart.o
                0x0800b95c                USART_ITConfig
 .text.USART_SendData
                0x0800b9ec       0x24 ..\obj\stm32f10x_usart.o
                0x0800b9ec                USART_SendData
 .text.USART_ReceiveData
                0x0800ba10       0x20 ..\obj\stm32f10x_usart.o
                0x0800ba10                USART_ReceiveData
 .text.USART_GetITStatus
                0x0800ba30       0xb0 ..\obj\stm32f10x_usart.o
                0x0800ba30                USART_GetITStatus
 .text.USART_ClearITPendingBit
                0x0800bae0       0x38 ..\obj\stm32f10x_usart.o
                0x0800bae0                USART_ClearITPendingBit
 .text.TIM2_IRQHandler
                0x0800bb18      0x2c8 ..\obj\tim_isr.o
                0x0800bb18                TIM2_IRQHandler
 .text.TIM3_IRQHandler
                0x0800bde0      0x2ac ..\obj\tim_isr.o
                0x0800bde0                TIM3_IRQHandler
 .text.TIM4_IRQHandler
                0x0800c08c      0x2ac ..\obj\tim_isr.o
                0x0800c08c                TIM4_IRQHandler
 .text.TIM5_IRQHandler
                0x0800c338      0x2b4 ..\obj\tim_isr.o
                0x0800c338                TIM5_IRQHandler
 .text.TIM7_IRQHandler
                0x0800c5ec      0x220 ..\obj\tim_isr.o
                0x0800c5ec                TIM7_IRQHandler
 .text.TIM8_CC_IRQHandler
                0x0800c80c       0x2c ..\obj\tim_isr.o
                0x0800c80c                TIM8_CC_IRQHandler
 .text.TIM8_UP_IRQHandler
                0x0800c838       0xf4 ..\obj\tim_isr.o
                0x0800c838                TIM8_UP_IRQHandler
 .text.test1    0x0800c92c       0x18 ..\obj\menu.o
                0x0800c92c                test1
 .text.test2    0x0800c944       0x18 ..\obj\menu.o
                0x0800c944                test2
 .text.test3    0x0800c95c       0x1c ..\obj\menu.o
                0x0800c95c                test3
 .text.show_menu
                0x0800c978      0x4a4 ..\obj\menu.o
                0x0800c978                show_menu
 .text.show_settings_page
                0x0800ce1c      0x9fc ..\obj\menu.o
                0x0800ce1c                show_settings_page
 .text.init_item_list
                0x0800d818       0x60 ..\obj\menu.o
                0x0800d818                init_item_list
 .text.init_sett_list
                0x0800d878       0x78 ..\obj\menu.o
                0x0800d878                init_sett_list
 .text.init_clock_sett_list
                0x0800d8f0       0x6c ..\obj\menu.o
                0x0800d8f0                init_clock_sett_list
 .text.init_ir_sett_list
                0x0800d95c       0x6c ..\obj\menu.o
                0x0800d95c                init_ir_sett_list
 .text.sett_list_reset
                0x0800d9c8       0x3c ..\obj\menu.o
                0x0800d9c8                sett_list_reset
 .text.add_menu_item
                0x0800da04       0x34 ..\obj\menu.o
                0x0800da04                add_menu_item
 .text.add_setting_item
                0x0800da38       0x34 ..\obj\menu.o
                0x0800da38                add_setting_item
 .text.show_main_menu
                0x0800da6c       0x14 ..\obj\menu.o
                0x0800da6c                show_main_menu
 .text.int_to_str
                0x0800da80       0xd4 ..\obj\menu.o
                0x0800da80                int_to_str
 .text.long_int_to_str
                0x0800db54       0xd4 ..\obj\menu.o
                0x0800db54                long_int_to_str
 .text.vListInitialise
                0x0800dc28       0x40 ..\obj\list.o
                0x0800dc28                vListInitialise
 .text.vListInitialiseItem
                0x0800dc68       0x18 ..\obj\list.o
                0x0800dc68                vListInitialiseItem
 .text.vListInsertEnd
                0x0800dc80       0x50 ..\obj\list.o
                0x0800dc80                vListInsertEnd
 .text.vListInsert
                0x0800dcd0       0x70 ..\obj\list.o
                0x0800dcd0                vListInsert
 .text.vListRemove
                0x0800dd40       0x50 ..\obj\list.o
                0x0800dd40                vListRemove
 .text.xQueueCreate
                0x0800dd90       0xb8 ..\obj\queue.o
                0x0800dd90                xQueueCreate
 .text.xQueueGenericSend
                0x0800de48      0x10c ..\obj\queue.o
                0x0800de48                xQueueGenericSend
 .text.xQueueGenericSendFromISR
                0x0800df54       0x80 ..\obj\queue.o
                0x0800df54                xQueueGenericSendFromISR
 .text.xQueueGenericReceive
                0x0800dfd4      0x16c ..\obj\queue.o
                0x0800dfd4                xQueueGenericReceive
 .text.prvCopyDataToQueue
                0x0800e140       0xb8 ..\obj\queue.o
 .text.prvCopyDataFromQueue
                0x0800e1f8       0x4c ..\obj\queue.o
 .text.prvUnlockQueue
                0x0800e244       0x98 ..\obj\queue.o
 .text.prvIsQueueEmpty
                0x0800e2dc       0x2c ..\obj\queue.o
 .text.prvIsQueueFull
                0x0800e308       0x30 ..\obj\queue.o
 .text.pxPortInitialiseStack
                0x0800e338       0x54 ..\obj\port.o
                0x0800e338                pxPortInitialiseStack
 .text.vPortSVCHandler
                0x0800e38c       0x20 ..\obj\port.o
                0x0800e38c                vPortSVCHandler
 .text.vPortStartFirstTask
                0x0800e3ac       0x10 ..\obj\port.o
                0x0800e3ac                vPortStartFirstTask
 .text.xPortStartScheduler
                0x0800e3bc       0x38 ..\obj\port.o
                0x0800e3bc                xPortStartScheduler
 .text.vPortYieldFromISR
                0x0800e3f4       0x18 ..\obj\port.o
                0x0800e3f4                vPortYieldFromISR
 .text.vPortEnterCritical
                0x0800e40c       0x24 ..\obj\port.o
                0x0800e40c                vPortEnterCritical
 .text.vPortExitCritical
                0x0800e430       0x2c ..\obj\port.o
                0x0800e430                vPortExitCritical
 .text.xPortPendSVHandler
                0x0800e45c       0x3c ..\obj\port.o
                0x0800e45c                xPortPendSVHandler
 .text.xPortSysTickHandler
                0x0800e498       0x30 ..\obj\port.o
                0x0800e498                xPortSysTickHandler
 .text.prvSetupTimerInterrupt
                0x0800e4c8       0x24 ..\obj\port.o
 .text.game_over
                0x0800e4ec       0x6c ..\obj\game.o
                0x0800e4ec                game_over
 .text.game_start_new
                0x0800e558       0x9c ..\obj\game.o
                0x0800e558                game_start_new
 .text.SDIO_DeInit
                0x0800e5f4       0x4c ..\obj\stm32f10x_sdio.o
                0x0800e5f4                SDIO_DeInit
 .text.SDIO_Init
                0x0800e640       0x5c ..\obj\stm32f10x_sdio.o
                0x0800e640                SDIO_Init
 .text.SDIO_ClockCmd
                0x0800e69c       0x20 ..\obj\stm32f10x_sdio.o
                0x0800e69c                SDIO_ClockCmd
 .text.SDIO_SetPowerState
                0x0800e6bc       0x30 ..\obj\stm32f10x_sdio.o
                0x0800e6bc                SDIO_SetPowerState
 .text.SDIO_GetPowerState
                0x0800e6ec       0x1c ..\obj\stm32f10x_sdio.o
                0x0800e6ec                SDIO_GetPowerState
 .text.SDIO_ITConfig
                0x0800e708       0x3c ..\obj\stm32f10x_sdio.o
                0x0800e708                SDIO_ITConfig
 .text.SDIO_DMACmd
                0x0800e744       0x20 ..\obj\stm32f10x_sdio.o
                0x0800e744                SDIO_DMACmd
 .text.SDIO_SendCommand
                0x0800e764       0x58 ..\obj\stm32f10x_sdio.o
                0x0800e764                SDIO_SendCommand
 .text.SDIO_GetCommandResponse
                0x0800e7bc       0x18 ..\obj\stm32f10x_sdio.o
                0x0800e7bc                SDIO_GetCommandResponse
 .text.SDIO_GetResponse
                0x0800e7d4       0x28 ..\obj\stm32f10x_sdio.o
                0x0800e7d4                SDIO_GetResponse
 .text.SDIO_DataConfig
                0x0800e7fc       0x5c ..\obj\stm32f10x_sdio.o
                0x0800e7fc                SDIO_DataConfig
 .text.SDIO_ReadData
                0x0800e858       0x18 ..\obj\stm32f10x_sdio.o
                0x0800e858                SDIO_ReadData
 .text.SDIO_WriteData
                0x0800e870       0x20 ..\obj\stm32f10x_sdio.o
                0x0800e870                SDIO_WriteData
 .text.SDIO_GetFlagStatus
                0x0800e890       0x34 ..\obj\stm32f10x_sdio.o
                0x0800e890                SDIO_GetFlagStatus
 .text.SDIO_ClearFlag
                0x0800e8c4       0x1c ..\obj\stm32f10x_sdio.o
                0x0800e8c4                SDIO_ClearFlag
 .text.mem_cpy  0x0800e8e0       0x3c ..\obj\ff.o
 .text.mem_set  0x0800e91c       0x34 ..\obj\ff.o
 .text.mem_cmp  0x0800e950       0x50 ..\obj\ff.o
 .text.chk_chr  0x0800e9a0       0x38 ..\obj\ff.o
 .text.move_window
                0x0800e9d8       0xbc ..\obj\ff.o
 .text.sync     0x0800ea94      0x14c ..\obj\ff.o
 .text.clust2sect
                0x0800ebe0       0x3c ..\obj\ff.o
                0x0800ebe0                clust2sect
 .text.get_fat  0x0800ec1c      0x154 ..\obj\ff.o
                0x0800ec1c                get_fat
 .text.put_fat  0x0800ed70      0x1f4 ..\obj\ff.o
                0x0800ed70                put_fat
 .text.remove_chain
                0x0800ef64       0x9c ..\obj\ff.o
 .text.create_chain
                0x0800f000      0x118 ..\obj\ff.o
 .text.dir_sdi  0x0800f118      0x100 ..\obj\ff.o
 .text.dir_next
                0x0800f218      0x1a8 ..\obj\ff.o
 .text.dir_find
                0x0800f3c0       0x94 ..\obj\ff.o
 .text.dir_register
                0x0800f454       0xac ..\obj\ff.o
 .text.create_name
                0x0800f500      0x20c ..\obj\ff.o
 .text.follow_path
                0x0800f70c       0xf0 ..\obj\ff.o
 .text.check_fs
                0x0800f7fc       0xc0 ..\obj\ff.o
 .text.chk_mounted
                0x0800f8bc      0x51c ..\obj\ff.o
 .text.validate
                0x0800fdd8       0x4c ..\obj\ff.o
 .text.f_mount  0x0800fe24       0x54 ..\obj\ff.o
                0x0800fe24                f_mount
 .text.f_open   0x0800fe78      0x2d4 ..\obj\ff.o
                0x0800fe78                f_open
 .text.f_read   0x0801014c      0x2c0 ..\obj\ff.o
                0x0801014c                f_read
 .text.f_write  0x0801040c      0x318 ..\obj\ff.o
                0x0801040c                f_write
 .text.f_sync   0x08010724      0x184 ..\obj\ff.o
                0x08010724                f_sync
 .text.f_close  0x080108a8       0x28 ..\obj\ff.o
                0x080108a8                f_close
 .text.f_lseek  0x080108d0      0x2b4 ..\obj\ff.o
                0x080108d0                f_lseek
 .text.f_gets   0x08010b84       0x70 ..\obj\ff.o
                0x08010b84                f_gets
 .text.DMA_DeInit
                0x08010bf4      0x178 ..\obj\stm32f10x_dma.o
                0x08010bf4                DMA_DeInit
 .text.DMA_Init
                0x08010d6c       0x7c ..\obj\stm32f10x_dma.o
                0x08010d6c                DMA_Init
 .text.DMA_Cmd  0x08010de8       0x38 ..\obj\stm32f10x_dma.o
                0x08010de8                DMA_Cmd
 .text.DMA_ITConfig
                0x08010e20       0x3c ..\obj\stm32f10x_dma.o
                0x08010e20                DMA_ITConfig
 .text.DMA_SetCurrDataCounter
                0x08010e5c       0x1c ..\obj\stm32f10x_dma.o
                0x08010e5c                DMA_SetCurrDataCounter
 .text.DMA_GetFlagStatus
                0x08010e78       0x54 ..\obj\stm32f10x_dma.o
                0x08010e78                DMA_GetFlagStatus
 .text.DMA_ClearFlag
                0x08010ecc       0x34 ..\obj\stm32f10x_dma.o
                0x08010ecc                DMA_ClearFlag
 .text.NVIC_Init
                0x08010f00       0xc0 ..\obj\misc.o
                0x08010f00                NVIC_Init
 .text.SPI_I2S_DeInit
                0x08010fc0       0x74 ..\obj\stm32f10x_spi.o
                0x08010fc0                SPI_I2S_DeInit
 .text.SPI_Init
                0x08011034       0x88 ..\obj\stm32f10x_spi.o
                0x08011034                SPI_Init
 .text.SPI_Cmd  0x080110bc       0x40 ..\obj\stm32f10x_spi.o
                0x080110bc                SPI_Cmd
 .text.SPI_I2S_DMACmd
                0x080110fc       0x48 ..\obj\stm32f10x_spi.o
                0x080110fc                SPI_I2S_DMACmd
 .text.SPI_I2S_SendData
                0x08011144       0x1c ..\obj\stm32f10x_spi.o
                0x08011144                SPI_I2S_SendData
 .text.SPI_NSSInternalSoftwareConfig
                0x08011160       0x44 ..\obj\stm32f10x_spi.o
                0x08011160                SPI_NSSInternalSoftwareConfig
 .text.SPI_I2S_GetFlagStatus
                0x080111a4       0x38 ..\obj\stm32f10x_spi.o
                0x080111a4                SPI_I2S_GetFlagStatus
 .text.NVIC_EnableIRQ
                0x080111dc       0x30 ..\obj\hardware_init.o
 .text.NVIC_SetPriority
                0x0801120c       0x54 ..\obj\hardware_init.o
 .text.init_spi2
                0x08011260       0xb0 ..\obj\hardware_init.o
                0x08011260                init_spi2
 .text.init_timer
                0x08011310       0x64 ..\obj\hardware_init.o
                0x08011310                init_timer
 .text.init_dac
                0x08011374       0x58 ..\obj\hardware_init.o
                0x08011374                init_dac
 .text.DMA_for_ADC_Init
                0x080113cc       0x74 ..\obj\hardware_init.o
                0x080113cc                DMA_for_ADC_Init
 .text.init_adc_for_multiscan
                0x08011440       0xf8 ..\obj\hardware_init.o
                0x08011440                init_adc_for_multiscan
 .text.init_pwm_TIM4
                0x08011538      0x100 ..\obj\hardware_init.o
                0x08011538                init_pwm_TIM4
 .text.init_pwm_TIM3
                0x08011638       0xf8 ..\obj\hardware_init.o
                0x08011638                init_pwm_TIM3
 .text.init_pwm
                0x08011730       0xc0 ..\obj\hardware_init.o
                0x08011730                init_pwm
 .text.init_pwm_TIM2
                0x080117f0      0x120 ..\obj\hardware_init.o
                0x080117f0                init_pwm_TIM2
 .text.init_pwm_TIM5
                0x08011910      0x100 ..\obj\hardware_init.o
                0x08011910                init_pwm_TIM5
 .text.init_TIM7
                0x08011a10       0x6c ..\obj\hardware_init.o
                0x08011a10                init_TIM7
 .text.init_pwm_TIM8
                0x08011a7c       0x9c ..\obj\hardware_init.o
                0x08011a7c                init_pwm_TIM8
 .text.pvPortMalloc
                0x08011b18      0x148 ..\obj\heap_2.o
                0x08011b18                pvPortMalloc
 .text.vPortFree
                0x08011c60       0x70 ..\obj\heap_2.o
                0x08011c60                vPortFree
 .text.BKP_WriteBackupRegister
                0x08011cd0       0x34 ..\obj\stm32f10x_bkp.o
                0x08011cd0                BKP_WriteBackupRegister
 .text.BKP_ReadBackupRegister
                0x08011d04       0x30 ..\obj\stm32f10x_bkp.o
                0x08011d04                BKP_ReadBackupRegister
 .text.NVIC_EnableIRQ
                0x08011d34       0x30 ..\obj\usart.o
 .text.NVIC_SetPriority
                0x08011d64       0x54 ..\obj\usart.o
 .text.USART1_IRQHandler
                0x08011db8      0x160 ..\obj\usart.o
                0x08011db8                USART1_IRQHandler
 .text.USART2_IRQHandler
                0x08011f18       0x50 ..\obj\usart.o
                0x08011f18                USART2_IRQHandler
 .text.InitCOM1
                0x08011f68       0xb0 ..\obj\usart.o
                0x08011f68                InitCOM1
 .text.USART1_FlushTxBuf
                0x08012018       0x2c ..\obj\usart.o
                0x08012018                USART1_FlushTxBuf
 .text.USART1_PutChar
                0x08012044       0x78 ..\obj\usart.o
                0x08012044                USART1_PutChar
 .text.USART1_FlushRxBuf
                0x080120bc       0x40 ..\obj\usart.o
                0x080120bc                USART1_FlushRxBuf
 .text.USART1_SendStr
                0x080120fc       0x2c ..\obj\usart.o
                0x080120fc                USART1_SendStr
 .text.USART1_GetChar
                0x08012128       0x5c ..\obj\usart.o
                0x08012128                USART1_GetChar
 .text.USART1_GetRxCount
                0x08012184       0x18 ..\obj\usart.o
                0x08012184                USART1_GetRxCount
 .text.memchr   0x0801219c       0x94 d:/armtools/bin/../lib/gcc/arm-none-eabi/4.8.3/../../../../arm-none-eabi/lib/armv7-m\libg.a(lib_a-memchr-stub.o)
                0x0801219c                memchr
 .text          0x08012230       0xec d:/armtools/bin/../lib/gcc/arm-none-eabi/4.8.3/../../../../arm-none-eabi/lib/armv7-m\libg.a(lib_a-memcpy.o)
                0x08012230                memcpy
 .text.critical_factorization
                0x0801231c       0xbc d:/armtools/bin/../lib/gcc/arm-none-eabi/4.8.3/../../../../arm-none-eabi/lib/armv7-m\libg.a(lib_a-memmem.o)
 .text.two_way_long_needle
                0x080123d8      0x1e4 d:/armtools/bin/../lib/gcc/arm-none-eabi/4.8.3/../../../../arm-none-eabi/lib/armv7-m\libg.a(lib_a-memmem.o)
 .text.memmem   0x080125bc      0x1c4 d:/armtools/bin/../lib/gcc/arm-none-eabi/4.8.3/../../../../arm-none-eabi/lib/armv7-m\libg.a(lib_a-memmem.o)
                0x080125bc                memmem
 .text.memmove  0x08012780       0xcc d:/armtools/bin/../lib/gcc/arm-none-eabi/4.8.3/../../../../arm-none-eabi/lib/armv7-m\libg.a(lib_a-memmove.o)
                0x08012780                memmove
 .text.memset   0x0801284c       0x94 d:/armtools/bin/../lib/gcc/arm-none-eabi/4.8.3/../../../../arm-none-eabi/lib/armv7-m\libg.a(lib_a-memset.o)
                0x0801284c                memset
 .text.strlen   0x080128e0       0x60 d:/armtools/bin/../lib/gcc/arm-none-eabi/4.8.3/../../../../arm-none-eabi/lib/armv7-m\libg.a(lib_a-strlen.o)
                0x080128e0                strlen
 .text.strncpy  0x08012940       0x64 d:/armtools/bin/../lib/gcc/arm-none-eabi/4.8.3/../../../../arm-none-eabi/lib/armv7-m\libg.a(lib_a-strncpy.o)
                0x08012940                strncpy
 .text.memcmp   0x080129a4       0x68 d:/armtools/bin/../lib/gcc/arm-none-eabi/4.8.3/../../../../arm-none-eabi/lib/armv7-m\libg.a(lib_a-memcmp.o)
                0x080129a4                memcmp
 *(.init)
 *(.fini)
 *crtbegin.o(.ctors)
 *crtbegin?.o(.ctors)
 *(EXCLUDE_FILE(*crtend.o *crtend?.o) .ctors)
 *(SORT(.ctors.*))
 *(.ctors)
 *crtbegin.o(.dtors)
 *crtbegin?.o(.dtors)
 *(EXCLUDE_FILE(*crtend.o *crtend?.o) .dtors)
 *(SORT(.dtors.*))
 *(.dtors)
 *(.rodata*)
 .rodata        0x08012a0c      0x2b0 ..\obj\GFXC.o
                0x08012a0c                Chars
                0x08012bf4                ST
                0x08012c40                January
                0x08012c48                February
                0x08012c50                March
                0x08012c58                April
                0x08012c60                May
                0x08012c64                June
                0x08012c6c                July
                0x08012c74                August
                0x08012c7c                September
                0x08012c84                October
                0x08012c8c                November
                0x08012c94                December
 .rodata        0x08012cbc      0x41c ..\obj\main.o
                0x08012cbc                parameter_0
                0x08012cc8                parameter_1
                0x08012cd0                parameter_2
                0x08012ce8                parameter_3
                0x08012cfc                parameter_4
                0x08012d0c                parameter_5
                0x08012d1c                parameter_6
                0x08012d24                parameter_7
                0x08012d34                parameter_8
                0x08012d44                parameter_9
                0x08012d4c                parameter_10
                0x08012d58                parameter_11
                0x08012d60                parameter_12
                0x08012d7c                parameter_13
                0x08012d94                parameter_14
                0x08012da0                parameter_15
                0x08012da8                parameter_16
                0x08012dc0                parameter_17
                0x08012dd4                parameter_18
                0x08012de0                parameter_19
                0x08012dfc                parameter_20
                0x08012e10                parameter_21
                0x08012e20                parameter_22
                0x08012e30                parameter_23
                0x08012e40                parameter_24
                0x08012e50                parameter_25
                0x08012e68                at_name
                0x08012e70                at_bind
                0x08012e78                at_uart
                0x08012e80                at_role
                0x08012e88                at_cmode
                0x08012e94                at_pswd
                0x08012e9c                battary_img
                0x08012f04                damage_value
                0x08012f74                index_to_color
                0x08013068                item_pos
 .rodata        0x080130d8        0x8 ..\obj\tasks.o
 .rodata        0x080130e0      0x21c ..\obj\menu.o
                0x080130e0                menu_item_1
                0x080130f8                menu_item_2
                0x08013110                menu_item_3
                0x08013128                menu_item_4
                0x08013140                main_menu_header_text
                0x08013150                sett_page_header_text
                0x08013160                clock_page_header_text
                0x08013170                ir_page_header_text
                0x08013180                ir_setting_item_1
                0x080131a8                ir_setting_item_2
                0x080131d0                setting_item_1
                0x080131f8                setting_item_2
                0x08013220                setting_item_3
                0x08013248                setting_item_4
                0x08013270                setting_item_5
                0x08013298                setting_clock_hour_item
                0x080132c0                setting_clock_minute_item
                0x080132f0                numbers
 .rodata        0x080132fc       0x10 ..\obj\ff.o
 .rodata        0x0801330c    0x22e80 ..\obj\global_variables.o
                0x0801330c                guns
                0x0801b30c                batt_long_level_0
                0x0801bd0c                batt_long_level_1
                0x0801c70c                batt_long_level_2
                0x0801d10c                batt_long_level_3
                0x0801db0c                batt_long_level_4
                0x0801e50c                batt_long_level_5
                0x0801ef0c                gerb_pic
                0x08026f0c                heart_1
                0x080283ac                heart_2
                0x0802984c                heart_3
                0x0802acec                heart_4
                0x0802c18c                bullet
                0x0802cc0c                bluetooth1
                0x0802d00c                clip_2
                0x0802e18c                game_over_pic
 *(.eh_fram e*)

.glue_7         0x0803618c        0x0
 .glue_7        0x00000000        0x0 linker stubs

.glue_7t        0x0803618c        0x0
 .glue_7t       0x00000000        0x0 linker stubs

.vfp11_veneer   0x0803618c        0x0
 .vfp11_veneer  0x00000000        0x0 linker stubs

.v4_bx          0x0803618c        0x0
 .v4_bx         0x00000000        0x0 linker stubs

.iplt           0x0803618c        0x0
 .iplt          0x00000000        0x0 ..\obj\bluetooth.o

.rel.dyn        0x0803618c        0x0
 .rel.iplt      0x00000000        0x0 ..\obj\bluetooth.o

.ARM.extab
 *(.ARM.extab* .gnu.linkonce.armextab.*)
                0x0803618c                __exidx_start = .

.ARM.exidx
 *(.ARM.exidx* .gnu.linkonce.armexidx.*)
                0x0803618c                __exidx_end = .
                0x0803618c                __etext = .
                0x0803618c                _sidata = __etext

.data           0x20000000       0xec load address 0x0803618c
                0x20000000                __data_start__ = .
                0x20000000                _sdata = __data_start__
 *(vtable)
 *(.data*)
 .data          0x20000000        0x8 ..\obj\sdio_sd.o
                0x20000004                TransferError
 .data          0x20000008       0x14 ..\obj\system_stm32f10x.o
                0x20000008                SystemCoreClock
                0x2000000c                AHBPrescTable
 .data          0x2000001c        0x4 ..\obj\chipher.o
 .data          0x20000020       0x48 ..\obj\GFXC.o
                0x20000020                monthsNamesPointers
 .data          0x20000068       0x6c ..\obj\main.o
                0x20000068                parametersPointers
                0x200000d0                Status
 .data          0x200000d4       0x14 ..\obj\stm32f10x_rcc.o
 .data          0x200000e8        0x4 ..\obj\port.o
                0x200000ec                . = ALIGN (0x4)
                0x200000ec                PROVIDE (__preinit_array_start, .)
 *(.preinit_array)
                0x200000ec                PROVIDE (__preinit_array_end, .)
                0x200000ec                . = ALIGN (0x4)
                0x200000ec                PROVIDE (__init_array_start, .)
 *(SORT(.init_array.*))
 *(.init_array)
                0x200000ec                PROVIDE (__init_array_end, .)
                0x200000ec                . = ALIGN (0x4)
                0x200000ec                PROVIDE (__fini_array_start, .)
 *(SORT(.fini_array.*))
 *(.fini_array)
                0x200000ec                PROVIDE (__fini_array_end, .)
 *(.jcr*)
                0x200000ec                . = ALIGN (0x4)
                0x200000ec                __data_end__ = .
                0x200000ec                _edata = __data_end__

.igot.plt       0x200000ec        0x0 load address 0x08036278
 .igot.plt      0x00000000        0x0 ..\obj\bluetooth.o

.bss            0x200000f0     0xdb80 load address 0x08036280
                0x200000f0                . = ALIGN (0x4)
                0x200000f0                __bss_start__ = .
                0x200000f0                _sbss = __bss_start__
 *(.bss*)
 .bss           0x200000f0       0x30 ..\obj\bluetooth.o
                0x200000f0                bt_header_received
                0x200000f2                bit_in_bt_rx_buff
 .bss           0x20000120       0x38 ..\obj\sdio_sd.o
                0x20000150                TransferEnd
                0x20000154                NumberOfBytes
 .bss           0x20000158       0x4c ..\obj\GFXC.o
 .bss           0x200001a4       0x1c ..\obj\main.o
                0x200001a4                MSec
 .bss           0x200001c0        0xc ..\obj\display.o
 .bss           0x200001cc      0x164 ..\obj\tasks.o
                0x200001cc                pxCurrentTCB
 .bss           0x20000330       0x24 ..\obj\tim_isr.o
 .bss           0x20000354       0x10 ..\obj\menu.o
 .bss           0x20000364        0x8 ..\obj\ff.o
 *fill*         0x2000036c        0x4 
 .bss           0x20000370     0xc818 ..\obj\heap_2.o
 .bss           0x2000cb88        0xc ..\obj\usart.o
                0x2000cb88                usart1_txBufTail
                0x2000cb89                usart1_txBufHead
                0x2000cb8a                usart1_txCount
                0x2000cb8b                usart1_rxBufTail
                0x2000cb8c                usart1_rxBufHead
                0x2000cb8d                usart1_rxCount
 *(COMMON)
 COMMON         0x2000cb94       0x60 ..\obj\bluetooth.o
                0x2000cb94                bt_rx_packet
                0x2000cb98                hit_in_processing
                0x2000cba0                bt_rx_buffer
                0x2000cbc8                message_in_processing
 COMMON         0x2000cbf4       0x9c ..\obj\sdio_sd.o
                0x2000cbf4                SDIO_CmdInitStructure
                0x2000cc08                DestBuffer
                0x2000cc0c                SDCardInfo
                0x2000cc5c                SDIO_InitStructure
                0x2000cc74                SDIO_DataInitStructure
                0x2000cc8c                SrcBuffer
 COMMON         0x2000cc90      0x9f8 ..\obj\main.o
                0x2000cc90                writeBuffer
                0x2000ccd0                fs
                0x2000cf00                read_sektor_res
                0x2000cf04                br
                0x2000cf08                readBuffer
                0x2000d008                DAC_Buff
                0x2000d408                fsrc
                0x2000d62c                DMA_to_SPI_InitStructure
                0x2000d658                res
                0x2000d65c                DMA_InitStructure
 COMMON         0x2000d688       0x5c ..\obj\menu.o
                0x2000d688                sett_page
                0x2000d698                new_ir_power_offset_value
                0x2000d69a                new_ir_power_value
                0x2000d69c                new_year_value
                0x2000d6a0                item_list
                0x2000d6b8                main_menu
                0x2000d6c8                new_month_value
                0x2000d6c9                new_day_value
                0x2000d6cc                sett_item_list
 COMMON         0x2000d6e4      0x387 ..\obj\global_variables.o
                0x2000d6e4                bt_configured
                0x2000d6e5                Zone4RxEvent
                0x2000d6e8                timer7
                0x2000d6f4                xKeysSemaphore
                0x2000d6f8                Zone1RxEvent
                0x2000d6f9                safe_counter
                0x2000d6fc                xWavPlayerManagerSemaphore
                0x2000d700                xUsart1Semaphore
                0x2000d704                timer2
                0x2000d70e                tim3_rec_state
                0x2000d70f                Zone2RxEvent
                0x2000d710                xHitSemaphore
                0x2000d714                xSoundBuffTCSemaphore
                0x2000d718                armadaSystem
                0x2000d894                xZone4Semaphore
                0x2000d898                ir_tx_buffer_cursor
                0x2000d89e                tim4_ir_rx_count
                0x2000d8a0                zone3_rx_buffer
                0x2000d8c8                xEventQueue
                0x2000d8cc                request_text
                0x2000d8dc                xWavPlayerSemaphore
                0x2000d8e0                xSoundBuffHTSemaphore
                0x2000d8e4                countdown_shock_time
                0x2000d8e8                xZone1Semaphore
                0x2000d8ec                rx_buffer
                0x2000d914                key_pressing_duration
                0x2000d920                timer8
                0x2000d92c                tx_buffer
                0x2000d954                xSDcardLockSemaphore
                0x2000d958                xGameOverSemaphore
                0x2000d95c                cr_received
                0x2000d960                timer8_PWM
                0x2000d970                game_status
                0x2000d974                xBluetoothSemaphore
                0x2000d978                last_fire_mode
                0x2000d97a                tim2_ir_rx_count
                0x2000d97c                timer5
                0x2000d986                counter
                0x2000d988                timer4
                0x2000d994                ADC_values
                0x2000d99c                keyboard_event
                0x2000d9a0                xPlayWavSoundSemaphore
                0x2000d9a4                reload_key_event
                0x2000d9a5                Zone3RxEvent
                0x2000d9a8                xColorLCD_DMA_Semaphore
                0x2000d9ac                xZone2Semaphore
                0x2000d9b0                xColorLCDSemaphore
                0x2000d9b4                zone4_rx_buffer
                0x2000d9dc                tim5_ir_rx_count
                0x2000d9de                tim4_rec_state
                0x2000d9df                hit_now_processing
                0x2000d9e0                xZoneSemaphore
                0x2000d9e4                curr_fire_mode
                0x2000d9e8                timer3_PWM
                0x2000d9f8                screen_auto_refresh
                0x2000d9fc                zone1_rx_buffer
                0x2000da24                date
                0x2000da2c                zone2_rx_buffer
                0x2000da54                timer3
                0x2000da5e                tim2_rec_state
                0x2000da60                xZone3Semaphore
                0x2000da64                sensors
                0x2000da68                tim3_ir_rx_count
                0x2000da6a                tim5_rec_state
 *fill*         0x2000da6b        0x1 
 COMMON         0x2000da6c      0x204 ..\obj\usart.o
                0x2000da6c                usart1_RxBuf
                0x2000db6c                usartData
                0x2000db70                usart1_TxBuf
                0x2000dc70                . = ALIGN (0x4)
                0x2000dc70                __bss_end__ = .
                0x2000dc70                _ebss = __bss_end__

.heap           0x2000dc70        0x0
                0x2000dc70                __end__ = .
                0x2000dc70                _end = __end__
                0x2000dc70                end = __end__
 *(.heap*)
                0x2000dc70                __HeapLimit = .

.co_stack       0x2000dc70      0x400 load address 0x08043e00
                0x2000dc70                . = ALIGN (0x8)
 *(.co_stack .co_stack.*)
 .co_stack      0x2000dc70      0x400 ..\obj\startup_stm32f10x_hd.o
                0x2000dc70                pulStack
                0x20010000                __StackTop = (ORIGIN (ram) + 0x10000)
                0x2000fc00                __StackLimit = (__StackTop - SIZEOF (.co_stack))
                0x20010000                PROVIDE (__stack, __StackTop)
                0x00000001                ASSERT ((__StackLimit >= __HeapLimit), region ram  overflowed with stack)
LOAD ..\obj\bluetooth.o
LOAD ..\obj\stm32f10x_rtc.o
LOAD ..\obj\stm32f10x_tim.o
LOAD ..\obj\bluetooth_modul.o
LOAD ..\obj\core_cm3.o
LOAD ..\obj\sdio_sd.o
LOAD ..\obj\system_stm32f10x.o
LOAD ..\obj\startup_stm32f10x_hd.o
LOAD ..\obj\chipher.o
LOAD ..\obj\f10x-pcd8544.o
LOAD ..\obj\common.o
LOAD ..\obj\stm32f10x_pwr.o
LOAD ..\obj\diskio.o
LOAD ..\obj\GFXC.o
LOAD ..\obj\stm32f10x_gpio.o
LOAD ..\obj\ILI9163.o
LOAD ..\obj\stm32f10x_dac.o
LOAD ..\obj\main.o
LOAD ..\obj\bandana.o
LOAD ..\obj\stm32f10x_rcc.o
LOAD ..\obj\display.o
LOAD ..\obj\slots.o
LOAD ..\obj\stm32f10x_exti.o
LOAD ..\obj\tasks.o
LOAD ..\obj\stm32f10x_adc.o
LOAD ..\obj\gun.o
LOAD ..\obj\stm32f10x_usart.o
LOAD ..\obj\syscall.o
LOAD ..\obj\tim_isr.o
LOAD ..\obj\menu.o
LOAD ..\obj\list.o
LOAD ..\obj\syscalls.o
LOAD ..\obj\queue.o
LOAD ..\obj\port.o
LOAD ..\obj\game.o
LOAD ..\obj\stm32f10x_sdio.o
LOAD ..\obj\ff.o
LOAD ..\obj\stm32f10x_dma.o
LOAD ..\obj\croutine.o
LOAD ..\obj\misc.o
LOAD ..\obj\stm32f10x_spi.o
LOAD ..\obj\hardware_init.o
LOAD ..\obj\heap_2.o
LOAD ..\obj\global_variables.o
LOAD ..\obj\stm32f10x_bkp.o
LOAD ..\obj\usart.o
LOAD d:/armtools/bin/../lib/gcc/arm-none-eabi/4.8.3/../../../../arm-none-eabi/lib/armv7-m\libm.a
START GROUP
LOAD d:/armtools/bin/../lib/gcc/arm-none-eabi/4.8.3/armv7-m\libgcc.a
LOAD d:/armtools/bin/../lib/gcc/arm-none-eabi/4.8.3/../../../../arm-none-eabi/lib/armv7-m\libg.a
LOAD d:/armtools/bin/../lib/gcc/arm-none-eabi/4.8.3/../../../../arm-none-eabi/lib/armv7-m\libc.a
END GROUP
OUTPUT(rtos.elf elf32-littlearm)

.debug_info     0x00000000    0x19fca
 .debug_info    0x00000000      0xb96 ..\obj\bluetooth.o
 .debug_info    0x00000b96      0x400 ..\obj\stm32f10x_rtc.o
 .debug_info    0x00000f96     0x1c21 ..\obj\stm32f10x_tim.o
 .debug_info    0x00002bb7       0xeb ..\obj\bluetooth_modul.o
 .debug_info    0x00002ca2     0x14d0 ..\obj\sdio_sd.o
 .debug_info    0x00004172      0x413 ..\obj\system_stm32f10x.o
 .debug_info    0x00004585       0xe9 ..\obj\startup_stm32f10x_hd.o
 .debug_info    0x0000466e      0x260 ..\obj\chipher.o
 .debug_info    0x000048ce     0x16d9 ..\obj\f10x-pcd8544.o
 .debug_info    0x00005fa7      0x3fc ..\obj\stm32f10x_pwr.o
 .debug_info    0x000063a3      0x672 ..\obj\diskio.o
 .debug_info    0x00006a15     0x1696 ..\obj\GFXC.o
 .debug_info    0x000080ab      0x6b0 ..\obj\stm32f10x_gpio.o
 .debug_info    0x0000875b      0xd28 ..\obj\ILI9163.o
 .debug_info    0x00009483      0x479 ..\obj\stm32f10x_dac.o
 .debug_info    0x000098fc     0x351e ..\obj\main.o
 .debug_info    0x0000ce1a      0x181 ..\obj\bandana.o
 .debug_info    0x0000cf9b      0x856 ..\obj\stm32f10x_rcc.o
 .debug_info    0x0000d7f1      0x764 ..\obj\display.o
 .debug_info    0x0000df55      0x364 ..\obj\slots.o
 .debug_info    0x0000e2b9      0x320 ..\obj\stm32f10x_exti.o
 .debug_info    0x0000e5d9      0xc32 ..\obj\tasks.o
 .debug_info    0x0000f20b      0xb3d ..\obj\stm32f10x_adc.o
 .debug_info    0x0000fd48      0x97c ..\obj\gun.o
 .debug_info    0x000106c4      0x9b1 ..\obj\stm32f10x_usart.o
 .debug_info    0x00011075      0x8bf ..\obj\tim_isr.o
 .debug_info    0x00011934      0xf4f ..\obj\menu.o
 .debug_info    0x00012883      0x27f ..\obj\list.o
 .debug_info    0x00012b02      0x766 ..\obj\queue.o
 .debug_info    0x00013268      0x1af ..\obj\port.o
 .debug_info    0x00013417      0x555 ..\obj\game.o
 .debug_info    0x0001396c      0x7bf ..\obj\stm32f10x_sdio.o
 .debug_info    0x0001412b     0x1887 ..\obj\ff.o
 .debug_info    0x000159b2      0x447 ..\obj\stm32f10x_dma.o
 .debug_info    0x00015df9      0x4d3 ..\obj\misc.o
 .debug_info    0x000162cc      0x8bc ..\obj\stm32f10x_spi.o
 .debug_info    0x00016b88     0x1263 ..\obj\hardware_init.o
 .debug_info    0x00017deb      0x2a2 ..\obj\heap_2.o
 .debug_info    0x0001808d      0xda1 ..\obj\global_variables.o
 .debug_info    0x00018e2e      0x767 ..\obj\stm32f10x_bkp.o
 .debug_info    0x00019595      0xa35 ..\obj\usart.o

.debug_abbrev   0x00000000     0x43a5
 .debug_abbrev  0x00000000      0x23b ..\obj\bluetooth.o
 .debug_abbrev  0x0000023b      0x17e ..\obj\stm32f10x_rtc.o
 .debug_abbrev  0x000003b9      0x1b0 ..\obj\stm32f10x_tim.o
 .debug_abbrev  0x00000569       0x7f ..\obj\bluetooth_modul.o
 .debug_abbrev  0x000005e8      0x264 ..\obj\sdio_sd.o
 .debug_abbrev  0x0000084c      0x177 ..\obj\system_stm32f10x.o
 .debug_abbrev  0x000009c3       0xa7 ..\obj\startup_stm32f10x_hd.o
 .debug_abbrev  0x00000a6a       0xda ..\obj\chipher.o
 .debug_abbrev  0x00000b44      0x2d6 ..\obj\f10x-pcd8544.o
 .debug_abbrev  0x00000e1a      0x1ab ..\obj\stm32f10x_pwr.o
 .debug_abbrev  0x00000fc5      0x135 ..\obj\diskio.o
 .debug_abbrev  0x000010fa      0x318 ..\obj\GFXC.o
 .debug_abbrev  0x00001412      0x1c8 ..\obj\stm32f10x_gpio.o
 .debug_abbrev  0x000015da      0x251 ..\obj\ILI9163.o
 .debug_abbrev  0x0000182b      0x173 ..\obj\stm32f10x_dac.o
 .debug_abbrev  0x0000199e      0x39b ..\obj\main.o
 .debug_abbrev  0x00001d39       0xd8 ..\obj\bandana.o
 .debug_abbrev  0x00001e11      0x1ba ..\obj\stm32f10x_rcc.o
 .debug_abbrev  0x00001fcb      0x1c3 ..\obj\display.o
 .debug_abbrev  0x0000218e      0x10f ..\obj\slots.o
 .debug_abbrev  0x0000229d      0x151 ..\obj\stm32f10x_exti.o
 .debug_abbrev  0x000023ee      0x1cf ..\obj\tasks.o
 .debug_abbrev  0x000025bd      0x198 ..\obj\stm32f10x_adc.o
 .debug_abbrev  0x00002755      0x19f ..\obj\gun.o
 .debug_abbrev  0x000028f4      0x162 ..\obj\stm32f10x_usart.o
 .debug_abbrev  0x00002a56      0x199 ..\obj\tim_isr.o
 .debug_abbrev  0x00002bef      0x2a5 ..\obj\menu.o
 .debug_abbrev  0x00002e94       0xba ..\obj\list.o
 .debug_abbrev  0x00002f4e      0x16c ..\obj\queue.o
 .debug_abbrev  0x000030ba      0x109 ..\obj\port.o
 .debug_abbrev  0x000031c3      0x153 ..\obj\game.o
 .debug_abbrev  0x00003316      0x1af ..\obj\stm32f10x_sdio.o
 .debug_abbrev  0x000034c5      0x1f4 ..\obj\ff.o
 .debug_abbrev  0x000036b9      0x155 ..\obj\stm32f10x_dma.o
 .debug_abbrev  0x0000380e      0x154 ..\obj\misc.o
 .debug_abbrev  0x00003962      0x17e ..\obj\stm32f10x_spi.o
 .debug_abbrev  0x00003ae0      0x1e0 ..\obj\hardware_init.o
 .debug_abbrev  0x00003cc0      0x166 ..\obj\heap_2.o
 .debug_abbrev  0x00003e26      0x178 ..\obj\global_variables.o
 .debug_abbrev  0x00003f9e      0x172 ..\obj\stm32f10x_bkp.o
 .debug_abbrev  0x00004110      0x295 ..\obj\usart.o

.debug_aranges  0x00000000     0x1ad8
 .debug_aranges
                0x00000000       0x48 ..\obj\bluetooth.o
 .debug_aranges
                0x00000048       0x88 ..\obj\stm32f10x_rtc.o
 .debug_aranges
                0x000000d0      0x2f0 ..\obj\stm32f10x_tim.o
 .debug_aranges
                0x000003c0       0x28 ..\obj\bluetooth_modul.o
 .debug_aranges
                0x000003e8      0x138 ..\obj\sdio_sd.o
 .debug_aranges
                0x00000520       0x38 ..\obj\system_stm32f10x.o
 .debug_aranges
                0x00000558       0x28 ..\obj\startup_stm32f10x_hd.o
 .debug_aranges
                0x00000580       0x38 ..\obj\chipher.o
 .debug_aranges
                0x000005b8      0x108 ..\obj\f10x-pcd8544.o
 .debug_aranges
                0x000006c0       0x70 ..\obj\stm32f10x_pwr.o
 .debug_aranges
                0x00000730       0x48 ..\obj\diskio.o
 .debug_aranges
                0x00000778       0xc8 ..\obj\GFXC.o
 .debug_aranges
                0x00000840       0xa8 ..\obj\stm32f10x_gpio.o
 .debug_aranges
                0x000008e8       0xb8 ..\obj\ILI9163.o
 .debug_aranges
                0x000009a0       0x78 ..\obj\stm32f10x_dac.o
 .debug_aranges
                0x00000a18      0x240 ..\obj\main.o
 .debug_aranges
                0x00000c58       0x30 ..\obj\bandana.o
 .debug_aranges
                0x00000c88      0x118 ..\obj\stm32f10x_rcc.o
 .debug_aranges
                0x00000da0       0xd0 ..\obj\display.o
 .debug_aranges
                0x00000e70       0x58 ..\obj\slots.o
 .debug_aranges
                0x00000ec8       0x58 ..\obj\stm32f10x_exti.o
 .debug_aranges
                0x00000f20      0x118 ..\obj\tasks.o
 .debug_aranges
                0x00001038      0x138 ..\obj\stm32f10x_adc.o
 .debug_aranges
                0x00001170       0x30 ..\obj\gun.o
 .debug_aranges
                0x000011a0      0x100 ..\obj\stm32f10x_usart.o
 .debug_aranges
                0x000012a0       0x50 ..\obj\tim_isr.o
 .debug_aranges
                0x000012f0       0x90 ..\obj\menu.o
 .debug_aranges
                0x00001380       0x40 ..\obj\list.o
 .debug_aranges
                0x000013c0       0xa8 ..\obj\queue.o
 .debug_aranges
                0x00001468       0x70 ..\obj\port.o
 .debug_aranges
                0x000014d8       0x28 ..\obj\game.o
 .debug_aranges
                0x00001500      0x108 ..\obj\stm32f10x_sdio.o
 .debug_aranges
                0x00001608      0x178 ..\obj\ff.o
 .debug_aranges
                0x00001780       0x70 ..\obj\stm32f10x_dma.o
 .debug_aranges
                0x000017f0       0x40 ..\obj\misc.o
 .debug_aranges
                0x00001830       0xd0 ..\obj\stm32f10x_spi.o
 .debug_aranges
                0x00001900       0x90 ..\obj\hardware_init.o
 .debug_aranges
                0x00001990       0x38 ..\obj\heap_2.o
 .debug_aranges
                0x000019c8       0x18 ..\obj\global_variables.o
 .debug_aranges
                0x000019e0       0x78 ..\obj\stm32f10x_bkp.o
 .debug_aranges
                0x00001a58       0x80 ..\obj\usart.o

.debug_ranges   0x00000000     0x1840
 .debug_ranges  0x00000000       0x38 ..\obj\bluetooth.o
 .debug_ranges  0x00000038       0x78 ..\obj\stm32f10x_rtc.o
 .debug_ranges  0x000000b0      0x2e0 ..\obj\stm32f10x_tim.o
 .debug_ranges  0x00000390       0x18 ..\obj\bluetooth_modul.o
 .debug_ranges  0x000003a8      0x128 ..\obj\sdio_sd.o
 .debug_ranges  0x000004d0       0x28 ..\obj\system_stm32f10x.o
 .debug_ranges  0x000004f8       0x18 ..\obj\startup_stm32f10x_hd.o
 .debug_ranges  0x00000510       0x28 ..\obj\chipher.o
 .debug_ranges  0x00000538       0xf8 ..\obj\f10x-pcd8544.o
 .debug_ranges  0x00000630       0x60 ..\obj\stm32f10x_pwr.o
 .debug_ranges  0x00000690       0x38 ..\obj\diskio.o
 .debug_ranges  0x000006c8       0xb8 ..\obj\GFXC.o
 .debug_ranges  0x00000780       0x98 ..\obj\stm32f10x_gpio.o
 .debug_ranges  0x00000818       0xa8 ..\obj\ILI9163.o
 .debug_ranges  0x000008c0       0x68 ..\obj\stm32f10x_dac.o
 .debug_ranges  0x00000928      0x230 ..\obj\main.o
 .debug_ranges  0x00000b58       0x20 ..\obj\bandana.o
 .debug_ranges  0x00000b78      0x108 ..\obj\stm32f10x_rcc.o
 .debug_ranges  0x00000c80       0xc0 ..\obj\display.o
 .debug_ranges  0x00000d40       0x48 ..\obj\slots.o
 .debug_ranges  0x00000d88       0x48 ..\obj\stm32f10x_exti.o
 .debug_ranges  0x00000dd0      0x108 ..\obj\tasks.o
 .debug_ranges  0x00000ed8      0x128 ..\obj\stm32f10x_adc.o
 .debug_ranges  0x00001000       0x20 ..\obj\gun.o
 .debug_ranges  0x00001020       0xf0 ..\obj\stm32f10x_usart.o
 .debug_ranges  0x00001110       0x40 ..\obj\tim_isr.o
 .debug_ranges  0x00001150       0x80 ..\obj\menu.o
 .debug_ranges  0x000011d0       0x30 ..\obj\list.o
 .debug_ranges  0x00001200       0x98 ..\obj\queue.o
 .debug_ranges  0x00001298       0x60 ..\obj\port.o
 .debug_ranges  0x000012f8       0x18 ..\obj\game.o
 .debug_ranges  0x00001310       0xf8 ..\obj\stm32f10x_sdio.o
 .debug_ranges  0x00001408      0x168 ..\obj\ff.o
 .debug_ranges  0x00001570       0x60 ..\obj\stm32f10x_dma.o
 .debug_ranges  0x000015d0       0x30 ..\obj\misc.o
 .debug_ranges  0x00001600       0xc0 ..\obj\stm32f10x_spi.o
 .debug_ranges  0x000016c0       0x80 ..\obj\hardware_init.o
 .debug_ranges  0x00001740       0x28 ..\obj\heap_2.o
 .debug_ranges  0x00001768       0x68 ..\obj\stm32f10x_bkp.o
 .debug_ranges  0x000017d0       0x70 ..\obj\usart.o

.debug_line     0x00000000     0xcfa8
 .debug_line    0x00000000      0x53e ..\obj\bluetooth.o
 .debug_line    0x0000053e      0x2ec ..\obj\stm32f10x_rtc.o
 .debug_line    0x0000082a      0xad3 ..\obj\stm32f10x_tim.o
 .debug_line    0x000012fd      0x321 ..\obj\bluetooth_modul.o
 .debug_line    0x0000161e      0xda7 ..\obj\sdio_sd.o
 .debug_line    0x000023c5      0x26f ..\obj\system_stm32f10x.o
 .debug_line    0x00002634       0xe0 ..\obj\startup_stm32f10x_hd.o
 .debug_line    0x00002714      0x162 ..\obj\chipher.o
 .debug_line    0x00002876      0x7ff ..\obj\f10x-pcd8544.o
 .debug_line    0x00003075      0x2ac ..\obj\stm32f10x_pwr.o
 .debug_line    0x00003321      0x271 ..\obj\diskio.o
 .debug_line    0x00003592      0xaca ..\obj\GFXC.o
 .debug_line    0x0000405c      0x407 ..\obj\stm32f10x_gpio.o
 .debug_line    0x00004463      0x50a ..\obj\ILI9163.o
 .debug_line    0x0000496d      0x341 ..\obj\stm32f10x_dac.o
 .debug_line    0x00004cae     0x1277 ..\obj\main.o
 .debug_line    0x00005f25      0x222 ..\obj\bandana.o
 .debug_line    0x00006147      0x515 ..\obj\stm32f10x_rcc.o
 .debug_line    0x0000665c      0x61b ..\obj\display.o
 .debug_line    0x00006c77      0x2a8 ..\obj\slots.o
 .debug_line    0x00006f1f      0x2fd ..\obj\stm32f10x_exti.o
 .debug_line    0x0000721c      0x753 ..\obj\tasks.o
 .debug_line    0x0000796f      0x57a ..\obj\stm32f10x_adc.o
 .debug_line    0x00007ee9      0x447 ..\obj\gun.o
 .debug_line    0x00008330      0x4f2 ..\obj\stm32f10x_usart.o
 .debug_line    0x00008822      0x59f ..\obj\tim_isr.o
 .debug_line    0x00008dc1      0x6c0 ..\obj\menu.o
 .debug_line    0x00009481      0x25d ..\obj\list.o
 .debug_line    0x000096de      0x480 ..\obj\queue.o
 .debug_line    0x00009b5e      0x239 ..\obj\port.o
 .debug_line    0x00009d97      0x3d6 ..\obj\game.o
 .debug_line    0x0000a16d      0x4a4 ..\obj\stm32f10x_sdio.o
 .debug_line    0x0000a611      0xeb2 ..\obj\ff.o
 .debug_line    0x0000b4c3      0x35c ..\obj\stm32f10x_dma.o
 .debug_line    0x0000b81f      0x29d ..\obj\misc.o
 .debug_line    0x0000babc      0x47a ..\obj\stm32f10x_spi.o
 .debug_line    0x0000bf36      0x554 ..\obj\hardware_init.o
 .debug_line    0x0000c48a      0x19c ..\obj\heap_2.o
 .debug_line    0x0000c626      0x27a ..\obj\global_variables.o
 .debug_line    0x0000c8a0      0x2a8 ..\obj\stm32f10x_bkp.o
 .debug_line    0x0000cb48      0x460 ..\obj\usart.o

.debug_str      0x00000000     0x8ec6
 .debug_str     0x00000000      0xb2c ..\obj\bluetooth.o
                                0xc4e (size before relaxing)
 .debug_str     0x00000b2c      0x26c ..\obj\stm32f10x_rtc.o
                                0x3bf (size before relaxing)
 .debug_str     0x00000d98      0xbbe ..\obj\stm32f10x_tim.o
                                0xdfa (size before relaxing)
 .debug_str     0x00001956       0xdb ..\obj\bluetooth_modul.o
                                0x2bb (size before relaxing)
 .debug_str     0x00001a31      0xe9f ..\obj\sdio_sd.o
                               0x10a0 (size before relaxing)
 .debug_str     0x000028d0      0x1b2 ..\obj\system_stm32f10x.o
                                0x309 (size before relaxing)
 .debug_str     0x00002a82       0xee ..\obj\startup_stm32f10x_hd.o
                                0x18e (size before relaxing)
 .debug_str     0x00002b70       0xb1 ..\obj\chipher.o
                                0x24d (size before relaxing)
 .debug_str     0x00002c21      0x818 ..\obj\f10x-pcd8544.o
                               0x1067 (size before relaxing)
 .debug_str     0x00003439      0x165 ..\obj\stm32f10x_pwr.o
                                0x32f (size before relaxing)
 .debug_str     0x0000359e      0x10a ..\obj\diskio.o
                                0x80c (size before relaxing)
 .debug_str     0x000036a8      0x661 ..\obj\GFXC.o
                                0xd84 (size before relaxing)
 .debug_str     0x00003d09      0x288 ..\obj\stm32f10x_gpio.o
                                0x536 (size before relaxing)
 .debug_str     0x00003f91      0x176 ..\obj\ILI9163.o
                                0xacb (size before relaxing)
 .debug_str     0x00004107      0x261 ..\obj\stm32f10x_dac.o
                                0x3cc (size before relaxing)
 .debug_str     0x00004368      0xde9 ..\obj\main.o
                               0x2a1d (size before relaxing)
 .debug_str     0x00005151       0xfe ..\obj\bandana.o
                                0x271 (size before relaxing)
 .debug_str     0x0000524f      0x420 ..\obj\stm32f10x_rcc.o
                                0x637 (size before relaxing)
 .debug_str     0x0000566f      0x341 ..\obj\display.o
                                0x72c (size before relaxing)
 .debug_str     0x000059b0      0x14f ..\obj\slots.o
                                0x29b (size before relaxing)
 .debug_str     0x00005aff      0x143 ..\obj\stm32f10x_exti.o
                                0x37b (size before relaxing)
 .debug_str     0x00005c42      0x760 ..\obj\tasks.o
                                0x930 (size before relaxing)
 .debug_str     0x000063a2      0x4f9 ..\obj\stm32f10x_adc.o
                                0x718 (size before relaxing)
 .debug_str     0x0000689b       0xc0 ..\obj\gun.o
                                0x95f (size before relaxing)
 .debug_str     0x0000695b      0x453 ..\obj\stm32f10x_usart.o
                                0x6ad (size before relaxing)
 .debug_str     0x00006dae      0x118 ..\obj\tim_isr.o
                                0x825 (size before relaxing)
 .debug_str     0x00006ec6      0x44e ..\obj\menu.o
                                0xc4e (size before relaxing)
 .debug_str     0x00007314      0x119 ..\obj\list.o
                                0x2ce (size before relaxing)
 .debug_str     0x0000742d      0x377 ..\obj\queue.o
                                0x59d (size before relaxing)
 .debug_str     0x000077a4      0x1a2 ..\obj\port.o
                                0x2aa (size before relaxing)
 .debug_str     0x00007946       0x97 ..\obj\game.o
                                0x6a2 (size before relaxing)
 .debug_str     0x000079dd      0x317 ..\obj\stm32f10x_sdio.o
                                0x658 (size before relaxing)
 .debug_str     0x00007cf4      0x2d8 ..\obj\ff.o
                                0x6e7 (size before relaxing)
 .debug_str     0x00007fcc      0x17d ..\obj\stm32f10x_dma.o
                                0x3de (size before relaxing)
 .debug_str     0x00008149      0x155 ..\obj\misc.o
                                0x3e0 (size before relaxing)
 .debug_str     0x0000829e      0x2f6 ..\obj\stm32f10x_spi.o
                                0x61a (size before relaxing)
 .debug_str     0x00008594      0x1be ..\obj\hardware_init.o
                                0xf6b (size before relaxing)
 .debug_str     0x00008752      0x1d0 ..\obj\heap_2.o
                                0x2f9 (size before relaxing)
 .debug_str     0x00008922       0xaf ..\obj\global_variables.o
                                0xcb5 (size before relaxing)
 .debug_str     0x000089d1      0x368 ..\obj\stm32f10x_bkp.o
                                0x5d2 (size before relaxing)
 .debug_str     0x00008d39      0x18d ..\obj\usart.o
                                0x9b9 (size before relaxing)

.comment        0x00000000       0x70
 .comment       0x00000000       0x70 ..\obj\bluetooth.o
                                 0x71 (size before relaxing)
 .comment       0x00000000       0x71 ..\obj\stm32f10x_rtc.o