Archive member included because of file (symbol)

d:/armtools/bin/../lib/gcc/arm-none-eabi/4.8.3/../../../../arm-none-eabi/lib/armv7-m\libm.a(lib_a-s_round.o)
                              ..\obj\random.o (round)
d:/armtools/bin/../lib/gcc/arm-none-eabi/4.8.3/armv7-m\libgcc.a(_arm_addsubdf3.o)
                              d:/armtools/bin/../lib/gcc/arm-none-eabi/4.8.3/../../../../arm-none-eabi/lib/armv7-m\libm.a(lib_a-s_round.o) (__aeabi_dadd)
d:/armtools/bin/../lib/gcc/arm-none-eabi/4.8.3/armv7-m\libgcc.a(_arm_fixunsdfsi.o)
                              ..\obj\random.o (__aeabi_d2uiz)
d:/armtools/bin/../lib/gcc/arm-none-eabi/4.8.3/armv7-m\libgcc.a(_arm_addsubsf3.o)
                              ..\obj\GFXC.o (__aeabi_fsub)
d:/armtools/bin/../lib/gcc/arm-none-eabi/4.8.3/armv7-m\libgcc.a(_arm_muldivsf3.o)
                              ..\obj\GFXC.o (__aeabi_fmul)
d:/armtools/bin/../lib/gcc/arm-none-eabi/4.8.3/armv7-m\libgcc.a(_arm_cmpsf2.o)
                              ..\obj\GFXC.o (__aeabi_fcmplt)
d:/armtools/bin/../lib/gcc/arm-none-eabi/4.8.3/armv7-m\libgcc.a(_arm_fixsfsi.o)
                              ..\obj\GFXC.o (__aeabi_f2iz)
d:/armtools/bin/../lib/gcc/arm-none-eabi/4.8.3/../../../../arm-none-eabi/lib/armv7-m\libg.a(lib_a-memchr-stub.o)
                              ..\obj\slots.o (memchr)
d:/armtools/bin/../lib/gcc/arm-none-eabi/4.8.3/../../../../arm-none-eabi/lib/armv7-m\libg.a(lib_a-memcpy.o)
                              ..\obj\main.o (memcpy)
d:/armtools/bin/../lib/gcc/arm-none-eabi/4.8.3/../../../../arm-none-eabi/lib/armv7-m\libg.a(lib_a-memmem.o)
                              ..\obj\main.o (memmem)
d:/armtools/bin/../lib/gcc/arm-none-eabi/4.8.3/../../../../arm-none-eabi/lib/armv7-m\libg.a(lib_a-memmove.o)
                              ..\obj\slots.o (memmove)
d:/armtools/bin/../lib/gcc/arm-none-eabi/4.8.3/../../../../arm-none-eabi/lib/armv7-m\libg.a(lib_a-memset.o)
                              ..\obj\tasks.o (memset)
d:/armtools/bin/../lib/gcc/arm-none-eabi/4.8.3/../../../../arm-none-eabi/lib/armv7-m\libg.a(lib_a-strlen.o)
                              ..\obj\GFXC.o (strlen)
d:/armtools/bin/../lib/gcc/arm-none-eabi/4.8.3/../../../../arm-none-eabi/lib/armv7-m\libg.a(lib_a-strncpy.o)
                              ..\obj\tasks.o (strncpy)
d:/armtools/bin/../lib/gcc/arm-none-eabi/4.8.3/../../../../arm-none-eabi/lib/armv7-m\libg.a(lib_a-memcmp.o)
                              d:/armtools/bin/../lib/gcc/arm-none-eabi/4.8.3/../../../../arm-none-eabi/lib/armv7-m\libg.a(lib_a-memmem.o) (memcmp)

Allocating common symbols
Common symbol       size              file

bt_configured       0x1               ..\obj\global_variables.o
SDIO_CmdInitStructure
                    0x14              ..\obj\sdio_sd.o
Zone4RxEvent        0x1               ..\obj\global_variables.o
timer7              0xa               ..\obj\global_variables.o
xKeysSemaphore      0x4               ..\obj\global_variables.o
Zone1RxEvent        0x1               ..\obj\global_variables.o
safe_counter        0x1               ..\obj\global_variables.o
writeBuffer         0x40              ..\obj\main.o
bt_rx_packet        0x3               ..\obj\bluetooth.o
xWavPlayerManagerSemaphore
                    0x4               ..\obj\global_variables.o
xUsart1Semaphore    0x4               ..\obj\global_variables.o
fs                  0x230             ..\obj\main.o
timer2              0xa               ..\obj\global_variables.o
tim3_rec_state      0x1               ..\obj\global_variables.o
sett_page           0x10              ..\obj\menu.o
Zone2RxEvent        0x1               ..\obj\global_variables.o
xHitSemaphore       0x4               ..\obj\global_variables.o
hit_in_processing   0x8               ..\obj\bluetooth.o
xSoundBuffTCSemaphore
                    0x4               ..\obj\global_variables.o
new_ir_power_offset_value
                    0x2               ..\obj\menu.o
armadaSystem        0x17c             ..\obj\global_variables.o
new_ir_power_value  0x2               ..\obj\menu.o
xZone4Semaphore     0x4               ..\obj\global_variables.o
read_sektor_res     0x1               ..\obj\main.o
DestBuffer          0x4               ..\obj\sdio_sd.o
ir_tx_buffer_cursor
                    0x6               ..\obj\global_variables.o
fsrc_lsl            0x224             ..\obj\scripting_engine.o
lcd8544_buff        0x1f8             ..\obj\f10x-pcd8544.o
tim4_ir_rx_count    0x2               ..\obj\global_variables.o
br                  0x4               ..\obj\main.o
readBuffer          0x100             ..\obj\main.o
zone3_rx_buffer     0x28              ..\obj\global_variables.o
xEventQueue         0x4               ..\obj\global_variables.o
request_text        0x10              ..\obj\global_variables.o
xWavPlayerSemaphore
                    0x4               ..\obj\global_variables.o
xSoundBuffHTSemaphore
[...]
Memory Configuration

Name             Origin             Length             Attributes
rom              0x08000000         0x00080000         xr
ram              0x20000000         0x00010000         xrw
*default*        0x00000000         0xffffffff

Linker script and memory map

                0x20010000                _eram = 0x20010000

.text           0x08000000    0x36250
 *(.isr_vector)
 .isr_vector    0x08000000      0x134 ..\obj\startup_stm32f10x_hd.o
                0x08000000                g_pfnVectors
 *(.text*)
 .text.set_bt_buffer_bit
                0x08000134       0x88 ..\obj\bluetooth.o
                0x08000134                set_bt_buffer_bit
 .text.parsing_bt_data
                0x080001bc      0x10c ..\obj\bluetooth.o
                0x080001bc                parsing_bt_data
 .text.get_bt_buffer_bit
                0x080002c8       0x54 ..\obj\bluetooth.o
                0x080002c8                get_bt_buffer_bit
 .text.test_bt_data
                0x0800031c      0x5b4 ..\obj\bluetooth.o
                0x0800031c                test_bt_data
 .text.get_bt_packet_value
                0x080008d0       0x6c ..\obj\bluetooth.o
                0x080008d0                get_bt_packet_value
 .text.get_bt_message_value
                0x0800093c       0xcc ..\obj\bluetooth.o
                0x0800093c                get_bt_message_value
 .text.RTC_ITConfig
                0x08000a08       0x48 ..\obj\stm32f10x_rtc.o
                0x08000a08                RTC_ITConfig
 .text.RTC_EnterConfigMode
                0x08000a50       0x20 ..\obj\stm32f10x_rtc.o
                0x08000a50                RTC_EnterConfigMode
 .text.RTC_ExitConfigMode
                0x08000a70       0x20 ..\obj\stm32f10x_rtc.o
                0x08000a70                RTC_ExitConfigMode
 .text.RTC_GetCounter
                0x08000a90       0x2c ..\obj\stm32f10x_rtc.o
                0x08000a90                RTC_GetCounter
 .text.RTC_SetCounter
                0x08000abc       0x2c ..\obj\stm32f10x_rtc.o
                0x08000abc                RTC_SetCounter
 .text.RTC_SetPrescaler
                0x08000ae8       0x30 ..\obj\stm32f10x_rtc.o
                0x08000ae8                RTC_SetPrescaler
 .text.RTC_WaitForLastTask
                0x08000b18       0x20 ..\obj\stm32f10x_rtc.o
                0x08000b18                RTC_WaitForLastTask
 .text.RTC_WaitForSynchro
                0x08000b38       0x30 ..\obj\stm32f10x_rtc.o
                0x08000b38                RTC_WaitForSynchro
 .text.RTC_GetITStatus
                0x08000b68       0x50 ..\obj\stm32f10x_rtc.o
                0x08000b68                RTC_GetITStatus
 .text.RTC_ClearITPendingBit
                0x08000bb8       0x2c ..\obj\stm32f10x_rtc.o
                0x08000bb8                RTC_ClearITPendingBit
 .text.TIM_DeInit
                0x08000be4      0x22c ..\obj\stm32f10x_tim.o
                0x08000be4                TIM_DeInit
 .text.TIM_TimeBaseInit
                0x08000e10       0xf8 ..\obj\stm32f10x_tim.o
                0x08000e10                TIM_TimeBaseInit
 .text.TIM_OC1Init
                0x08000f08      0x118 ..\obj\stm32f10x_tim.o
                0x08000f08                TIM_OC1Init
 .text.TIM_OC3Init
                0x08001020      0x10c ..\obj\stm32f10x_tim.o
                0x08001020                TIM_OC3Init
 .text.TIM_PWMIConfig
                0x0800112c       0xb8 ..\obj\stm32f10x_tim.o
                0x0800112c                TIM_PWMIConfig
 .text.TIM_BDTRConfig
                0x080011e4       0x50 ..\obj\stm32f10x_tim.o
                0x080011e4                TIM_BDTRConfig
 .text.TIM_TimeBaseStructInit
                0x08001234       0x34 ..\obj\stm32f10x_tim.o
                0x08001234                TIM_TimeBaseStructInit
 .text.TIM_OCStructInit
                0x08001268       0x44 ..\obj\stm32f10x_tim.o
                0x08001268                TIM_OCStructInit
 .text.TIM_BDTRStructInit
                0x080012ac       0x3c ..\obj\stm32f10x_tim.o
                0x080012ac                TIM_BDTRStructInit
 .text.TIM_Cmd  0x080012e8       0x40 ..\obj\stm32f10x_tim.o
                0x080012e8                TIM_Cmd
 .text.TIM_ITConfig
                0x08001328       0x48 ..\obj\stm32f10x_tim.o
                0x08001328                TIM_ITConfig
 .text.TIM_DMACmd
                0x08001370       0x48 ..\obj\stm32f10x_tim.o
                0x08001370                TIM_DMACmd
 .text.TIM_SelectInputTrigger
                0x080013b8       0x38 ..\obj\stm32f10x_tim.o
                0x080013b8                TIM_SelectInputTrigger
 .text.TIM_SelectOutputTrigger
                0x080013f0       0x38 ..\obj\stm32f10x_tim.o
                0x080013f0                TIM_SelectOutputTrigger
 .text.TIM_SelectSlaveMode
                0x08001428       0x38 ..\obj\stm32f10x_tim.o
                0x08001428                TIM_SelectSlaveMode
 .text.TIM_SelectMasterSlaveMode
                0x08001460       0x38 ..\obj\stm32f10x_tim.o
                0x08001460                TIM_SelectMasterSlaveMode
 .text.TIM_SetIC1Prescaler
                0x08001498       0x38 ..\obj\stm32f10x_tim.o
                0x08001498                TIM_SetIC1Prescaler
 .text.TIM_SetIC2Prescaler
                0x080014d0       0x3c ..\obj\stm32f10x_tim.o
                0x080014d0                TIM_SetIC2Prescaler
 .text.TIM_GetCapture1
                0x0800150c       0x1c ..\obj\stm32f10x_tim.o
                0x0800150c                TIM_GetCapture1
 .text.TIM_GetCapture2
                0x08001528       0x1c ..\obj\stm32f10x_tim.o
                0x08001528                TIM_GetCapture2
 .text.TIM_GetFlagStatus
                0x08001544       0x38 ..\obj\stm32f10x_tim.o
                0x08001544                TIM_GetFlagStatus
 .text.TIM_ClearFlag
                0x0800157c       0x20 ..\obj\stm32f10x_tim.o
                0x0800157c                TIM_ClearFlag
 .text.TIM_GetITStatus
                0x0800159c       0x54 ..\obj\stm32f10x_tim.o
                0x0800159c                TIM_GetITStatus
 .text.TIM_ClearITPendingBit
                0x080015f0       0x20 ..\obj\stm32f10x_tim.o
                0x080015f0                TIM_ClearITPendingBit
 .text.TI1_Config
                0x08001610       0xd4 ..\obj\stm32f10x_tim.o
 .text.TI2_Config
                0x080016e4       0xe8 ..\obj\stm32f10x_tim.o
 .text.bluetooth_module_on_connected
                0x080017cc       0x20 ..\obj\bluetooth_modul.o
                0x080017cc                bluetooth_module_on_connected
 .text.bluetooth_module_on_disconnected
                0x080017ec       0x48 ..\obj\bluetooth_modul.o
                0x080017ec                bluetooth_module_on_disconnected
 .text.SD_LowLevel_Init
                0x08001834       0x68 ..\obj\sdio_sd.o
                0x08001834                SD_LowLevel_Init
 .text.SD_DMAEndOfTransferStatus
                0x0800189c       0x14 ..\obj\sdio_sd.o
                0x0800189c                SD_DMAEndOfTransferStatus
 .text.SD_LowLevel_DMA_RxConfig
                0x080018b0       0x74 ..\obj\sdio_sd.o
                0x080018b0                SD_LowLevel_DMA_RxConfig
 .text.SD_LowLevel_DMA_TxConfig
                0x08001924       0x74 ..\obj\sdio_sd.o
                0x08001924                SD_LowLevel_DMA_TxConfig
 .text.SD_Init  0x08001998       0xbc ..\obj\sdio_sd.o
                0x08001998                SD_Init
 .text.SD_PowerON
                0x08001a54      0x218 ..\obj\sdio_sd.o
                0x08001a54                SD_PowerON
 .text.SD_InitializeCards
                0x08001c6c      0x18c ..\obj\sdio_sd.o
                0x08001c6c                SD_InitializeCards
 .text.SD_GetCardInfo
                0x08001df8      0x564 ..\obj\sdio_sd.o
                0x08001df8                SD_GetCardInfo
 .text.SD_EnableWideBusOperation
                0x0800235c       0xd8 ..\obj\sdio_sd.o
                0x0800235c                SD_EnableWideBusOperation
 .text.SD_SetDeviceMode
                0x08002434       0x3c ..\obj\sdio_sd.o
                0x08002434                SD_SetDeviceMode
 .text.SD_SelectDeselect
                0x08002470       0x4c ..\obj\sdio_sd.o
                0x08002470                SD_SelectDeselect
 .text.SD_ReadBlock
                0x080024bc      0x330 ..\obj\sdio_sd.o
                0x080024bc                SD_ReadBlock
 .text.SD_ReadMultiBlocks
                0x080027ec      0x3cc ..\obj\sdio_sd.o
                0x080027ec                SD_ReadMultiBlocks
 .text.SD_WriteBlock
                0x08002bb8      0x4b0 ..\obj\sdio_sd.o
                0x08002bb8                SD_WriteBlock
 .text.SD_WriteMultiBlocks
                0x08003068      0x590 ..\obj\sdio_sd.o
                0x08003068                SD_WriteMultiBlocks
 .text.CmdError
                0x080035f8       0x4c ..\obj\sdio_sd.o
 .text.CmdResp7Error
                0x08003644       0x78 ..\obj\sdio_sd.o
 .text.CmdResp1Error
                0x080036bc      0x1a0 ..\obj\sdio_sd.o
 .text.CmdResp3Error
                0x0800385c       0x50 ..\obj\sdio_sd.o
 .text.CmdResp2Error
                0x080038ac       0x68 ..\obj\sdio_sd.o
 .text.CmdResp6Error
                0x08003914       0xcc ..\obj\sdio_sd.o
 .text.SDEnWideBus
                0x080039e0      0x180 ..\obj\sdio_sd.o
 .text.IsCardProgramming
                0x08003b60      0x1ec ..\obj\sdio_sd.o
 .text.FindSCR  0x08003d4c      0x208 ..\obj\sdio_sd.o
 .text.convert_from_bytes_to_power_of_two
                0x08003f54       0x30 ..\obj\sdio_sd.o
 .text.SystemInit
                0x08003f84       0x68 ..\obj\system_stm32f10x.o
                0x08003f84                SystemInit
 .text.SetSysClock
                0x08003fec        0xc ..\obj\system_stm32f10x.o
 .text.SetSysClockTo24
                0x08003ff8       0xf8 ..\obj\system_stm32f10x.o
 .text.Default_Reset_Handler
                0x080040f0       0x60 ..\obj\startup_stm32f10x_hd.o
                0x080040f0                Default_Reset_Handler
                0x080040f0                Reset_Handler
 .text.Default_Handler
                0x08004150        0x8 ..\obj\startup_stm32f10x_hd.o
                0x08004150                EXTI2_IRQHandler
                0x08004150                TIM8_TRG_COM_IRQHandler
                0x08004150                DebugMon_Handler
                0x08004150                TIM1_CC_IRQHandler
                0x08004150                HardFault_Handler
                0x08004150                TIM6_IRQHandler
                0x08004150                SysTick_Handler
                0x08004150                PVD_IRQHandler
                0x08004150                SDIO_IRQHandler
                0x08004150                PendSV_Handler
                0x08004150                NMI_Handler
                0x08004150                EXTI3_IRQHandler
                0x08004150                EXTI0_IRQHandler
                0x08004150                I2C2_EV_IRQHandler
                0x08004150                UsageFault_Handler
                0x08004150                SPI1_IRQHandler
                0x08004150                TAMPER_IRQHandler
                0x08004150                DMA1_Channel4_IRQHandler
                0x08004150                USART3_IRQHandler
                0x08004150                DMA1_Channel7_IRQHandler
                0x08004150                CAN1_RX1_IRQHandler
                0x08004150                UART5_IRQHandler
                0x08004150                ADC3_IRQHandler
                0x08004150                DMA2_Channel1_IRQHandler
                0x08004150                I2C1_EV_IRQHandler
                0x08004150                DMA1_Channel6_IRQHandler
                0x08004150                UART4_IRQHandler
                0x08004150                RCC_IRQHandler
                0x08004150                TIM1_TRG_COM_IRQHandler
                0x08004150                DMA1_Channel1_IRQHandler
                0x08004150                EXTI15_10_IRQHandler
                0x08004150                SPI2_IRQHandler
                0x08004150                MemManage_Handler
                0x08004150                SVC_Handler
                0x08004150                EXTI4_IRQHandler
                0x08004150                USB_LP_CAN1_RX0_IRQHandler
                0x08004150                USB_HP_CAN1_TX_IRQHandler
                0x08004150                DMA1_Channel3_IRQHandler
                0x08004150                FSMC_IRQHandler
                0x08004150                TIM1_UP_IRQHandler
                0x08004150                WWDG_IRQHandler
                0x08004150                TIM1_BRK_IRQHandler
                0x08004150                EXTI1_IRQHandler
                0x08004150                RTCAlarm_IRQHandler
                0x08004150                DMA2_Channel4_5_IRQHandler
                0x08004150                I2C2_ER_IRQHandler
                0x08004150                DMA1_Channel2_IRQHandler
                0x08004150                TIM8_BRK_IRQHandler
                0x08004150                CAN1_SCE_IRQHandler
                0x08004150                FLASH_IRQHandler
                0x08004150                BusFault_Handler
                0x08004150                SPI3_IRQHandler
                0x08004150                I2C1_ER_IRQHandler
                0x08004150                USBWakeUp_IRQHandler
 .text.get_uid  0x08004158       0x44 ..\obj\chipher.o
                0x08004158                get_uid
 .text.lcd8544_senddata
                0x0800419c       0x1c ..\obj\f10x-pcd8544.o
                0x0800419c                lcd8544_senddata
 .text.lcd8544_dma_refresh
                0x080041b8       0x88 ..\obj\f10x-pcd8544.o
                0x080041b8                lcd8544_dma_refresh
 .text.init_spi3
                0x08004240       0x90 ..\obj\f10x-pcd8544.o
                0x08004240                init_spi3
 .text.SPI3Send
                0x080042d0       0x30 ..\obj\f10x-pcd8544.o
                0x080042d0                SPI3Send
 .text.PWR_BackupAccessCmd
                0x08004300       0x20 ..\obj\stm32f10x_pwr.o
                0x08004300                PWR_BackupAccessCmd
 .text.disk_initialize
                0x08004320       0x40 ..\obj\diskio.o
                0x08004320                disk_initialize
 .text.disk_status
                0x08004360       0x34 ..\obj\diskio.o
                0x08004360                disk_status
 .text.disk_read
                0x08004394       0x7c ..\obj\diskio.o
                0x08004394                disk_read
 .text.disk_write
                0x08004410       0x74 ..\obj\diskio.o
                0x08004410                disk_write
 .text.disk_ioctl
                0x08004484       0x9c ..\obj\diskio.o
                0x08004484                disk_ioctl
 .text.get_fattime
                0x08004520       0x10 ..\obj\diskio.o
                0x08004520                get_fattime
 .text.PChar    0x08004530      0x208 ..\obj\GFXC.o
                0x08004530                PChar
 .text.PStr     0x08004738      0x100 ..\obj\GFXC.o
                0x08004738                PStr
 .text.PNum     0x08004838      0x91c ..\obj\GFXC.o
                0x08004838                PNum
 .text.drawBMPfromFlash
                0x08005154       0xe0 ..\obj\GFXC.o
                0x08005154                drawBMPfromFlash
 .text.drawBMPfromFlashUseDMA
                0x08005234      0x14c ..\obj\GFXC.o
                0x08005234                drawBMPfromFlashUseDMA
 .text.color_lcd_battary_voltage_update
                0x08005380      0x1c8 ..\obj\GFXC.o
                0x08005380                color_lcd_battary_voltage_update
 .text.color_lcd_health_update
                0x08005548       0xb4 ..\obj\GFXC.o
                0x08005548                color_lcd_health_update
 .text.color_lcd_rounds_update
                0x080055fc       0xb4 ..\obj\GFXC.o
                0x080055fc                color_lcd_rounds_update
 .text.color_lcd_clips_update
                0x080056b0       0xb4 ..\obj\GFXC.o
                0x080056b0                color_lcd_clips_update
 .text.color_lcd_time_update
                0x08005764      0x134 ..\obj\GFXC.o
                0x08005764                color_lcd_time_update
 .text.color_lcd_fire_mode_update
                0x08005898       0xd8 ..\obj\GFXC.o
                0x08005898                color_lcd_fire_mode_update
 .text.GPIO_Init
                0x08005970      0x178 ..\obj\stm32f10x_gpio.o
                0x08005970                GPIO_Init
 .text.GPIO_StructInit
                0x08005ae8       0x28 ..\obj\stm32f10x_gpio.o
                0x08005ae8                GPIO_StructInit
 .text.GPIO_ReadInputDataBit
                0x08005b10       0x34 ..\obj\stm32f10x_gpio.o
                0x08005b10                GPIO_ReadInputDataBit
 .text.GPIO_ReadOutputDataBit
                0x08005b44       0x34 ..\obj\stm32f10x_gpio.o
                0x08005b44                GPIO_ReadOutputDataBit
 .text.GPIO_SetBits
                0x08005b78       0x1c ..\obj\stm32f10x_gpio.o
                0x08005b78                GPIO_SetBits
 .text.GPIO_ResetBits
                0x08005b94       0x1c ..\obj\stm32f10x_gpio.o
                0x08005b94                GPIO_ResetBits
 .text.GPIO_PinRemapConfig
                0x08005bb0       0xe0 ..\obj\stm32f10x_gpio.o
                0x08005bb0                GPIO_PinRemapConfig
 .text.GPIO_EXTILineConfig
                0x08005c90       0x7c ..\obj\stm32f10x_gpio.o
                0x08005c90                GPIO_EXTILineConfig
 .text.NVIC_EnableIRQ
                0x08005d0c       0x30 ..\obj\ILI9163.o
 .text.NVIC_SetPriority
                0x08005d3c       0x54 ..\obj\ILI9163.o
 .text.Delay    0x08005d90       0x24 ..\obj\ILI9163.o
                0x08005d90                Delay
 .text.SB       0x08005db4       0x3c ..\obj\ILI9163.o
                0x08005db4                SB
 .text.SW       0x08005df0       0x44 ..\obj\ILI9163.o
                0x08005df0                SW
 .text.SetAddr  0x08005e34       0x7c ..\obj\ILI9163.o
                0x08005e34                SetAddr
 .text.SetAddrForRotate90
                0x08005eb0       0x7c ..\obj\ILI9163.o
                0x08005eb0                SetAddrForRotate90
 .text.SetScrn  0x08005f2c       0x4c ..\obj\ILI9163.o
                0x08005f2c                SetScrn
 .text.FillRect
                0x08005f78       0x98 ..\obj\ILI9163.o
                0x08005f78                FillRect
 .text.ClrScrn  0x08006010       0x44 ..\obj\ILI9163.o
                0x08006010                ClrScrn
 .text.InvMode  0x08006054       0x28 ..\obj\ILI9163.o
                0x08006054                InvMode
 .text.ILI9163Init
                0x0800607c      0x148 ..\obj\ILI9163.o
                0x0800607c                ILI9163Init
 .text.init_dma_to_color_lcd
                0x080061c4       0x84 ..\obj\ILI9163.o
                0x080061c4                init_dma_to_color_lcd
 .text.color_lcd_dma_refresh
                0x08006248       0x74 ..\obj\ILI9163.o
                0x08006248                color_lcd_dma_refresh
 .text.init_spi3_to_color_lcd
                0x080062bc       0x94 ..\obj\ILI9163.o
                0x080062bc                init_spi3_to_color_lcd
 .text.DAC_Init
                0x08006350       0x64 ..\obj\stm32f10x_dac.o
                0x08006350                DAC_Init
 .text.DAC_Cmd  0x080063b4       0x48 ..\obj\stm32f10x_dac.o
                0x080063b4                DAC_Cmd
 .text.NVIC_EnableIRQ
                0x080063fc       0x30 ..\obj\main.o
 .text.NVIC_SetPriority
                0x0800642c       0x54 ..\obj\main.o
 .text.main     0x08006480      0x56c ..\obj\main.o
                0x08006480                main
 .text.BluetoothTask
                0x080069ec      0x208 ..\obj\main.o
                0x080069ec                BluetoothTask
 .text.Zone1task
                0x08006bf4       0x6c ..\obj\main.o
                0x08006bf4                Zone1task
 .text.Zone2task
                0x08006c60       0x6c ..\obj\main.o
                0x08006c60                Zone2task
 .text.Zone3task
                0x08006ccc       0x6c ..\obj\main.o
                0x08006ccc                Zone3task
 .text.Zone4task
                0x08006d38       0x6c ..\obj\main.o
                0x08006d38                Zone4task
 .text.vTaskLED1
                0x08006da4      0x1d0 ..\obj\main.o
                0x08006da4                vTaskLED1
 .text.vTaskLED2
                0x08006f74      0x118 ..\obj\main.o
                0x08006f74                vTaskLED2
 .text.Wav_Player_Manager
                0x0800708c      0x158 ..\obj\main.o
                0x0800708c                Wav_Player_Manager
 .text.Wav_Player
                0x080071e4      0x15c ..\obj\main.o
                0x080071e4                Wav_Player
 .text.init_dma
                0x08007340       0xf8 ..\obj\main.o
                0x08007340                init_dma
 .text.init_dma_to_spi2
                0x08007438       0x84 ..\obj\main.o
                0x08007438                init_dma_to_spi2
 .text.startSPI2
                0x080074bc       0x2c ..\obj\main.o
                0x080074bc                startSPI2
 .text.DMA1_Channel5_IRQHandler
                0x080074e8       0x48 ..\obj\main.o
                0x080074e8                DMA1_Channel5_IRQHandler
 .text.DMA2_Channel3_IRQHandler
                0x08007530       0x64 ..\obj\main.o
                0x08007530                DMA2_Channel3_IRQHandler
 .text.DMA2_Channel2_IRQHandler
                0x08007594       0x50 ..\obj\main.o
                0x08007594                DMA2_Channel2_IRQHandler
 .text.wave_playback
                0x080075e4      0x46c ..\obj\main.o
                0x080075e4                wave_playback
 .text.get_zone_buffer_bit
                0x08007a50       0xf4 ..\obj\main.o
                0x08007a50                get_zone_buffer_bit
 .text.set_zone_buffer_bit
                0x08007b44      0x1bc ..\obj\main.o
                0x08007b44                set_zone_buffer_bit
 .text.init_var
                0x08007d00      0x1e4 ..\obj\main.o
                0x08007d00                init_var
 .text.set_player_id
                0x08007ee4       0x30 ..\obj\main.o
                0x08007ee4                set_player_id
 .text.set_team_color
                0x08007f14       0x40 ..\obj\main.o
                0x08007f14                set_team_color
 .text.set_gun_damage
                0x08007f54       0x40 ..\obj\main.o
                0x08007f54                set_gun_damage
 .text.get_keyboard_status
                0x08007f94       0x2c ..\obj\main.o
                0x08007f94                get_keyboard_status
 .text.test_keyboard
                0x08007fc0       0xb0 ..\obj\main.o
                0x08007fc0                test_keyboard
 .text.get_reload_key_status
                0x08008070       0x2c ..\obj\main.o
                0x08008070                get_reload_key_status
 .text.test_reload_key
                0x0800809c       0xb0 ..\obj\main.o
                0x0800809c                test_reload_key
 .text.get_ir_message_from_buffer
                0x0800814c      0x124 ..\obj\main.o
                0x0800814c                get_ir_message_from_buffer
 .text.get_packet_value
                0x08008270      0x180 ..\obj\main.o
                0x08008270                get_packet_value
 .text.stopWavPlayer
                0x080083f0       0x44 ..\obj\main.o
                0x080083f0                stopWavPlayer
 .text.bt_hit_processing
                0x08008434       0xec ..\obj\main.o
                0x08008434                bt_hit_processing
 .text.hit_processing
                0x08008520      0x178 ..\obj\main.o
                0x08008520                hit_processing
 .text.message_processing
                0x08008698      0x238 ..\obj\main.o
                0x08008698                message_processing
 .text.get_settings_from_ini_file
                0x080088d0       0x58 ..\obj\main.o
                0x080088d0                get_settings_from_ini_file
 .text.parsing_string
                0x08008928      0x274 ..\obj\main.o
                0x08008928                parsing_string
 .text.get_parameter_index
                0x08008b9c       0x64 ..\obj\main.o
                0x08008b9c                get_parameter_index
 .text.save_parameters_to_sd_card
                0x08008c00       0xac ..\obj\main.o
                0x08008c00                save_parameters_to_sd_card
 .text.read_parameters_from_sd_card
                0x08008cac       0x68 ..\obj\main.o
                0x08008cac                read_parameters_from_sd_card
 .text.send_set_at_command
                0x08008d14       0xa4 ..\obj\main.o
                0x08008d14                send_set_at_command
 .text.send_test_at_command
                0x08008db8       0x8c ..\obj\main.o
                0x08008db8                send_test_at_command
 .text.configure_bluetooth
                0x08008e44      0x51c ..\obj\main.o
                0x08008e44                configure_bluetooth
 .text.bt_set_at_commands_mode
                0x08009360       0x30 ..\obj\main.o
                0x08009360                bt_set_at_commands_mode
 .text.bt_reset
                0x08009390       0x28 ..\obj\main.o
                0x08009390                bt_reset
 .text.ADC1_2_IRQHandler
                0x080093b8       0x3c ..\obj\main.o
                0x080093b8                ADC1_2_IRQHandler
 .text.EXTI9_5_IRQHandler
                0x080093f4       0x34 ..\obj\main.o
                0x080093f4                EXTI9_5_IRQHandler
 .text.test_fire_mode_switch
                0x08009428       0x3c ..\obj\main.o
                0x08009428                test_fire_mode_switch
 .text.BKPinit  0x08009464       0x20 ..\obj\main.o
                0x08009464                BKPinit
 .text.RTC_Init
                0x08009484       0x48 ..\obj\main.o
                0x08009484                RTC_Init
 .text.RTC_IRQHandler
                0x080094cc       0x1c ..\obj\main.o
                0x080094cc                RTC_IRQHandler
 .text.FtimeToCounter
                0x080094e8      0x120 ..\obj\main.o
                0x080094e8                FtimeToCounter
 .text.CounterToFtime
                0x08009608      0x19c ..\obj\main.o
                0x08009608                CounterToFtime
 .text.bandana_all_sensors_set_color_vibro
                0x080097a4       0x5c ..\obj\bandana.o
                0x080097a4                bandana_all_sensors_set_color_vibro
 .text.RCC_ADCCLKConfig
                0x08009800       0x38 ..\obj\stm32f10x_rcc.o
                0x08009800                RCC_ADCCLKConfig
 .text.RCC_LSEConfig
                0x08009838       0x40 ..\obj\stm32f10x_rcc.o
                0x08009838                RCC_LSEConfig
 .text.RCC_RTCCLKConfig
                0x08009878       0x24 ..\obj\stm32f10x_rcc.o
                0x08009878                RCC_RTCCLKConfig
 .text.RCC_RTCCLKCmd
                0x0800989c       0x20 ..\obj\stm32f10x_rcc.o
                0x0800989c                RCC_RTCCLKCmd
 .text.RCC_GetClocksFreq
                0x080098bc      0x164 ..\obj\stm32f10x_rcc.o
                0x080098bc                RCC_GetClocksFreq
 .text.RCC_AHBPeriphClockCmd
                0x08009a20       0x3c ..\obj\stm32f10x_rcc.o
                0x08009a20                RCC_AHBPeriphClockCmd
 .text.RCC_APB2PeriphClockCmd
                0x08009a5c       0x3c ..\obj\stm32f10x_rcc.o
                0x08009a5c                RCC_APB2PeriphClockCmd
 .text.RCC_APB1PeriphClockCmd
                0x08009a98       0x3c ..\obj\stm32f10x_rcc.o
                0x08009a98                RCC_APB1PeriphClockCmd
 .text.RCC_APB2PeriphResetCmd
                0x08009ad4       0x3c ..\obj\stm32f10x_rcc.o
                0x08009ad4                RCC_APB2PeriphResetCmd
 .text.RCC_APB1PeriphResetCmd
                0x08009b10       0x3c ..\obj\stm32f10x_rcc.o
                0x08009b10                RCC_APB1PeriphResetCmd
 .text.RCC_GetFlagStatus
                0x08009b4c       0x74 ..\obj\stm32f10x_rcc.o
                0x08009b4c                RCC_GetFlagStatus
 .text.display_clear_screen
                0x08009bc0       0x38 ..\obj\display.o
                0x08009bc0                display_clear_screen
 .text.display_init
                0x08009bf8        0xc ..\obj\display.o
                0x08009bf8                display_init
 .text.display_put_string
                0x08009c04       0xac ..\obj\display.o
                0x08009c04                display_put_string
 .text.display_show_logo
                0x08009cb0       0x24 ..\obj\display.o
                0x08009cb0                display_show_logo
 .text.display_show_guns_picture
                0x08009cd4       0x50 ..\obj\display.o
                0x08009cd4                display_show_guns_picture
 .text.display_show_bluetooth_icon
                0x08009d24       0x40 ..\obj\display.o
                0x08009d24                display_show_bluetooth_icon
 .text.display_hide_bluetooth_icon
                0x08009d64       0x48 ..\obj\display.o
                0x08009d64                display_hide_bluetooth_icon
 .text.display_update_bluetooth_status
                0x08009dac       0x24 ..\obj\display.o
                0x08009dac                display_update_bluetooth_status
 .text.display_standard_symbol_height
                0x08009dd0       0x10 ..\obj\display.o
                0x08009dd0                display_standard_symbol_height
 .text.display_standard_symbol_width
                0x08009de0       0x10 ..\obj\display.o
                0x08009de0                display_standard_symbol_width
 .text.display_vertical_screen_resolution
                0x08009df0       0x10 ..\obj\display.o
                0x08009df0                display_vertical_screen_resolution
 .text.display_show_heart_picture
                0x08009e00       0x98 ..\obj\display.o
                0x08009e00                display_show_heart_picture
 .text.display_update_time
                0x08009e98       0x1c ..\obj\display.o
                0x08009e98                display_update_time
 .text.display_update_health
                0x08009eb4        0xc ..\obj\display.o
                0x08009eb4                display_update_health
 .text.display_update_rounds
                0x08009ec0        0xc ..\obj\display.o
                0x08009ec0                display_update_rounds
 .text.display_update_clips
                0x08009ecc        0xc ..\obj\display.o
                0x08009ecc                display_update_clips
 .text.display_update_battary_voltage
                0x08009ed8       0x3c ..\obj\display.o
                0x08009ed8                display_update_battary_voltage
 .text.display_init_gui
                0x08009f14       0x88 ..\obj\display.o
                0x08009f14                display_init_gui
 .text.display_update_fire_mode_status
                0x08009f9c       0x18 ..\obj\display.o
                0x08009f9c                display_update_fire_mode_status
 .text.display_backlight_on
                0x08009fb4       0x14 ..\obj\display.o
                0x08009fb4                display_backlight_on
 .text.display_show_game_over_picture
                0x08009fc8       0x50 ..\obj\display.o
                0x08009fc8                display_show_game_over_picture
 .text.get_int_argument_value
                0x0800a018       0xb8 ..\obj\slots.o
                0x0800a018                get_int_argument_value
 .text.get_word_argument_value
                0x0800a0d0       0xb8 ..\obj\slots.o
                0x0800a0d0                get_word_argument_value
 .text.get_double_word_argument_value
                0x0800a188       0xb0 ..\obj\slots.o
                0x0800a188                get_double_word_argument_value
 .text.char_to_int
                0x0800a238       0x78 ..\obj\slots.o
                0x0800a238                char_to_int
 .text.trim     0x0800a2b0       0xd0 ..\obj\slots.o
                0x0800a2b0                trim
 .text.trim_mac_adress
                0x0800a380       0x5c ..\obj\slots.o
                0x0800a380                trim_mac_adress
 .text.convert_mac_adress
                0x0800a3dc       0x50 ..\obj\slots.o
                0x0800a3dc                convert_mac_adress
 .text.get_string_argument_value
                0x0800a42c       0x48 ..\obj\slots.o
                0x0800a42c                get_string_argument_value
 .text.EXTI_Init
                0x0800a474       0xdc ..\obj\stm32f10x_exti.o
                0x0800a474                EXTI_Init
 .text.EXTI_ClearFlag
                0x0800a550       0x1c ..\obj\stm32f10x_exti.o
                0x0800a550                EXTI_ClearFlag
 .text.xTaskGenericCreate
                0x0800a56c      0x148 ..\obj\tasks.o
                0x0800a56c                xTaskGenericCreate
 .text.vTaskDelay
                0x0800a6b4       0x8c ..\obj\tasks.o
                0x0800a6b4                vTaskDelay
 .text.vTaskStartScheduler
                0x0800a740       0x5c ..\obj\tasks.o
                0x0800a740                vTaskStartScheduler
 .text.vTaskSuspendAll
                0x0800a79c       0x1c ..\obj\tasks.o
                0x0800a79c                vTaskSuspendAll
 .text.xTaskResumeAll
                0x0800a7b8      0x100 ..\obj\tasks.o
                0x0800a7b8                xTaskResumeAll
 .text.xTaskGetTickCount
                0x0800a8b8       0x24 ..\obj\tasks.o
                0x0800a8b8                xTaskGetTickCount
 .text.vTaskIncrementTick
                0x0800a8dc       0xdc ..\obj\tasks.o
                0x0800a8dc                vTaskIncrementTick
 .text.vTaskSwitchContext
                0x0800a9b8       0x94 ..\obj\tasks.o
                0x0800a9b8                vTaskSwitchContext
 .text.vTaskPlaceOnEventList
                0x0800aa4c       0x98 ..\obj\tasks.o
                0x0800aa4c                vTaskPlaceOnEventList
 .text.xTaskRemoveFromEventList
                0x0800aae4       0xac ..\obj\tasks.o
                0x0800aae4                xTaskRemoveFromEventList
 .text.vTaskSetTimeOutState
                0x0800ab90       0x2c ..\obj\tasks.o
                0x0800ab90                vTaskSetTimeOutState
 .text.xTaskCheckForTimeOut
                0x0800abbc       0x88 ..\obj\tasks.o
                0x0800abbc                xTaskCheckForTimeOut
 .text.vTaskMissedYield
                0x0800ac44       0x18 ..\obj\tasks.o
                0x0800ac44                vTaskMissedYield
 .text.prvIdleTask
                0x0800ac5c       0x20 ..\obj\tasks.o
 .text.prvInitialiseTCBVariables
                0x0800ac7c       0x6c ..\obj\tasks.o
 .text.prvInitialiseTaskLists
                0x0800ace8       0x7c ..\obj\tasks.o
 .text.prvCheckTasksWaitingTermination
                0x0800ad64       0x84 ..\obj\tasks.o
 .text.prvAllocateTCBAndStack
                0x0800ade8       0x64 ..\obj\tasks.o
 .text.prvDeleteTCB
                0x0800ae4c       0x20 ..\obj\tasks.o
 .text.xTaskGetCurrentTaskHandle
                0x0800ae6c       0x20 ..\obj\tasks.o
                0x0800ae6c                xTaskGetCurrentTaskHandle
 .text.vTaskPriorityInherit
                0x0800ae8c       0xa4 ..\obj\tasks.o
                0x0800ae8c                vTaskPriorityInherit
 .text.vTaskPriorityDisinherit
                0x0800af30       0x7c ..\obj\tasks.o
                0x0800af30                vTaskPriorityDisinherit
 .text.ADC_Init
                0x0800afac       0xa4 ..\obj\stm32f10x_adc.o
                0x0800afac                ADC_Init
 .text.ADC_Cmd  0x0800b050       0x38 ..\obj\stm32f10x_adc.o
                0x0800b050                ADC_Cmd
 .text.ADC_DMACmd
                0x0800b088       0x38 ..\obj\stm32f10x_adc.o
                0x0800b088                ADC_DMACmd
 .text.ADC_ResetCalibration
                0x0800b0c0       0x20 ..\obj\stm32f10x_adc.o
                0x0800b0c0                ADC_ResetCalibration
 .text.ADC_GetResetCalibrationStatus
                0x0800b0e0       0x30 ..\obj\stm32f10x_adc.o
                0x0800b0e0                ADC_GetResetCalibrationStatus
 .text.ADC_StartCalibration
                0x0800b110       0x20 ..\obj\stm32f10x_adc.o
                0x0800b110                ADC_StartCalibration
 .text.ADC_GetCalibrationStatus
                0x0800b130       0x30 ..\obj\stm32f10x_adc.o
                0x0800b130                ADC_GetCalibrationStatus
 .text.ADC_SoftwareStartConvCmd
                0x0800b160       0x38 ..\obj\stm32f10x_adc.o
                0x0800b160                ADC_SoftwareStartConvCmd
 .text.ADC_RegularChannelConfig
                0x0800b198      0x188 ..\obj\stm32f10x_adc.o
                0x0800b198                ADC_RegularChannelConfig
 .text.ADC_TempSensorVrefintCmd
                0x0800b320       0x38 ..\obj\stm32f10x_adc.o
                0x0800b320                ADC_TempSensorVrefintCmd
 .text.ADC_GetFlagStatus
                0x0800b358       0x34 ..\obj\stm32f10x_adc.o
                0x0800b358                ADC_GetFlagStatus
 .text.ADC_ClearFlag
                0x0800b38c       0x20 ..\obj\stm32f10x_adc.o
                0x0800b38c                ADC_ClearFlag
 .text.gun_on_trigger_pressing
                0x0800b3ac      0x2b4 ..\obj\gun.o
                0x0800b3ac                gun_on_trigger_pressing
 .text.gun_on_reload_pressing
                0x0800b660       0xcc ..\obj\gun.o
                0x0800b660                gun_on_reload_pressing
 .text.send_ir_shot_package
                0x0800b72c       0x3c ..\obj\gun.o
                0x0800b72c                send_ir_shot_package
 .text.USART_DeInit
                0x0800b768       0xb8 ..\obj\stm32f10x_usart.o
                0x0800b768                USART_DeInit
 .text.USART_Init
                0x0800b820      0x174 ..\obj\stm32f10x_usart.o
                0x0800b820                USART_Init
 .text.USART_StructInit
                0x0800b994       0x38 ..\obj\stm32f10x_usart.o
                0x0800b994                USART_StructInit
 .text.USART_Cmd
                0x0800b9cc       0x40 ..\obj\stm32f10x_usart.o
                0x0800b9cc                USART_Cmd
 .text.USART_ITConfig
                0x0800ba0c       0x90 ..\obj\stm32f10x_usart.o
                0x0800ba0c                USART_ITConfig
 .text.USART_SendData
                0x0800ba9c       0x24 ..\obj\stm32f10x_usart.o
                0x0800ba9c                USART_SendData
 .text.USART_ReceiveData
                0x0800bac0       0x20 ..\obj\stm32f10x_usart.o
                0x0800bac0                USART_ReceiveData
 .text.USART_GetITStatus
                0x0800bae0       0xb0 ..\obj\stm32f10x_usart.o
                0x0800bae0                USART_GetITStatus
 .text.USART_ClearITPendingBit
                0x0800bb90       0x38 ..\obj\stm32f10x_usart.o
                0x0800bb90                USART_ClearITPendingBit
 .text.TIM2_IRQHandler
                0x0800bbc8      0x2c8 ..\obj\tim_isr.o
                0x0800bbc8                TIM2_IRQHandler
 .text.TIM3_IRQHandler
                0x0800be90      0x2ac ..\obj\tim_isr.o
                0x0800be90                TIM3_IRQHandler
 .text.TIM4_IRQHandler
                0x0800c13c      0x2ac ..\obj\tim_isr.o
                0x0800c13c                TIM4_IRQHandler
 .text.TIM5_IRQHandler
                0x0800c3e8      0x2b4 ..\obj\tim_isr.o
                0x0800c3e8                TIM5_IRQHandler
 .text.TIM7_IRQHandler
                0x0800c69c      0x220 ..\obj\tim_isr.o
                0x0800c69c                TIM7_IRQHandler
 .text.TIM8_CC_IRQHandler
                0x0800c8bc       0x2c ..\obj\tim_isr.o
                0x0800c8bc                TIM8_CC_IRQHandler
 .text.TIM8_UP_IRQHandler
                0x0800c8e8       0xf4 ..\obj\tim_isr.o
                0x0800c8e8                TIM8_UP_IRQHandler
 .text.test1    0x0800c9dc       0x18 ..\obj\menu.o
                0x0800c9dc                test1
 .text.test2    0x0800c9f4       0x18 ..\obj\menu.o
                0x0800c9f4                test2
 .text.test3    0x0800ca0c       0x1c ..\obj\menu.o
                0x0800ca0c                test3
 .text.show_menu
                0x0800ca28      0x4a4 ..\obj\menu.o
                0x0800ca28                show_menu
 .text.show_settings_page
                0x0800cecc      0x9fc ..\obj\menu.o
                0x0800cecc                show_settings_page
 .text.init_item_list
                0x0800d8c8       0x60 ..\obj\menu.o
                0x0800d8c8                init_item_list
 .text.init_sett_list
                0x0800d928       0x78 ..\obj\menu.o
                0x0800d928                init_sett_list
 .text.init_clock_sett_list
                0x0800d9a0       0x6c ..\obj\menu.o
                0x0800d9a0                init_clock_sett_list
 .text.init_ir_sett_list
                0x0800da0c       0x6c ..\obj\menu.o
                0x0800da0c                init_ir_sett_list
 .text.sett_list_reset
                0x0800da78       0x3c ..\obj\menu.o
                0x0800da78                sett_list_reset
 .text.add_menu_item
                0x0800dab4       0x34 ..\obj\menu.o
                0x0800dab4                add_menu_item
 .text.add_setting_item
                0x0800dae8       0x34 ..\obj\menu.o
                0x0800dae8                add_setting_item
 .text.show_main_menu
                0x0800db1c       0x14 ..\obj\menu.o
                0x0800db1c                show_main_menu
 .text.int_to_str
                0x0800db30       0xd4 ..\obj\menu.o
                0x0800db30                int_to_str
 .text.long_int_to_str
                0x0800dc04       0xd4 ..\obj\menu.o
                0x0800dc04                long_int_to_str
 .text.vListInitialise
                0x0800dcd8       0x40 ..\obj\list.o
                0x0800dcd8                vListInitialise
 .text.vListInitialiseItem
                0x0800dd18       0x18 ..\obj\list.o
                0x0800dd18                vListInitialiseItem
 .text.vListInsertEnd
                0x0800dd30       0x50 ..\obj\list.o
                0x0800dd30                vListInsertEnd
 .text.vListInsert
                0x0800dd80       0x70 ..\obj\list.o
                0x0800dd80                vListInsert
 .text.vListRemove
                0x0800ddf0       0x50 ..\obj\list.o
                0x0800ddf0                vListRemove
 .text.xQueueCreate
                0x0800de40       0xb8 ..\obj\queue.o
                0x0800de40                xQueueCreate
 .text.xQueueGenericSend
                0x0800def8      0x10c ..\obj\queue.o
                0x0800def8                xQueueGenericSend
 .text.xQueueGenericSendFromISR
                0x0800e004       0x80 ..\obj\queue.o
                0x0800e004                xQueueGenericSendFromISR
 .text.xQueueGenericReceive
                0x0800e084      0x16c ..\obj\queue.o
                0x0800e084                xQueueGenericReceive
 .text.prvCopyDataToQueue
                0x0800e1f0       0xb8 ..\obj\queue.o
 .text.prvCopyDataFromQueue
                0x0800e2a8       0x4c ..\obj\queue.o
 .text.prvUnlockQueue
                0x0800e2f4       0x98 ..\obj\queue.o
 .text.prvIsQueueEmpty
                0x0800e38c       0x2c ..\obj\queue.o
 .text.prvIsQueueFull
                0x0800e3b8       0x30 ..\obj\queue.o
 .text.pxPortInitialiseStack
                0x0800e3e8       0x54 ..\obj\port.o
                0x0800e3e8                pxPortInitialiseStack
 .text.vPortSVCHandler
                0x0800e43c       0x20 ..\obj\port.o
                0x0800e43c                vPortSVCHandler
 .text.vPortStartFirstTask
                0x0800e45c       0x10 ..\obj\port.o
                0x0800e45c                vPortStartFirstTask
 .text.xPortStartScheduler
                0x0800e46c       0x38 ..\obj\port.o
                0x0800e46c                xPortStartScheduler
 .text.vPortYieldFromISR
                0x0800e4a4       0x18 ..\obj\port.o
                0x0800e4a4                vPortYieldFromISR
 .text.vPortEnterCritical
                0x0800e4bc       0x24 ..\obj\port.o
                0x0800e4bc                vPortEnterCritical
 .text.vPortExitCritical
                0x0800e4e0       0x2c ..\obj\port.o
                0x0800e4e0                vPortExitCritical
 .text.xPortPendSVHandler
                0x0800e50c       0x3c ..\obj\port.o
                0x0800e50c                xPortPendSVHandler
 .text.xPortSysTickHandler
                0x0800e548       0x30 ..\obj\port.o
                0x0800e548                xPortSysTickHandler
 .text.prvSetupTimerInterrupt
                0x0800e578       0x24 ..\obj\port.o
 .text.game_over
                0x0800e59c       0x6c ..\obj\game.o
                0x0800e59c                game_over
 .text.game_start_new
                0x0800e608       0x9c ..\obj\game.o
                0x0800e608                game_start_new
 .text.SDIO_DeInit
                0x0800e6a4       0x4c ..\obj\stm32f10x_sdio.o
                0x0800e6a4                SDIO_DeInit
 .text.SDIO_Init
                0x0800e6f0       0x5c ..\obj\stm32f10x_sdio.o
                0x0800e6f0                SDIO_Init
 .text.SDIO_ClockCmd
                0x0800e74c       0x20 ..\obj\stm32f10x_sdio.o
                0x0800e74c                SDIO_ClockCmd
 .text.SDIO_SetPowerState
                0x0800e76c       0x30 ..\obj\stm32f10x_sdio.o
                0x0800e76c                SDIO_SetPowerState
 .text.SDIO_GetPowerState
                0x0800e79c       0x1c ..\obj\stm32f10x_sdio.o
                0x0800e79c                SDIO_GetPowerState
 .text.SDIO_ITConfig
                0x0800e7b8       0x3c ..\obj\stm32f10x_sdio.o
                0x0800e7b8                SDIO_ITConfig
 .text.SDIO_DMACmd
                0x0800e7f4       0x20 ..\obj\stm32f10x_sdio.o
                0x0800e7f4                SDIO_DMACmd
 .text.SDIO_SendCommand
                0x0800e814       0x58 ..\obj\stm32f10x_sdio.o
                0x0800e814                SDIO_SendCommand
 .text.SDIO_GetCommandResponse
                0x0800e86c       0x18 ..\obj\stm32f10x_sdio.o
                0x0800e86c                SDIO_GetCommandResponse
 .text.SDIO_GetResponse
                0x0800e884       0x28 ..\obj\stm32f10x_sdio.o
                0x0800e884                SDIO_GetResponse
 .text.SDIO_DataConfig
                0x0800e8ac       0x5c ..\obj\stm32f10x_sdio.o
                0x0800e8ac                SDIO_DataConfig
 .text.SDIO_ReadData
                0x0800e908       0x18 ..\obj\stm32f10x_sdio.o
                0x0800e908                SDIO_ReadData
 .text.SDIO_WriteData
                0x0800e920       0x20 ..\obj\stm32f10x_sdio.o
                0x0800e920                SDIO_WriteData
 .text.SDIO_GetFlagStatus
                0x0800e940       0x34 ..\obj\stm32f10x_sdio.o
                0x0800e940                SDIO_GetFlagStatus
 .text.SDIO_ClearFlag
                0x0800e974       0x1c ..\obj\stm32f10x_sdio.o
                0x0800e974                SDIO_ClearFlag
 .text.mem_cpy  0x0800e990       0x3c ..\obj\ff.o
 .text.mem_set  0x0800e9cc       0x34 ..\obj\ff.o
 .text.mem_cmp  0x0800ea00       0x50 ..\obj\ff.o
 .text.chk_chr  0x0800ea50       0x38 ..\obj\ff.o
 .text.move_window
                0x0800ea88       0xbc ..\obj\ff.o
 .text.sync     0x0800eb44      0x14c ..\obj\ff.o
 .text.clust2sect
                0x0800ec90       0x3c ..\obj\ff.o
                0x0800ec90                clust2sect
 .text.get_fat  0x0800eccc      0x154 ..\obj\ff.o
                0x0800eccc                get_fat
 .text.put_fat  0x0800ee20      0x1f4 ..\obj\ff.o
                0x0800ee20                put_fat
 .text.remove_chain
                0x0800f014       0x9c ..\obj\ff.o
 .text.create_chain
                0x0800f0b0      0x118 ..\obj\ff.o
 .text.dir_sdi  0x0800f1c8      0x100 ..\obj\ff.o
 .text.dir_next
                0x0800f2c8      0x1a8 ..\obj\ff.o
 .text.dir_find
                0x0800f470       0x94 ..\obj\ff.o
 .text.dir_register
                0x0800f504       0xac ..\obj\ff.o
 .text.create_name
                0x0800f5b0      0x20c ..\obj\ff.o
 .text.follow_path
                0x0800f7bc       0xf0 ..\obj\ff.o
 .text.check_fs
                0x0800f8ac       0xc0 ..\obj\ff.o
 .text.chk_mounted
                0x0800f96c      0x51c ..\obj\ff.o
 .text.validate
                0x0800fe88       0x4c ..\obj\ff.o
 .text.f_mount  0x0800fed4       0x54 ..\obj\ff.o
                0x0800fed4                f_mount
 .text.f_open   0x0800ff28      0x2d4 ..\obj\ff.o
                0x0800ff28                f_open
 .text.f_read   0x080101fc      0x2c0 ..\obj\ff.o
                0x080101fc                f_read
 .text.f_write  0x080104bc      0x318 ..\obj\ff.o
                0x080104bc                f_write
 .text.f_sync   0x080107d4      0x184 ..\obj\ff.o
                0x080107d4                f_sync
 .text.f_close  0x08010958       0x28 ..\obj\ff.o
                0x08010958                f_close
 .text.f_lseek  0x08010980      0x2b4 ..\obj\ff.o
                0x08010980                f_lseek
 .text.f_gets   0x08010c34       0x70 ..\obj\ff.o
                0x08010c34                f_gets
 .text.DMA_DeInit
                0x08010ca4      0x178 ..\obj\stm32f10x_dma.o
                0x08010ca4                DMA_DeInit
 .text.DMA_Init
                0x08010e1c       0x7c ..\obj\stm32f10x_dma.o
                0x08010e1c                DMA_Init
 .text.DMA_Cmd  0x08010e98       0x38 ..\obj\stm32f10x_dma.o
                0x08010e98                DMA_Cmd
 .text.DMA_ITConfig
                0x08010ed0       0x3c ..\obj\stm32f10x_dma.o
                0x08010ed0                DMA_ITConfig
 .text.DMA_SetCurrDataCounter
                0x08010f0c       0x1c ..\obj\stm32f10x_dma.o
                0x08010f0c                DMA_SetCurrDataCounter
 .text.DMA_GetFlagStatus
                0x08010f28       0x54 ..\obj\stm32f10x_dma.o
                0x08010f28                DMA_GetFlagStatus
 .text.DMA_ClearFlag
                0x08010f7c       0x34 ..\obj\stm32f10x_dma.o
                0x08010f7c                DMA_ClearFlag
 .text.NVIC_Init
                0x08010fb0       0xc0 ..\obj\misc.o
                0x08010fb0                NVIC_Init
 .text.SPI_I2S_DeInit
                0x08011070       0x74 ..\obj\stm32f10x_spi.o
                0x08011070                SPI_I2S_DeInit
 .text.SPI_Init
                0x080110e4       0x88 ..\obj\stm32f10x_spi.o
                0x080110e4                SPI_Init
 .text.SPI_Cmd  0x0801116c       0x40 ..\obj\stm32f10x_spi.o
                0x0801116c                SPI_Cmd
 .text.SPI_I2S_DMACmd
                0x080111ac       0x48 ..\obj\stm32f10x_spi.o
                0x080111ac                SPI_I2S_DMACmd
 .text.SPI_I2S_SendData
                0x080111f4       0x1c ..\obj\stm32f10x_spi.o
                0x080111f4                SPI_I2S_SendData
 .text.SPI_NSSInternalSoftwareConfig
                0x08011210       0x44 ..\obj\stm32f10x_spi.o
                0x08011210                SPI_NSSInternalSoftwareConfig
 .text.SPI_I2S_GetFlagStatus
                0x08011254       0x38 ..\obj\stm32f10x_spi.o
                0x08011254                SPI_I2S_GetFlagStatus
 .text.NVIC_EnableIRQ
                0x0801128c       0x30 ..\obj\hardware_init.o
 .text.NVIC_SetPriority
                0x080112bc       0x54 ..\obj\hardware_init.o
 .text.init_spi2
                0x08011310       0xb0 ..\obj\hardware_init.o
                0x08011310                init_spi2
 .text.init_timer
                0x080113c0       0x64 ..\obj\hardware_init.o
                0x080113c0                init_timer
 .text.init_dac
                0x08011424       0x58 ..\obj\hardware_init.o
                0x08011424                init_dac
 .text.DMA_for_ADC_Init
                0x0801147c       0x74 ..\obj\hardware_init.o
                0x0801147c                DMA_for_ADC_Init
 .text.init_adc_for_multiscan
                0x080114f0       0xf8 ..\obj\hardware_init.o
                0x080114f0                init_adc_for_multiscan
 .text.init_pwm_TIM4
                0x080115e8      0x100 ..\obj\hardware_init.o
                0x080115e8                init_pwm_TIM4
 .text.init_pwm_TIM3
                0x080116e8       0xf8 ..\obj\hardware_init.o
                0x080116e8                init_pwm_TIM3
 .text.init_pwm
                0x080117e0       0xc0 ..\obj\hardware_init.o
                0x080117e0                init_pwm
 .text.init_pwm_TIM2
                0x080118a0      0x120 ..\obj\hardware_init.o
                0x080118a0                init_pwm_TIM2
 .text.init_pwm_TIM5
                0x080119c0      0x100 ..\obj\hardware_init.o
                0x080119c0                init_pwm_TIM5
 .text.init_TIM7
                0x08011ac0       0x6c ..\obj\hardware_init.o
                0x08011ac0                init_TIM7
 .text.init_pwm_TIM8
                0x08011b2c       0x9c ..\obj\hardware_init.o
                0x08011b2c                init_pwm_TIM8
 .text.pvPortMalloc
                0x08011bc8      0x148 ..\obj\heap_2.o
                0x08011bc8                pvPortMalloc
 .text.vPortFree
                0x08011d10       0x70 ..\obj\heap_2.o
                0x08011d10                vPortFree
 .text.BKP_WriteBackupRegister
                0x08011d80       0x34 ..\obj\stm32f10x_bkp.o
                0x08011d80                BKP_WriteBackupRegister
 .text.BKP_ReadBackupRegister
                0x08011db4       0x30 ..\obj\stm32f10x_bkp.o
                0x08011db4                BKP_ReadBackupRegister
 .text.NVIC_EnableIRQ
                0x08011de4       0x30 ..\obj\usart.o
 .text.NVIC_SetPriority
                0x08011e14       0x54 ..\obj\usart.o
 .text.USART1_IRQHandler
                0x08011e68      0x160 ..\obj\usart.o
                0x08011e68                USART1_IRQHandler
 .text.USART2_IRQHandler
                0x08011fc8       0x50 ..\obj\usart.o
                0x08011fc8                USART2_IRQHandler
 .text.InitCOM1
                0x08012018       0xb0 ..\obj\usart.o
                0x08012018                InitCOM1
 .text.USART1_FlushTxBuf
                0x080120c8       0x2c ..\obj\usart.o
                0x080120c8                USART1_FlushTxBuf
 .text.USART1_PutChar
                0x080120f4       0x78 ..\obj\usart.o
                0x080120f4                USART1_PutChar
 .text.USART1_FlushRxBuf
                0x0801216c       0x40 ..\obj\usart.o
                0x0801216c                USART1_FlushRxBuf
 .text.USART1_SendStr
                0x080121ac       0x2c ..\obj\usart.o
                0x080121ac                USART1_SendStr
 .text.USART1_GetChar
                0x080121d8       0x5c ..\obj\usart.o
                0x080121d8                USART1_GetChar
 .text.USART1_GetRxCount
                0x08012234       0x18 ..\obj\usart.o
                0x08012234                USART1_GetRxCount
 .text.memchr   0x0801224c       0x94 d:/armtools/bin/../lib/gcc/arm-none-eabi/4.8.3/../../../../arm-none-eabi/lib/armv7-m\libg.a(lib_a-memchr-stub.o)
                0x0801224c                memchr
 .text          0x080122e0       0xec d:/armtools/bin/../lib/gcc/arm-none-eabi/4.8.3/../../../../arm-none-eabi/lib/armv7-m\libg.a(lib_a-memcpy.o)
                0x080122e0                memcpy
 .text.critical_factorization
                0x080123cc       0xbc d:/armtools/bin/../lib/gcc/arm-none-eabi/4.8.3/../../../../arm-none-eabi/lib/armv7-m\libg.a(lib_a-memmem.o)
 .text.two_way_long_needle
                0x08012488      0x1e4 d:/armtools/bin/../lib/gcc/arm-none-eabi/4.8.3/../../../../arm-none-eabi/lib/armv7-m\libg.a(lib_a-memmem.o)
 .text.memmem   0x0801266c      0x1c4 d:/armtools/bin/../lib/gcc/arm-none-eabi/4.8.3/../../../../arm-none-eabi/lib/armv7-m\libg.a(lib_a-memmem.o)
                0x0801266c                memmem
 .text.memmove  0x08012830       0xcc d:/armtools/bin/../lib/gcc/arm-none-eabi/4.8.3/../../../../arm-none-eabi/lib/armv7-m\libg.a(lib_a-memmove.o)
                0x08012830                memmove
 .text.memset   0x080128fc       0x94 d:/armtools/bin/../lib/gcc/arm-none-eabi/4.8.3/../../../../arm-none-eabi/lib/armv7-m\libg.a(lib_a-memset.o)
                0x080128fc                memset
 .text.strlen   0x08012990       0x60 d:/armtools/bin/../lib/gcc/arm-none-eabi/4.8.3/../../../../arm-none-eabi/lib/armv7-m\libg.a(lib_a-strlen.o)
                0x08012990                strlen
 .text.strncpy  0x080129f0       0x64 d:/armtools/bin/../lib/gcc/arm-none-eabi/4.8.3/../../../../arm-none-eabi/lib/armv7-m\libg.a(lib_a-strncpy.o)
                0x080129f0                strncpy
 .text.memcmp   0x08012a54       0x68 d:/armtools/bin/../lib/gcc/arm-none-eabi/4.8.3/../../../../arm-none-eabi/lib/armv7-m\libg.a(lib_a-memcmp.o)
                0x08012a54                memcmp
 *(.init)
 *(.fini)
 *crtbegin.o(.ctors)
 *crtbegin?.o(.ctors)
 *(EXCLUDE_FILE(*crtend.o *crtend?.o) .ctors)
 *(SORT(.ctors.*))
 *(.ctors)
 *crtbegin.o(.dtors)
 *crtbegin?.o(.dtors)
 *(EXCLUDE_FILE(*crtend.o *crtend?.o) .dtors)
 *(SORT(.dtors.*))
 *(.dtors)
 *(.rodata*)
 .rodata        0x08012abc      0x2b0 ..\obj\GFXC.o
                0x08012abc                Chars
                0x08012ca4                ST
                0x08012cf0                January
                0x08012cf8                February
                0x08012d00                March
                0x08012d08                April
                0x08012d10                May
                0x08012d14                June
                0x08012d1c                July
                0x08012d24                August
                0x08012d2c                September
                0x08012d34                October
                0x08012d3c                November
                0x08012d44                December
 .rodata        0x08012d6c      0x430 ..\obj\main.o
                0x08012d6c                parameter_0
                0x08012d78                parameter_1
                0x08012d80                parameter_2
                0x08012d98                parameter_3
                0x08012dac                parameter_4
                0x08012dbc                parameter_5
                0x08012dcc                parameter_6
                0x08012dd4                parameter_7
                0x08012de4                parameter_8
                0x08012df4                parameter_9
                0x08012dfc                parameter_10
                0x08012e08                parameter_11
                0x08012e10                parameter_12
                0x08012e2c                parameter_13
                0x08012e44                parameter_14
                0x08012e50                parameter_15
                0x08012e58                parameter_16
                0x08012e70                parameter_17
                0x08012e84                parameter_18
                0x08012e90                parameter_19
                0x08012eac                parameter_20
                0x08012ec0                parameter_21
                0x08012ed0                parameter_22
                0x08012ee0                parameter_23
                0x08012ef0                parameter_24
                0x08012f00                parameter_25
                0x08012f18                parameter_26
                0x08012f2c                at_name
                0x08012f34                at_bind
                0x08012f3c                at_uart
                0x08012f44                at_role
                0x08012f4c                at_cmode
                0x08012f58                at_pswd
                0x08012f60                battary_img
                0x08012fc8                damage_value
                0x08013038                index_to_color
                0x0801312c                item_pos
 .rodata        0x0801319c        0x8 ..\obj\tasks.o
 .rodata        0x080131a4      0x21c ..\obj\menu.o
                0x080131a4                menu_item_1
                0x080131bc                menu_item_2
                0x080131d4                menu_item_3
                0x080131ec                menu_item_4
                0x08013204                main_menu_header_text
                0x08013214                sett_page_header_text
                0x08013224                clock_page_header_text
                0x08013234                ir_page_header_text
                0x08013244                ir_setting_item_1
                0x0801326c                ir_setting_item_2
                0x08013294                setting_item_1
                0x080132bc                setting_item_2
                0x080132e4                setting_item_3
                0x0801330c                setting_item_4
                0x08013334                setting_item_5
                0x0801335c                setting_clock_hour_item
                0x08013384                setting_clock_minute_item
                0x080133b4                numbers
 .rodata        0x080133c0       0x10 ..\obj\ff.o
 .rodata        0x080133d0    0x22e80 ..\obj\global_variables.o
                0x080133d0                guns
                0x0801b3d0                batt_long_level_0
                0x0801bdd0                batt_long_level_1
                0x0801c7d0                batt_long_level_2
                0x0801d1d0                batt_long_level_3
                0x0801dbd0                batt_long_level_4
                0x0801e5d0                batt_long_level_5
                0x0801efd0                gerb_pic
                0x08026fd0                heart_1
                0x08028470                heart_2
                0x08029910                heart_3
                0x0802adb0                heart_4
                0x0802c250                bullet
                0x0802ccd0                bluetooth1
                0x0802d0d0                clip_2
                0x0802e250                game_over_pic
 *(.eh_fram e*)

.glue_7         0x08036250        0x0
 .glue_7        0x00000000        0x0 linker stubs

.glue_7t        0x08036250        0x0
 .glue_7t       0x00000000        0x0 linker stubs

.vfp11_veneer   0x08036250        0x0
 .vfp11_veneer  0x00000000        0x0 linker stubs

.v4_bx          0x08036250        0x0
 .v4_bx         0x00000000        0x0 linker stubs

.iplt           0x08036250        0x0
 .iplt          0x00000000        0x0 ..\obj\bluetooth.o

.rel.dyn        0x08036250        0x0
 .rel.iplt      0x00000000        0x0 ..\obj\bluetooth.o

.ARM.extab
 *(.ARM.extab* .gnu.linkonce.armextab.*)
                0x08036250                __exidx_start = .

.ARM.exidx
 *(.ARM.exidx* .gnu.linkonce.armexidx.*)
                0x08036250                __exidx_end = .
                0x08036250                __etext = .
                0x08036250                _sidata = __etext

.data           0x20000000       0xf0 load address 0x08036250
                0x20000000                __data_start__ = .
                0x20000000                _sdata = __data_start__
 *(vtable)
 *(.data*)
 .data          0x20000000        0x8 ..\obj\sdio_sd.o
                0x20000004                TransferError
 .data          0x20000008       0x14 ..\obj\system_stm32f10x.o
                0x20000008                SystemCoreClock
                0x2000000c                AHBPrescTable
 .data          0x2000001c        0x4 ..\obj\chipher.o
 .data          0x20000020       0x48 ..\obj\GFXC.o
                0x20000020                monthsNamesPointers
 .data          0x20000068       0x70 ..\obj\main.o
                0x20000068                parametersPointers
                0x200000d4                Status
 .data          0x200000d8       0x14 ..\obj\stm32f10x_rcc.o
 .data          0x200000ec        0x4 ..\obj\port.o
                0x200000f0                . = ALIGN (0x4)
                0x200000f0                PROVIDE (__preinit_array_start, .)
 *(.preinit_array)
                0x200000f0                PROVIDE (__preinit_array_end, .)
                0x200000f0                . = ALIGN (0x4)
                0x200000f0                PROVIDE (__init_array_start, .)
 *(SORT(.init_array.*))
 *(.init_array)
                0x200000f0                PROVIDE (__init_array_end, .)
                0x200000f0                . = ALIGN (0x4)
                0x200000f0                PROVIDE (__fini_array_start, .)
 *(SORT(.fini_array.*))
 *(.fini_array)
                0x200000f0                PROVIDE (__fini_array_end, .)
 *(.jcr*)
                0x200000f0                . = ALIGN (0x4)
                0x200000f0                __data_end__ = .
                0x200000f0                _edata = __data_end__

.igot.plt       0x200000f0        0x0 load address 0x08036340
 .igot.plt      0x00000000        0x0 ..\obj\bluetooth.o

.bss            0x200000f0     0xdb80 load address 0x08036340
                0x200000f0                . = ALIGN (0x4)
                0x200000f0                __bss_start__ = .
                0x200000f0                _sbss = __bss_start__
 *(.bss*)
 .bss           0x200000f0       0x30 ..\obj\bluetooth.o
                0x200000f0                bt_header_received
                0x200000f2                bit_in_bt_rx_buff
 .bss           0x20000120       0x38 ..\obj\sdio_sd.o
                0x20000150                TransferEnd
                0x20000154                NumberOfBytes
 .bss           0x20000158       0x4c ..\obj\GFXC.o
 .bss           0x200001a4       0x1c ..\obj\main.o
                0x200001a4                MSec
 .bss           0x200001c0        0xc ..\obj\display.o
 .bss           0x200001cc      0x164 ..\obj\tasks.o
                0x200001cc                pxCurrentTCB
 .bss           0x20000330       0x24 ..\obj\tim_isr.o
 .bss           0x20000354       0x10 ..\obj\menu.o
 .bss           0x20000364        0x8 ..\obj\ff.o
 *fill*         0x2000036c        0x4 
 .bss           0x20000370     0xc818 ..\obj\heap_2.o
 .bss           0x2000cb88        0xc ..\obj\usart.o
                0x2000cb88                usart1_txBufTail
                0x2000cb89                usart1_txBufHead
                0x2000cb8a                usart1_txCount
                0x2000cb8b                usart1_rxBufTail
                0x2000cb8c                usart1_rxBufHead
                0x2000cb8d                usart1_rxCount
 *(COMMON)
 COMMON         0x2000cb94       0x60 ..\obj\bluetooth.o
                0x2000cb94                bt_rx_packet
                0x2000cb98                hit_in_processing
                0x2000cba0                bt_rx_buffer
                0x2000cbc8                message_in_processing
 COMMON         0x2000cbf4       0x9c ..\obj\sdio_sd.o
                0x2000cbf4                SDIO_CmdInitStructure
                0x2000cc08                DestBuffer
                0x2000cc0c                SDCardInfo
                0x2000cc5c                SDIO_InitStructure
                0x2000cc74                SDIO_DataInitStructure
                0x2000cc8c                SrcBuffer
 COMMON         0x2000cc90      0x9f8 ..\obj\main.o
                0x2000cc90                writeBuffer
                0x2000ccd0                fs
                0x2000cf00                read_sektor_res
                0x2000cf04                br
                0x2000cf08                readBuffer
                0x2000d008                DAC_Buff
                0x2000d408                fsrc
                0x2000d62c                DMA_to_SPI_InitStructure
                0x2000d658                res
                0x2000d65c                DMA_InitStructure
 COMMON         0x2000d688       0x5c ..\obj\menu.o
                0x2000d688                sett_page
                0x2000d698                new_ir_power_offset_value
                0x2000d69a                new_ir_power_value
                0x2000d69c                new_year_value
                0x2000d6a0                item_list
                0x2000d6b8                main_menu
                0x2000d6c8                new_month_value
                0x2000d6c9                new_day_value
                0x2000d6cc                sett_item_list
 COMMON         0x2000d6e4      0x387 ..\obj\global_variables.o
                0x2000d6e4                bt_configured
                0x2000d6e5                Zone4RxEvent
                0x2000d6e8                timer7
                0x2000d6f4                xKeysSemaphore
                0x2000d6f8                Zone1RxEvent
                0x2000d6f9                safe_counter
                0x2000d6fc                xWavPlayerManagerSemaphore
                0x2000d700                xUsart1Semaphore
                0x2000d704                timer2
                0x2000d70e                tim3_rec_state
                0x2000d70f                Zone2RxEvent
                0x2000d710                xHitSemaphore
                0x2000d714                xSoundBuffTCSemaphore
                0x2000d718                armadaSystem
                0x2000d894                xZone4Semaphore
                0x2000d898                ir_tx_buffer_cursor
                0x2000d89e                tim4_ir_rx_count
                0x2000d8a0                zone3_rx_buffer
                0x2000d8c8                xEventQueue
                0x2000d8cc                request_text
                0x2000d8dc                xWavPlayerSemaphore
                0x2000d8e0                xSoundBuffHTSemaphore
                0x2000d8e4                countdown_shock_time
                0x2000d8e8                xZone1Semaphore
                0x2000d8ec                rx_buffer
                0x2000d914                key_pressing_duration
                0x2000d920                timer8
                0x2000d92c                tx_buffer
                0x2000d954                xSDcardLockSemaphore
                0x2000d958                xGameOverSemaphore
                0x2000d95c                cr_received
                0x2000d960                timer8_PWM
                0x2000d970                game_status
                0x2000d974                xBluetoothSemaphore
                0x2000d978                last_fire_mode
                0x2000d97a                tim2_ir_rx_count
                0x2000d97c                timer5
                0x2000d986                counter
                0x2000d988                timer4
                0x2000d994                ADC_values
                0x2000d99c                keyboard_event
                0x2000d9a0                xPlayWavSoundSemaphore
                0x2000d9a4                reload_key_event
                0x2000d9a5                Zone3RxEvent
                0x2000d9a8                xColorLCD_DMA_Semaphore
                0x2000d9ac                xZone2Semaphore
                0x2000d9b0                xColorLCDSemaphore
                0x2000d9b4                zone4_rx_buffer
                0x2000d9dc                tim5_ir_rx_count
                0x2000d9de                tim4_rec_state
                0x2000d9df                hit_now_processing
                0x2000d9e0                xZoneSemaphore
                0x2000d9e4                curr_fire_mode
                0x2000d9e8                timer3_PWM
                0x2000d9f8                screen_auto_refresh
                0x2000d9fc                zone1_rx_buffer
                0x2000da24                date
                0x2000da2c                zone2_rx_buffer
                0x2000da54                timer3
                0x2000da5e                tim2_rec_state
                0x2000da60                xZone3Semaphore
                0x2000da64                sensors
                0x2000da68                tim3_ir_rx_count
                0x2000da6a                tim5_rec_state
 *fill*         0x2000da6b        0x1 
 COMMON         0x2000da6c      0x204 ..\obj\usart.o
                0x2000da6c                usart1_RxBuf
                0x2000db6c                usartData
                0x2000db70                usart1_TxBuf
                0x2000dc70                . = ALIGN (0x4)
                0x2000dc70                __bss_end__ = .
                0x2000dc70                _ebss = __bss_end__

.heap           0x2000dc70        0x0
                0x2000dc70                __end__ = .
                0x2000dc70                _end = __end__
                0x2000dc70                end = __end__
 *(.heap*)
                0x2000dc70                __HeapLimit = .

.co_stack       0x2000dc70      0x400 load address 0x08043ec0
                0x2000dc70                . = ALIGN (0x8)
 *(.co_stack .co_stack.*)
 .co_stack      0x2000dc70      0x400 ..\obj\startup_stm32f10x_hd.o
                0x2000dc70                pulStack
                0x20010000                __StackTop = (ORIGIN (ram) + 0x10000)
                0x2000fc00                __StackLimit = (__StackTop - SIZEOF (.co_stack))
                0x20010000                PROVIDE (__stack, __StackTop)
                0x00000001                ASSERT ((__StackLimit >= __HeapLimit), region ram  overflowed with stack)
LOAD ..\obj\bluetooth.o
LOAD ..\obj\stm32f10x_rtc.o
LOAD ..\obj\stm32f10x_tim.o
LOAD ..\obj\bluetooth_modul.o
LOAD ..\obj\core_cm3.o
LOAD ..\obj\sdio_sd.o
LOAD ..\obj\system_stm32f10x.o
LOAD ..\obj\startup_stm32f10x_hd.o
LOAD ..\obj\chipher.o
LOAD ..\obj\f10x-pcd8544.o
LOAD ..\obj\common.o
LOAD ..\obj\stm32f10x_pwr.o
LOAD ..\obj\diskio.o
LOAD ..\obj\GFXC.o
LOAD ..\obj\stm32f10x_gpio.o
LOAD ..\obj\ILI9163.o
LOAD ..\obj\stm32f10x_dac.o
LOAD ..\obj\main.o
LOAD ..\obj\network_tasks.o
LOAD ..\obj\bandana.o
LOAD ..\obj\stm32f10x_rcc.o
LOAD ..\obj\display.o
LOAD ..\obj\slots.o
LOAD ..\obj\stm32f10x_exti.o
LOAD ..\obj\tasks.o
LOAD ..\obj\rf_modul.o
LOAD ..\obj\stm32f10x_adc.o
LOAD ..\obj\gun.o
LOAD ..\obj\stm32f10x_usart.o
LOAD ..\obj\syscall.o
LOAD ..\obj\tim_isr.o
LOAD ..\obj\menu.o
LOAD ..\obj\scripting_engine.o
LOAD ..\obj\list.o
LOAD ..\obj\syscalls.o
LOAD ..\obj\network_low_level.o
LOAD ..\obj\queue.o
LOAD ..\obj\port.o
LOAD ..\obj\game.o
LOAD ..\obj\stm32f10x_sdio.o
LOAD ..\obj\ff.o
LOAD ..\obj\stm32f10x_dma.o
LOAD ..\obj\croutine.o
LOAD ..\obj\random.o
LOAD ..\obj\misc.o
LOAD ..\obj\si4432.o
LOAD ..\obj\stm32f10x_spi.o
LOAD ..\obj\hardware_init.o
LOAD ..\obj\heap_2.o
LOAD ..\obj\global_variables.o
LOAD ..\obj\stm32f10x_bkp.o
LOAD ..\obj\usart.o
LOAD d:/armtools/bin/../lib/gcc/arm-none-eabi/4.8.3/../../../../arm-none-eabi/lib/armv7-m\libm.a
START GROUP
LOAD d:/armtools/bin/../lib/gcc/arm-none-eabi/4.8.3/armv7-m\libgcc.a
LOAD d:/armtools/bin/../lib/gcc/arm-none-eabi/4.8.3/../../../../arm-none-eabi/lib/armv7-m\libg.a
LOAD d:/armtools/bin/../lib/gcc/arm-none-eabi/4.8.3/../../../../arm-none-eabi/lib/armv7-m\libc.a
END GROUP
OUTPUT(rtos.elf elf32-littlearm)

.debug_info     0x00000000    0x1a01a
 .debug_info    0x00000000      0xb9c ..\obj\bluetooth.o
 .debug_info    0x00000b9c      0x400 ..\obj\stm32f10x_rtc.o
 .debug_info    0x00000f9c     0x1c21 ..\obj\stm32f10x_tim.o
 .debug_info    0x00002bbd       0xeb ..\obj\bluetooth_modul.o
 .debug_info    0x00002ca8     0x14d0 ..\obj\sdio_sd.o
 .debug_info    0x00004178      0x413 ..\obj\system_stm32f10x.o
 .debug_info    0x0000458b       0xe9 ..\obj\startup_stm32f10x_hd.o
 .debug_info    0x00004674      0x260 ..\obj\chipher.o
 .debug_info    0x000048d4     0x16de ..\obj\f10x-pcd8544.o
 .debug_info    0x00005fb2      0x3fc ..\obj\stm32f10x_pwr.o
 .debug_info    0x000063ae      0x672 ..\obj\diskio.o
 .debug_info    0x00006a20     0x169b ..\obj\GFXC.o
 .debug_info    0x000080bb      0x6b0 ..\obj\stm32f10x_gpio.o
 .debug_info    0x0000876b      0xd28 ..\obj\ILI9163.o
 .debug_info    0x00009493      0x479 ..\obj\stm32f10x_dac.o
 .debug_info    0x0000990c     0x354a ..\obj\main.o
 .debug_info    0x0000ce56      0x181 ..\obj\bandana.o
 .debug_info    0x0000cfd7      0x856 ..\obj\stm32f10x_rcc.o
 .debug_info    0x0000d82d      0x764 ..\obj\display.o
 .debug_info    0x0000df91      0x364 ..\obj\slots.o
 .debug_info    0x0000e2f5      0x320 ..\obj\stm32f10x_exti.o
 .debug_info    0x0000e615      0xc32 ..\obj\tasks.o
 .debug_info    0x0000f247      0xb3d ..\obj\stm32f10x_adc.o
 .debug_info    0x0000fd84      0x981 ..\obj\gun.o
 .debug_info    0x00010705      0x9b1 ..\obj\stm32f10x_usart.o
 .debug_info    0x000110b6      0x8bf ..\obj\tim_isr.o
 .debug_info    0x00011975      0xf54 ..\obj\menu.o
 .debug_info    0x000128c9      0x27f ..\obj\list.o
 .debug_info    0x00012b48      0x766 ..\obj\queue.o
 .debug_info    0x000132ae      0x1af ..\obj\port.o
 .debug_info    0x0001345d      0x55a ..\obj\game.o
 .debug_info    0x000139b7      0x7bf ..\obj\stm32f10x_sdio.o
 .debug_info    0x00014176     0x1887 ..\obj\ff.o
 .debug_info    0x000159fd      0x447 ..\obj\stm32f10x_dma.o
 .debug_info    0x00015e44      0x4d3 ..\obj\misc.o
 .debug_info    0x00016317      0x8bc ..\obj\stm32f10x_spi.o
 .debug_info    0x00016bd3     0x1263 ..\obj\hardware_init.o
 .debug_info    0x00017e36      0x2a2 ..\obj\heap_2.o
 .debug_info    0x000180d8      0xda6 ..\obj\global_variables.o
 .debug_info    0x00018e7e      0x767 ..\obj\stm32f10x_bkp.o
 .debug_info    0x000195e5      0xa35 ..\obj\usart.o

.debug_abbrev   0x00000000     0x432d
 .debug_abbrev  0x00000000      0x23b ..\obj\bluetooth.o
 .debug_abbrev  0x0000023b      0x17e ..\obj\stm32f10x_rtc.o
 .debug_abbrev  0x000003b9      0x1b0 ..\obj\stm32f10x_tim.o
 .debug_abbrev  0x00000569       0x7f ..\obj\bluetooth_modul.o
 .debug_abbrev  0x000005e8      0x264 ..\obj\sdio_sd.o
 .debug_abbrev  0x0000084c      0x177 ..\obj\system_stm32f10x.o
 .debug_abbrev  0x000009c3       0xa7 ..\obj\startup_stm32f10x_hd.o
 .debug_abbrev  0x00000a6a       0xda ..\obj\chipher.o
 .debug_abbrev  0x00000b44      0x2b8 ..\obj\f10x-pcd8544.o
 .debug_abbrev  0x00000dfc      0x1ab ..\obj\stm32f10x_pwr.o
 .debug_abbrev  0x00000fa7      0x135 ..\obj\diskio.o
 .debug_abbrev  0x000010dc      0x309 ..\obj\GFXC.o
 .debug_abbrev  0x000013e5      0x1c8 ..\obj\stm32f10x_gpio.o
 .debug_abbrev  0x000015ad      0x251 ..\obj\ILI9163.o
 .debug_abbrev  0x000017fe      0x173 ..\obj\stm32f10x_dac.o
 .debug_abbrev  0x00001971      0x39b ..\obj\main.o
 .debug_abbrev  0x00001d0c       0xd8 ..\obj\bandana.o
 .debug_abbrev  0x00001de4      0x1ba ..\obj\stm32f10x_rcc.o
 .debug_abbrev  0x00001f9e      0x1c3 ..\obj\display.o
 .debug_abbrev  0x00002161      0x10f ..\obj\slots.o
 .debug_abbrev  0x00002270      0x151 ..\obj\stm32f10x_exti.o
 .debug_abbrev  0x000023c1      0x1cf ..\obj\tasks.o
 .debug_abbrev  0x00002590      0x198 ..\obj\stm32f10x_adc.o
 .debug_abbrev  0x00002728      0x190 ..\obj\gun.o
 .debug_abbrev  0x000028b8      0x162 ..\obj\stm32f10x_usart.o
 .debug_abbrev  0x00002a1a      0x199 ..\obj\tim_isr.o
 .debug_abbrev  0x00002bb3      0x2a5 ..\obj\menu.o
 .debug_abbrev  0x00002e58       0xba ..\obj\list.o
 .debug_abbrev  0x00002f12      0x16c ..\obj\queue.o
 .debug_abbrev  0x0000307e      0x109 ..\obj\port.o
 .debug_abbrev  0x00003187      0x126 ..\obj\game.o
 .debug_abbrev  0x000032ad      0x1af ..\obj\stm32f10x_sdio.o
 .debug_abbrev  0x0000345c      0x1f4 ..\obj\ff.o
 .debug_abbrev  0x00003650      0x155 ..\obj\stm32f10x_dma.o
 .debug_abbrev  0x000037a5      0x154 ..\obj\misc.o
 .debug_abbrev  0x000038f9      0x17e ..\obj\stm32f10x_spi.o
 .debug_abbrev  0x00003a77      0x1e0 ..\obj\hardware_init.o
 .debug_abbrev  0x00003c57      0x166 ..\obj\heap_2.o
 .debug_abbrev  0x00003dbd      0x169 ..\obj\global_variables.o
 .debug_abbrev  0x00003f26      0x172 ..\obj\stm32f10x_bkp.o
 .debug_abbrev  0x00004098      0x295 ..\obj\usart.o

.debug_aranges  0x00000000     0x1ad8
 .debug_aranges
                0x00000000       0x48 ..\obj\bluetooth.o
 .debug_aranges
                0x00000048       0x88 ..\obj\stm32f10x_rtc.o
 .debug_aranges
                0x000000d0      0x2f0 ..\obj\stm32f10x_tim.o
 .debug_aranges
                0x000003c0       0x28 ..\obj\bluetooth_modul.o
 .debug_aranges
                0x000003e8      0x138 ..\obj\sdio_sd.o
 .debug_aranges
                0x00000520       0x38 ..\obj\system_stm32f10x.o
 .debug_aranges
                0x00000558       0x28 ..\obj\startup_stm32f10x_hd.o
 .debug_aranges
                0x00000580       0x38 ..\obj\chipher.o
 .debug_aranges
                0x000005b8      0x108 ..\obj\f10x-pcd8544.o
 .debug_aranges
                0x000006c0       0x70 ..\obj\stm32f10x_pwr.o
 .debug_aranges
                0x00000730       0x48 ..\obj\diskio.o
 .debug_aranges
                0x00000778       0xc8 ..\obj\GFXC.o
 .debug_aranges
                0x00000840       0xa8 ..\obj\stm32f10x_gpio.o
 .debug_aranges
                0x000008e8       0xb8 ..\obj\ILI9163.o
 .debug_aranges
                0x000009a0       0x78 ..\obj\stm32f10x_dac.o
 .debug_aranges
                0x00000a18      0x240 ..\obj\main.o
 .debug_aranges
                0x00000c58       0x30 ..\obj\bandana.o
 .debug_aranges
                0x00000c88      0x118 ..\obj\stm32f10x_rcc.o
 .debug_aranges
                0x00000da0       0xd0 ..\obj\display.o
 .debug_aranges
                0x00000e70       0x58 ..\obj\slots.o
 .debug_aranges
                0x00000ec8       0x58 ..\obj\stm32f10x_exti.o
 .debug_aranges
                0x00000f20      0x118 ..\obj\tasks.o
 .debug_aranges
                0x00001038      0x138 ..\obj\stm32f10x_adc.o
 .debug_aranges
                0x00001170       0x30 ..\obj\gun.o
 .debug_aranges
                0x000011a0      0x100 ..\obj\stm32f10x_usart.o
 .debug_aranges
                0x000012a0       0x50 ..\obj\tim_isr.o
 .debug_aranges
                0x000012f0       0x90 ..\obj\menu.o
 .debug_aranges
                0x00001380       0x40 ..\obj\list.o
 .debug_aranges
                0x000013c0       0xa8 ..\obj\queue.o
 .debug_aranges
                0x00001468       0x70 ..\obj\port.o
 .debug_aranges
                0x000014d8       0x28 ..\obj\game.o
 .debug_aranges
                0x00001500      0x108 ..\obj\stm32f10x_sdio.o
 .debug_aranges
                0x00001608      0x178 ..\obj\ff.o
 .debug_aranges
                0x00001780       0x70 ..\obj\stm32f10x_dma.o
 .debug_aranges
                0x000017f0       0x40 ..\obj\misc.o
 .debug_aranges
                0x00001830       0xd0 ..\obj\stm32f10x_spi.o
 .debug_aranges
                0x00001900       0x90 ..\obj\hardware_init.o
 .debug_aranges
                0x00001990       0x38 ..\obj\heap_2.o
 .debug_aranges
                0x000019c8       0x18 ..\obj\global_variables.o
 .debug_aranges
                0x000019e0       0x78 ..\obj\stm32f10x_bkp.o
 .debug_aranges
                0x00001a58       0x80 ..\obj\usart.o

.debug_ranges   0x00000000     0x1840
 .debug_ranges  0x00000000       0x38 ..\obj\bluetooth.o
 .debug_ranges  0x00000038       0x78 ..\obj\stm32f10x_rtc.o
 .debug_ranges  0x000000b0      0x2e0 ..\obj\stm32f10x_tim.o
 .debug_ranges  0x00000390       0x18 ..\obj\bluetooth_modul.o
 .debug_ranges  0x000003a8      0x128 ..\obj\sdio_sd.o
 .debug_ranges  0x000004d0       0x28 ..\obj\system_stm32f10x.o
 .debug_ranges  0x000004f8       0x18 ..\obj\startup_stm32f10x_hd.o
 .debug_ranges  0x00000510       0x28 ..\obj\chipher.o
 .debug_ranges  0x00000538       0xf8 ..\obj\f10x-pcd8544.o
 .debug_ranges  0x00000630       0x60 ..\obj\stm32f10x_pwr.o
 .debug_ranges  0x00000690       0x38 ..\obj\diskio.o
 .debug_ranges  0x000006c8       0xb8 ..\obj\GFXC.o
 .debug_ranges  0x00000780       0x98 ..\obj\stm32f10x_gpio.o
 .debug_ranges  0x00000818       0xa8 ..\obj\ILI9163.o
 .debug_ranges  0x000008c0       0x68 ..\obj\stm32f10x_dac.o
 .debug_ranges  0x00000928      0x230 ..\obj\main.o
 .debug_ranges  0x00000b58       0x20 ..\obj\bandana.o
 .debug_ranges  0x00000b78      0x108 ..\obj\stm32f10x_rcc.o
 .debug_ranges  0x00000c80       0xc0 ..\obj\display.o
 .debug_ranges  0x00000d40       0x48 ..\obj\slots.o
 .debug_ranges  0x00000d88       0x48 ..\obj\stm32f10x_exti.o
 .debug_ranges  0x00000dd0      0x108 ..\obj\tasks.o
 .debug_ranges  0x00000ed8      0x128 ..\obj\stm32f10x_adc.o
 .debug_ranges  0x00001000       0x20 ..\obj\gun.o
 .debug_ranges  0x00001020       0xf0 ..\obj\stm32f10x_usart.o
 .debug_ranges  0x00001110       0x40 ..\obj\tim_isr.o
 .debug_ranges  0x00001150       0x80 ..\obj\menu.o
 .debug_ranges  0x000011d0       0x30 ..\obj\list.o
 .debug_ranges  0x00001200       0x98 ..\obj\queue.o
 .debug_ranges  0x00001298       0x60 ..\obj\port.o
 .debug_ranges  0x000012f8       0x18 ..\obj\game.o
 .debug_ranges  0x00001310       0xf8 ..\obj\stm32f10x_sdio.o
 .debug_ranges  0x00001408      0x168 ..\obj\ff.o
 .debug_ranges  0x00001570       0x60 ..\obj\stm32f10x_dma.o
 .debug_ranges  0x000015d0       0x30 ..\obj\misc.o
 .debug_ranges  0x00001600       0xc0 ..\obj\stm32f10x_spi.o
 .debug_ranges  0x000016c0       0x80 ..\obj\hardware_init.o
 .debug_ranges  0x00001740       0x28 ..\obj\heap_2.o
 .debug_ranges  0x00001768       0x68 ..\obj\stm32f10x_bkp.o
 .debug_ranges  0x000017d0       0x70 ..\obj\usart.o

.debug_line     0x00000000     0xcf18
 .debug_line    0x00000000      0x545 ..\obj\bluetooth.o
 .debug_line    0x00000545      0x2e9 ..\obj\stm32f10x_rtc.o
 .debug_line    0x0000082e      0xacf ..\obj\stm32f10x_tim.o
 .debug_line    0x000012fd      0x31c ..\obj\bluetooth_modul.o
 .debug_line    0x00001619      0xda3 ..\obj\sdio_sd.o
 .debug_line    0x000023bc      0x26c ..\obj\system_stm32f10x.o
 .debug_line    0x00002628       0xdf ..\obj\startup_stm32f10x_hd.o
 .debug_line    0x00002707      0x161 ..\obj\chipher.o
 .debug_line    0x00002868      0x7fa ..\obj\f10x-pcd8544.o
 .debug_line    0x00003062      0x2a9 ..\obj\stm32f10x_pwr.o
 .debug_line    0x0000330b      0x26e ..\obj\diskio.o
 .debug_line    0x00003579      0xac3 ..\obj\GFXC.o
 .debug_line    0x0000403c      0x403 ..\obj\stm32f10x_gpio.o
 .debug_line    0x0000443f      0x506 ..\obj\ILI9163.o
 .debug_line    0x00004945      0x33d ..\obj\stm32f10x_dac.o
 .debug_line    0x00004c82     0x1272 ..\obj\main.o
 .debug_line    0x00005ef4      0x21f ..\obj\bandana.o
 .debug_line    0x00006113      0x511 ..\obj\stm32f10x_rcc.o
 .debug_line    0x00006624      0x614 ..\obj\display.o
 .debug_line    0x00006c38      0x2a6 ..\obj\slots.o
 .debug_line    0x00006ede      0x2f9 ..\obj\stm32f10x_exti.o
 .debug_line    0x000071d7      0x750 ..\obj\tasks.o
 .debug_line    0x00007927      0x576 ..\obj\stm32f10x_adc.o
 .debug_line    0x00007e9d      0x441 ..\obj\gun.o
 .debug_line    0x000082de      0x4ee ..\obj\stm32f10x_usart.o
 .debug_line    0x000087cc      0x59c ..\obj\tim_isr.o
 .debug_line    0x00008d68      0x6ba ..\obj\menu.o
 .debug_line    0x00009422      0x25a ..\obj\list.o
 .debug_line    0x0000967c      0x47d ..\obj\queue.o
 .debug_line    0x00009af9      0x237 ..\obj\port.o
 .debug_line    0x00009d30      0x3d0 ..\obj\game.o
 .debug_line    0x0000a100      0x4a0 ..\obj\stm32f10x_sdio.o
 .debug_line    0x0000a5a0      0xeb0 ..\obj\ff.o
 .debug_line    0x0000b450      0x358 ..\obj\stm32f10x_dma.o
 .debug_line    0x0000b7a8      0x299 ..\obj\misc.o
 .debug_line    0x0000ba41      0x476 ..\obj\stm32f10x_spi.o
 .debug_line    0x0000beb7      0x550 ..\obj\hardware_init.o
 .debug_line    0x0000c407      0x19b ..\obj\heap_2.o
 .debug_line    0x0000c5a2      0x276 ..\obj\global_variables.o
 .debug_line    0x0000c818      0x2a5 ..\obj\stm32f10x_bkp.o
 .debug_line    0x0000cabd      0x45b ..\obj\usart.o

.debug_str      0x00000000     0x8ea9
 .debug_str     0x00000000      0xb2a ..\obj\bluetooth.o
                                0xc4c (size before relaxing)
 .debug_str     0x00000b2a      0x26b ..\obj\stm32f10x_rtc.o
                                0x3be (size before relaxing)
 .debug_str     0x00000d95      0xbbd ..\obj\stm32f10x_tim.o
                                0xdf9 (size before relaxing)
 .debug_str     0x00001952       0xda ..\obj\bluetooth_modul.o
                                0x2b9 (size before relaxing)
 .debug_str     0x00001a2c      0xe9e ..\obj\sdio_sd.o
                               0x109f (size before relaxing)
 .debug_str     0x000028ca      0x1b1 ..\obj\system_stm32f10x.o
                                0x308 (size before relaxing)
 .debug_str     0x00002a7b       0xed ..\obj\startup_stm32f10x_hd.o
                                0x18d (size before relaxing)
 .debug_str     0x00002b68       0xb0 ..\obj\chipher.o
                                0x24b (size before relaxing)
 .debug_str     0x00002c18      0x817 ..\obj\f10x-pcd8544.o
                               0x1066 (size before relaxing)
 .debug_str     0x0000342f      0x164 ..\obj\stm32f10x_pwr.o
                                0x32e (size before relaxing)
 .debug_str     0x00003593      0x109 ..\obj\diskio.o
                                0x80b (size before relaxing)
 .debug_str     0x0000369c      0x660 ..\obj\GFXC.o
                                0xd83 (size before relaxing)
 .debug_str     0x00003cfc      0x287 ..\obj\stm32f10x_gpio.o
                                0x535 (size before relaxing)
 .debug_str     0x00003f83      0x175 ..\obj\ILI9163.o
                                0xaca (size before relaxing)
 .debug_str     0x000040f8      0x260 ..\obj\stm32f10x_dac.o
                                0x3cb (size before relaxing)
 .debug_str     0x00004358      0xdf5 ..\obj\main.o
                               0x2a28 (size before relaxing)
 .debug_str     0x0000514d       0xfd ..\obj\bandana.o
                                0x270 (size before relaxing)
 .debug_str     0x0000524a      0x41f ..\obj\stm32f10x_rcc.o
                                0x636 (size before relaxing)
 .debug_str     0x00005669      0x340 ..\obj\display.o
                                0x72a (size before relaxing)
 .debug_str     0x000059a9      0x14e ..\obj\slots.o
                                0x29a (size before relaxing)
 .debug_str     0x00005af7      0x142 ..\obj\stm32f10x_exti.o
                                0x37a (size before relaxing)
 .debug_str     0x00005c39      0x75f ..\obj\tasks.o
                                0x92e (size before relaxing)
 .debug_str     0x00006398      0x4f8 ..\obj\stm32f10x_adc.o
                                0x717 (size before relaxing)
 .debug_str     0x00006890       0xbf ..\obj\gun.o
                                0x95d (size before relaxing)
 .debug_str     0x0000694f      0x452 ..\obj\stm32f10x_usart.o
                                0x6ac (size before relaxing)
 .debug_str     0x00006da1      0x117 ..\obj\tim_isr.o
                                0x824 (size before relaxing)
 .debug_str     0x00006eb8      0x44d ..\obj\menu.o
                                0xc4c (size before relaxing)
 .debug_str     0x00007305      0x118 ..\obj\list.o
                                0x2cd (size before relaxing)
 .debug_str     0x0000741d      0x376 ..\obj\queue.o
                                0x59c (size before relaxing)
 .debug_str     0x00007793      0x1a1 ..\obj\port.o
                                0x2a9 (size before relaxing)
 .debug_str     0x00007934       0x96 ..\obj\game.o
                                0x6a0 (size before relaxing)
 .debug_str     0x000079ca      0x316 ..\obj\stm32f10x_sdio.o
                                0x657 (size before relaxing)
 .debug_str     0x00007ce0      0x2d7 ..\obj\ff.o
                                0x6e5 (size before relaxing)
 .debug_str     0x00007fb7      0x17c ..\obj\stm32f10x_dma.o
                                0x3dd (size before relaxing)
 .debug_str     0x00008133      0x154 ..\obj\misc.o
                                0x3df (size before relaxing)
 .debug_str     0x00008287      0x2f5 ..\obj\stm32f10x_spi.o
                                0x619 (size before relaxing)
 .debug_str     0x0000857c      0x1bd ..\obj\hardware_init.o
                                0xf6a (size before relaxing)
 .debug_str     0x00008739      0x1cf ..\obj\heap_2.o
                                0x2f8 (size before relaxing)
 .debug_str     0x00008908       0xae ..\obj\global_variables.o
                                0xcb4 (size before relaxing)
 .debug_str     0x000089b6      0x367 ..\obj\stm32f10x_bkp.o
                                0x5d1 (size before relaxing)
 .debug_str     0x00008d1d      0x18c ..\obj\usart.o
                                0x9b8 (size before relaxing)
